   1              		.syntax unified
   2              		.cpu cortex-m3
   3              		.fpu softvfp
   4              		.eabi_attribute 20, 1
   5              		.eabi_attribute 21, 1
   6              		.eabi_attribute 23, 3
   7              		.eabi_attribute 24, 1
   8              		.eabi_attribute 25, 1
   9              		.eabi_attribute 26, 1
  10              		.eabi_attribute 30, 2
  11              		.eabi_attribute 18, 4
  12              		.thumb
  13              		.file	"Lib_Util.c"
  21              	.Ltext0:
  22              		.cfi_sections	.debug_frame
  23              		.section	.text.delay,"ax",%progbits
  24              		.align	2
  25              		.global	delay
  26              		.thumb
  27              		.thumb_func
  29              	delay:
  30              	.LFB0:
  31              		.file 1 "LIB/Lib_Util.c"
   1:LIB/Lib_Util.c **** //----------------------------------------------------------------------------
   2:LIB/Lib_Util.c **** //    프로그램명 	: Util 관련 함수
   3:LIB/Lib_Util.c **** //
   4:LIB/Lib_Util.c **** //    만든이     	: 
   5:LIB/Lib_Util.c **** //
   6:LIB/Lib_Util.c **** //    날  짜     	: 
   7:LIB/Lib_Util.c **** //    
   8:LIB/Lib_Util.c **** //    최종 수정  	: 
   9:LIB/Lib_Util.c **** //
  10:LIB/Lib_Util.c **** //    MPU_Type		:
  11:LIB/Lib_Util.c **** //
  12:LIB/Lib_Util.c **** //    파일명     	: Lib_Util.h
  13:LIB/Lib_Util.c **** //----------------------------------------------------------------------------
  14:LIB/Lib_Util.c **** 
  15:LIB/Lib_Util.c **** 
  16:LIB/Lib_Util.c **** 
  17:LIB/Lib_Util.c **** //----- 헤더파일 열기
  18:LIB/Lib_Util.c **** //
  19:LIB/Lib_Util.c **** #define  LIB_UTIL_LOCAL
  20:LIB/Lib_Util.c **** 
  21:LIB/Lib_Util.c **** #include "Lib_Util.h"
  22:LIB/Lib_Util.c **** 
  23:LIB/Lib_Util.c **** 
  24:LIB/Lib_Util.c **** 
  25:LIB/Lib_Util.c **** //-- 내부 선언
  26:LIB/Lib_Util.c **** //
  27:LIB/Lib_Util.c **** 
  28:LIB/Lib_Util.c **** 
  29:LIB/Lib_Util.c **** 
  30:LIB/Lib_Util.c **** //-- 내부 변수
  31:LIB/Lib_Util.c **** //
  32:LIB/Lib_Util.c **** 
  33:LIB/Lib_Util.c **** 
  34:LIB/Lib_Util.c **** 
  35:LIB/Lib_Util.c **** //-- 내부 함수
  36:LIB/Lib_Util.c **** //
  37:LIB/Lib_Util.c **** 
  38:LIB/Lib_Util.c **** 
  39:LIB/Lib_Util.c **** 
  40:LIB/Lib_Util.c **** 
  41:LIB/Lib_Util.c **** 
  42:LIB/Lib_Util.c **** 
  43:LIB/Lib_Util.c **** void delay(volatile unsigned int timeCount)
  44:LIB/Lib_Util.c **** {
  32              		.loc 1 44 0
  33              		.cfi_startproc
  34              		@ args = 0, pretend = 0, frame = 8
  35              		@ frame_needed = 0, uses_anonymous_args = 0
  36              		@ link register save eliminated.
  37              	.LVL0:
  38 0000 82B0     		sub	sp, sp, #8
  39              	.LCFI0:
  40              		.cfi_def_cfa_offset 8
  41 0002 0190     		str	r0, [sp, #4]
  42              	.L2:
  45:LIB/Lib_Util.c ****     while(timeCount --);
  43              		.loc 1 45 0 discriminator 1
  44 0004 019B     		ldr	r3, [sp, #4]
  45 0006 5A1E     		subs	r2, r3, #1
  46              	.LVL1:
  47 0008 0192     		str	r2, [sp, #4]
  48              	.LVL2:
  49 000a 002B     		cmp	r3, #0
  50 000c FAD1     		bne	.L2
  46:LIB/Lib_Util.c **** }
  51              		.loc 1 46 0
  52 000e 02B0     		add	sp, sp, #8
  53 0010 7047     		bx	lr
  54              		.cfi_endproc
  55              	.LFE0:
  57 0012 00BF     		.section	.text.delay_second,"ax",%progbits
  58              		.align	2
  59              		.global	delay_second
  60              		.thumb
  61              		.thumb_func
  63              	delay_second:
  64              	.LFB1:
  47:LIB/Lib_Util.c **** 
  48:LIB/Lib_Util.c **** void delay_second(void)
  49:LIB/Lib_Util.c **** {
  65              		.loc 1 49 0
  66              		.cfi_startproc
  67              		@ args = 0, pretend = 0, frame = 0
  68              		@ frame_needed = 0, uses_anonymous_args = 0
  69              		@ link register save eliminated.
  70              	.LBB4:
  71              	.LBB5:
  45:LIB/Lib_Util.c ****     while(timeCount --);
  72              		.loc 1 45 0
  73 0000 024A     		ldr	r2, .L10
  74              	.LVL3:
  75              	.L6:
  76 0002 531E     		subs	r3, r2, #1
  77 0004 023A     		subs	r2, r2, #2
  78              	.LVL4:
  79 0006 002B     		cmp	r3, #0
  80 0008 FBD1     		bne	.L6
  81              	.LBE5:
  82              	.LBE4:
  50:LIB/Lib_Util.c ****     delay(806596);
  51:LIB/Lib_Util.c **** }
  83              		.loc 1 51 0
  84 000a 7047     		bx	lr
  85              	.L11:
  86              		.align	2
  87              	.L10:
  88 000c C34E0C00 		.word	806595
  89              		.cfi_endproc
  90              	.LFE1:
  92              		.text
  93              	.Letext0:
DEFINED SYMBOLS
                            *ABS*:00000000 Lib_Util.c
C:\Users\CHOHAN~1\AppData\Local\Temp\cciWEamv.s:24     .text.delay:00000000 $t
C:\Users\CHOHAN~1\AppData\Local\Temp\cciWEamv.s:29     .text.delay:00000000 delay
C:\Users\CHOHAN~1\AppData\Local\Temp\cciWEamv.s:58     .text.delay_second:00000000 $t
C:\Users\CHOHAN~1\AppData\Local\Temp\cciWEamv.s:63     .text.delay_second:00000000 delay_second
C:\Users\CHOHAN~1\AppData\Local\Temp\cciWEamv.s:88     .text.delay_second:0000000c $d
                     .debug_frame:00000010 $d

NO UNDEFINED SYMBOLS
