Archive member included because of file (symbol)

/Users/imac/Develop/stm32f4/arm_gcc/gcc-arm-none-eabi-4_7-2013q3/bin/../lib/gcc/arm-none-eabi/4.7.4/../../../../arm-none-eabi/lib/armv7-m/libc.a(lib_a-errno.o)
                              Lb_Util.o (__errno)
/Users/imac/Develop/stm32f4/arm_gcc/gcc-arm-none-eabi-4_7-2013q3/bin/../lib/gcc/arm-none-eabi/4.7.4/../../../../arm-none-eabi/lib/armv7-m/libc.a(lib_a-impure.o)
                              /Users/imac/Develop/stm32f4/arm_gcc/gcc-arm-none-eabi-4_7-2013q3/bin/../lib/gcc/arm-none-eabi/4.7.4/../../../../arm-none-eabi/lib/armv7-m/libc.a(lib_a-errno.o) (_impure_ptr)
/Users/imac/Develop/stm32f4/arm_gcc/gcc-arm-none-eabi-4_7-2013q3/bin/../lib/gcc/arm-none-eabi/4.7.4/../../../../arm-none-eabi/lib/armv7-m/libc.a(lib_a-strtok.o)
                              Lb_Util.o (strtok)
/Users/imac/Develop/stm32f4/arm_gcc/gcc-arm-none-eabi-4_7-2013q3/bin/../lib/gcc/arm-none-eabi/4.7.4/../../../../arm-none-eabi/lib/armv7-m/libc.a(lib_a-strtok_r.o)
                              /Users/imac/Develop/stm32f4/arm_gcc/gcc-arm-none-eabi-4_7-2013q3/bin/../lib/gcc/arm-none-eabi/4.7.4/../../../../arm-none-eabi/lib/armv7-m/libc.a(lib_a-strtok.o) (__strtok_r)
/Users/imac/Develop/stm32f4/arm_gcc/gcc-arm-none-eabi-4_7-2013q3/bin/../lib/gcc/arm-none-eabi/4.7.4/../../../../arm-none-eabi/lib/armv7-m/libm.a(lib_a-w_atan2.o)
                              Hw_IMU.o (atan2)
/Users/imac/Develop/stm32f4/arm_gcc/gcc-arm-none-eabi-4_7-2013q3/bin/../lib/gcc/arm-none-eabi/4.7.4/../../../../arm-none-eabi/lib/armv7-m/libm.a(lib_a-e_atan2.o)
                              /Users/imac/Develop/stm32f4/arm_gcc/gcc-arm-none-eabi-4_7-2013q3/bin/../lib/gcc/arm-none-eabi/4.7.4/../../../../arm-none-eabi/lib/armv7-m/libm.a(lib_a-w_atan2.o) (__ieee754_atan2)
/Users/imac/Develop/stm32f4/arm_gcc/gcc-arm-none-eabi-4_7-2013q3/bin/../lib/gcc/arm-none-eabi/4.7.4/../../../../arm-none-eabi/lib/armv7-m/libm.a(lib_a-s_atan.o)
                              /Users/imac/Develop/stm32f4/arm_gcc/gcc-arm-none-eabi-4_7-2013q3/bin/../lib/gcc/arm-none-eabi/4.7.4/../../../../arm-none-eabi/lib/armv7-m/libm.a(lib_a-e_atan2.o) (atan)
/Users/imac/Develop/stm32f4/arm_gcc/gcc-arm-none-eabi-4_7-2013q3/bin/../lib/gcc/arm-none-eabi/4.7.4/../../../../arm-none-eabi/lib/armv7-m/libm.a(lib_a-s_fabs.o)
                              /Users/imac/Develop/stm32f4/arm_gcc/gcc-arm-none-eabi-4_7-2013q3/bin/../lib/gcc/arm-none-eabi/4.7.4/../../../../arm-none-eabi/lib/armv7-m/libm.a(lib_a-e_atan2.o) (fabs)
/Users/imac/Develop/stm32f4/arm_gcc/gcc-arm-none-eabi-4_7-2013q3/bin/../lib/gcc/arm-none-eabi/4.7.4/armv7-m/libgcc.a(_arm_addsubdf3.o)
                              /Users/imac/Develop/stm32f4/arm_gcc/gcc-arm-none-eabi-4_7-2013q3/bin/../lib/gcc/arm-none-eabi/4.7.4/../../../../arm-none-eabi/lib/armv7-m/libm.a(lib_a-e_atan2.o) (__aeabi_dsub)
/Users/imac/Develop/stm32f4/arm_gcc/gcc-arm-none-eabi-4_7-2013q3/bin/../lib/gcc/arm-none-eabi/4.7.4/armv7-m/libgcc.a(_arm_muldivdf3.o)
                              Hw_IMU.o (__aeabi_dmul)
/Users/imac/Develop/stm32f4/arm_gcc/gcc-arm-none-eabi-4_7-2013q3/bin/../lib/gcc/arm-none-eabi/4.7.4/armv7-m/libgcc.a(_arm_cmpdf2.o)
                              /Users/imac/Develop/stm32f4/arm_gcc/gcc-arm-none-eabi-4_7-2013q3/bin/../lib/gcc/arm-none-eabi/4.7.4/../../../../arm-none-eabi/lib/armv7-m/libm.a(lib_a-s_atan.o) (__aeabi_dcmpgt)
/Users/imac/Develop/stm32f4/arm_gcc/gcc-arm-none-eabi-4_7-2013q3/bin/../lib/gcc/arm-none-eabi/4.7.4/armv7-m/libgcc.a(_arm_truncdfsf2.o)
                              Hw_IMU.o (__aeabi_d2f)
/Users/imac/Develop/stm32f4/arm_gcc/gcc-arm-none-eabi-4_7-2013q3/bin/../lib/gcc/arm-none-eabi/4.7.4/armv7-m/libgcc.a(_arm_addsubsf3.o)
                              Ap_GLcdMenu.o (__aeabi_fsub)
/Users/imac/Develop/stm32f4/arm_gcc/gcc-arm-none-eabi-4_7-2013q3/bin/../lib/gcc/arm-none-eabi/4.7.4/armv7-m/libgcc.a(_arm_muldivsf3.o)
                              Hw_IMU.o (__aeabi_fmul)
/Users/imac/Develop/stm32f4/arm_gcc/gcc-arm-none-eabi-4_7-2013q3/bin/../lib/gcc/arm-none-eabi/4.7.4/armv7-m/libgcc.a(_arm_fixsfsi.o)
                              Ap_GLcdMenu.o (__aeabi_f2iz)

Allocating common symbols
Common symbol       size              file

SaveRState          0x2               usb_int.o
Hw_Si47xx_LastResp  0x10              Hw_Si47xx.o
Hw_N5110G_TxFrameBuf
                    0x1f8             Hw_N5110G.o
SaveState           0x2               usb_init.o
Hw_ISR_VectorTable  0x190             Hw_ISR.o
Hw_Uart_Q_Buffer    0xe7              Hw_Uart_Q.o
Hw_N5110G_Frame_Index
                    0x2               Hw_N5110G.o
wIstr               0x2               usb_istr.o
pProperty           0x4               usb_init.o
EPindex             0x1               usb_init.o
Hw_Sonic_Log        0x14              Hw_Sonic.o
Hw_Uart_Ch          0x3c              Hw_Uart.o
SaveTState          0x2               usb_int.o
Device_Info         0x1c              usb_init.o
pUser_Standard_Requests
[...]
Memory Configuration

Name             Origin             Length             Attributes
RAM              0x0000000020000000 0x0000000000005000 xrw
EXTSRAM          0x0000000068000000 0x0000000000000000 xrw
FLASH            0x0000000008000000 0x000000000001f800 xr
EEMUL            0x000000000801f800 0x0000000000000800 xrw
*default*        0x0000000000000000 0xffffffffffffffff

Linker script and memory map

LOAD main.o
LOAD Ap.o
LOAD Ap_RadioMenu.o
LOAD Ap_Radio.o
LOAD Ap_GLcdMenu.o
LOAD Lb_Util.o
LOAD Lb_Printf.o
LOAD Hw_StartUp.o
LOAD Hw.o
LOAD Hw_Uart.o
LOAD Hw_PLL.o
LOAD Hw_Led.o
LOAD Hw_Uart_Q.o
LOAD Hw_ISR.o
LOAD Hw_Timer.o
LOAD Hw_VCom.o
LOAD Hw_I2C.o
LOAD Hw_I2C_SW.o
LOAD Hw_I2C_HW.o
LOAD Hw_Si47xx.o
LOAD Hw_SPI.o
LOAD Hw_N5110G.o
LOAD Hw_DMA.o
LOAD Hw_I2C_IMU.o
LOAD Hw_MPU6050.o
LOAD Hw_Sonic.o
LOAD Hw_HMC5883.o
LOAD Hw_IMU.o
LOAD usb_desc.o
LOAD usb_endp.o
LOAD usb_istr.o
LOAD usb_prop.o
LOAD usb_pwr.o
LOAD hw_config.o
LOAD usb_core.o
LOAD usb_init.o
LOAD usb_mem.o
LOAD usb_regs.o
LOAD usb_sil.o
LOAD usb_int.o
LOAD /Users/imac/Develop/stm32f4/arm_gcc/gcc-arm-none-eabi-4_7-2013q3/bin/../lib/gcc/arm-none-eabi/4.7.4/../../../../arm-none-eabi/lib/armv7-m/libc.a
LOAD /Users/imac/Develop/stm32f4/arm_gcc/gcc-arm-none-eabi-4_7-2013q3/bin/../lib/gcc/arm-none-eabi/4.7.4/../../../../arm-none-eabi/lib/armv7-m/libm.a
LOAD /Users/imac/Develop/stm32f4/arm_gcc/gcc-arm-none-eabi-4_7-2013q3/bin/../lib/gcc/arm-none-eabi/4.7.4/../../../../arm-none-eabi/lib/armv7-m/libc.a
LOAD /Users/imac/Develop/stm32f4/arm_gcc/gcc-arm-none-eabi-4_7-2013q3/bin/../lib/gcc/arm-none-eabi/4.7.4/armv7-m/libgcc.a
                0x0000000020005000                _estack = (ORIGIN (RAM) + 0x5000)
                0x000000000801f800                _seemul = ORIGIN (EEMUL)
                0x0000000000000100                _Minimum_Stack_Size = 0x100
                0x0000000000000001                ASSERT ((ORIGIN (FLASH) == ALIGN (ORIGIN (FLASH), 0x80)), Start of memory region flash not aligned for startup vector table)

.text           0x0000000008000000     0x68b0
                0x0000000008000000                . = ALIGN (0x80)
                0x0000000000000000                _isr_vectorsflash_offs = (. - 0x8000000)
 *(.isr_vectorsflash)
 .isr_vectorsflash
                0x0000000008000000        0x8 Hw_StartUp.o
                0x0000000008000000                g_pfnVectors
                0x0000000008000008                . = ALIGN (0x4)
 *(.text)
 .text          0x0000000008000008      0x370 /Users/imac/Develop/stm32f4/arm_gcc/gcc-arm-none-eabi-4_7-2013q3/bin/../lib/gcc/arm-none-eabi/4.7.4/armv7-m/libgcc.a(_arm_addsubdf3.o)
                0x0000000008000008                __aeabi_drsub
                0x0000000008000010                __subdf3
                0x0000000008000010                __aeabi_dsub
                0x0000000008000014                __aeabi_dadd
                0x0000000008000014                __adddf3
                0x000000000800028c                __aeabi_ui2d
                0x000000000800028c                __floatunsidf
                0x00000000080002ac                __floatsidf
                0x00000000080002ac                __aeabi_i2d
                0x00000000080002d0                __extendsfdf2
                0x00000000080002d0                __aeabi_f2d
                0x000000000800030c                __aeabi_ul2d
                0x000000000800030c                __floatundidf
                0x000000000800031c                __aeabi_l2d
                0x000000000800031c                __floatdidf
 .text          0x0000000008000378      0x424 /Users/imac/Develop/stm32f4/arm_gcc/gcc-arm-none-eabi-4_7-2013q3/bin/../lib/gcc/arm-none-eabi/4.7.4/armv7-m/libgcc.a(_arm_muldivdf3.o)
                0x0000000008000378                __aeabi_dmul
                0x0000000008000378                __muldf3
                0x00000000080005cc                __aeabi_ddiv
                0x00000000080005cc                __divdf3
 .text          0x000000000800079c      0x110 /Users/imac/Develop/stm32f4/arm_gcc/gcc-arm-none-eabi-4_7-2013q3/bin/../lib/gcc/arm-none-eabi/4.7.4/armv7-m/libgcc.a(_arm_cmpdf2.o)
                0x000000000800079c                __gtdf2
                0x000000000800079c                __gedf2
                0x00000000080007a4                __ltdf2
                0x00000000080007a4                __ledf2
                0x00000000080007ac                __eqdf2
                0x00000000080007ac                __nedf2
                0x00000000080007ac                __cmpdf2
                0x0000000008000828                __aeabi_cdrcmple
                0x0000000008000838                __aeabi_cdcmple
                0x0000000008000838                __aeabi_cdcmpeq
                0x0000000008000848                __aeabi_dcmpeq
                0x000000000800085c                __aeabi_dcmplt
                0x0000000008000870                __aeabi_dcmple
                0x0000000008000884                __aeabi_dcmpge
                0x0000000008000898                __aeabi_dcmpgt
 .text          0x00000000080008ac       0xa0 /Users/imac/Develop/stm32f4/arm_gcc/gcc-arm-none-eabi-4_7-2013q3/bin/../lib/gcc/arm-none-eabi/4.7.4/armv7-m/libgcc.a(_arm_truncdfsf2.o)
                0x00000000080008ac                __aeabi_d2f
                0x00000000080008ac                __truncdfsf2
 .text          0x000000000800094c      0x21c /Users/imac/Develop/stm32f4/arm_gcc/gcc-arm-none-eabi-4_7-2013q3/bin/../lib/gcc/arm-none-eabi/4.7.4/armv7-m/libgcc.a(_arm_addsubsf3.o)
                0x000000000800094c                __aeabi_frsub
                0x0000000008000954                __aeabi_fsub
                0x0000000008000954                __subsf3
                0x0000000008000958                __aeabi_fadd
                0x0000000008000958                __addsf3
                0x0000000008000ab8                __aeabi_ui2f
                0x0000000008000ab8                __floatunsisf
                0x0000000008000ac0                __floatsisf
                0x0000000008000ac0                __aeabi_i2f
                0x0000000008000adc                __aeabi_ul2f
                0x0000000008000adc                __floatundisf
                0x0000000008000aec                __aeabi_l2f
                0x0000000008000aec                __floatdisf
 .text          0x0000000008000b68      0x2a0 /Users/imac/Develop/stm32f4/arm_gcc/gcc-arm-none-eabi-4_7-2013q3/bin/../lib/gcc/arm-none-eabi/4.7.4/armv7-m/libgcc.a(_arm_muldivsf3.o)
                0x0000000008000b68                __mulsf3
                0x0000000008000b68                __aeabi_fmul
                0x0000000008000cd0                __divsf3
                0x0000000008000cd0                __aeabi_fdiv
 .text          0x0000000008000e08       0x4c /Users/imac/Develop/stm32f4/arm_gcc/gcc-arm-none-eabi-4_7-2013q3/bin/../lib/gcc/arm-none-eabi/4.7.4/armv7-m/libgcc.a(_arm_fixsfsi.o)
                0x0000000008000e08                __fixsfsi
                0x0000000008000e08                __aeabi_f2iz
 *(.text.*)
 .text.LED_Tick
                0x0000000008000e54       0x10 main.o
                0x0000000008000e54                LED_Tick
 .text.startup.main
                0x0000000008000e64       0x44 main.o
                0x0000000008000e64                main
 .text.Ap_Init  0x0000000008000ea8        0x4 Ap.o
                0x0000000008000ea8                Ap_Init
 .text.Ap_GLcdMenu_ShowMenu
                0x0000000008000eac       0xa4 Ap_GLcdMenu.o
                0x0000000008000eac                Ap_GLcdMenu_ShowMenu
 .text.Ap_GLcdMenu_GetCmd
                0x0000000008000f50       0x30 Ap_GLcdMenu.o
                0x0000000008000f50                Ap_GLcdMenu_GetCmd
 .text.Ap_GLcdMenu_ExeCmd
                0x0000000008000f80      0x5e8 Ap_GLcdMenu.o
                0x0000000008000f80                Ap_GLcdMenu_ExeCmd
 .text.print_byte_out
                0x0000000008001568       0x38 Lb_Printf.o
                0x0000000008001568                print_byte_out
 .text.PrintString
                0x00000000080015a0       0x20 Lb_Printf.o
 .text.DecToLong
                0x00000000080015c0       0x44 Lb_Printf.o
                0x00000000080015c0                DecToLong
 .text.PrintDec
                0x0000000008001604      0x3cc Lb_Printf.o
 .text.PrintHex
                0x00000000080019d0      0x3b4 Lb_Printf.o
 .text.Lb_printf
                0x0000000008001d84      0x2d4 Lb_Printf.o
                0x0000000008001d84                Lb_printf
 .text.Lb_vsprintf
                0x0000000008002058      0x2d0 Lb_Printf.o
                0x0000000008002058                Lb_vsprintf
 .text.Hw_StartUp_Init
                0x0000000008002328       0xcc Hw_StartUp.o
                0x0000000008002328                Hw_StartUp_Init
 .text.Hw_Init  0x00000000080023f4       0xbc Hw.o
                0x00000000080023f4                Hw_Init
 .text.Hw_Wait  0x00000000080024b0       0x1c Hw.o
                0x00000000080024b0                Hw_Wait
 .text.Hw_Wait_ms
                0x00000000080024cc       0x24 Hw.o
                0x00000000080024cc                Hw_Wait_ms
 .text.Hw_ISR_UART1_Handler
                0x00000000080024f0       0x24 Hw_Uart.o
                0x00000000080024f0                Hw_ISR_UART1_Handler
 .text.Hw_Uart_Open_COM1
                0x0000000008002514       0x90 Hw_Uart.o
                0x0000000008002514                Hw_Uart_Open_COM1
 .text.Hw_Uart_Init
                0x00000000080025a4       0x3c Hw_Uart.o
                0x00000000080025a4                Hw_Uart_Init
 .text.Hw_Uart_Getch
                0x00000000080025e0       0x30 Hw_Uart.o
                0x00000000080025e0                Hw_Uart_Getch
 .text.print_byte
                0x0000000008002610       0x3c Hw_Uart.o
                0x0000000008002610                print_byte
 .text.get_byte
                0x000000000800264c       0x10 Hw_Uart.o
                0x000000000800264c                get_byte
 .text.get_byte_check
                0x000000000800265c       0x18 Hw_Uart.o
                0x000000000800265c                get_byte_check
 .text.Hw_PLL_Init
                0x0000000008002674       0x94 Hw_PLL.o
                0x0000000008002674                Hw_PLL_Init
 .text.Hw_Led_Init
                0x0000000008002708       0x44 Hw_Led.o
                0x0000000008002708                Hw_Led_Init
 .text.Hw_Led_Toggle
                0x000000000800274c       0x14 Hw_Led.o
                0x000000000800274c                Hw_Led_Toggle
 .text.Hw_Uart_Q_Init
                0x0000000008002760       0x30 Hw_Uart_Q.o
                0x0000000008002760                Hw_Uart_Q_Init
 .text.HW_UART_Q_VAILD
                0x0000000008002790       0x30 Hw_Uart_Q.o
                0x0000000008002790                HW_UART_Q_VAILD
 .text.Hw_Uart_Q_Push
                0x00000000080027c0       0x78 Hw_Uart_Q.o
                0x00000000080027c0                Hw_Uart_Q_Push
 .text.Hw_Uart_Q_Pop
                0x0000000008002838       0x78 Hw_Uart_Q.o
                0x0000000008002838                Hw_Uart_Q_Pop
 .text.Hw_ISR_Init
                0x00000000080028b0       0x14 Hw_ISR.o
                0x00000000080028b0                Hw_ISR_Init
 .text.Hw_ISR_SetIRQFunc
                0x00000000080028c4       0x10 Hw_ISR.o
                0x00000000080028c4                Hw_ISR_SetIRQFunc
 .text.Hw_ISR_SetIRQFuncByAddr
                0x00000000080028d4       0x10 Hw_ISR.o
                0x00000000080028d4                Hw_ISR_SetIRQFuncByAddr
 .text.Hw_Timer_SetupISR
                0x00000000080028e4       0x1c Hw_Timer.o
                0x00000000080028e4                Hw_Timer_SetupISR
 .text.Hw_Timer_Init
                0x0000000008002900      0x114 Hw_Timer.o
                0x0000000008002900                Hw_Timer_Init
 .text.Hw_Timer_Tick
                0x0000000008002a14      0x1a8 Hw_Timer.o
                0x0000000008002a14                Hw_Timer_Tick
 .text.Hw_Timer_ISR
                0x0000000008002bbc       0x10 Hw_Timer.o
                0x0000000008002bbc                Hw_Timer_ISR
 .text.Hw_Timer_Set
                0x0000000008002bcc       0x20 Hw_Timer.o
                0x0000000008002bcc                Hw_Timer_Set
 .text.Hw_Timer_Start
                0x0000000008002bec       0x14 Hw_Timer.o
                0x0000000008002bec                Hw_Timer_Start
 .text.Hw_Timer_Delay_ms
                0x0000000008002c00       0x14 Hw_Timer.o
                0x0000000008002c00                Hw_Timer_Delay_ms
 .text.Hw_Timer_Get_u16Count_Usec
                0x0000000008002c14       0x10 Hw_Timer.o
                0x0000000008002c14                Hw_Timer_Get_u16Count_Usec
 .text.Hw_VCom_Init
                0x0000000008002c24       0x2c Hw_VCom.o
                0x0000000008002c24                Hw_VCom_Init
 .text.Hw_I2C_Init
                0x0000000008002c50       0x10 Hw_I2C.o
                0x0000000008002c50                Hw_I2C_Init
 .text.Hw_I2C_HW_IO_Setup
                0x0000000008002c60       0x48 Hw_I2C_HW.o
                0x0000000008002c60                Hw_I2C_HW_IO_Setup
 .text.Hw_I2C_HW_Init
                0x0000000008002ca8       0x74 Hw_I2C_HW.o
                0x0000000008002ca8                Hw_I2C_HW_Init
 .text.Hw_Si47xx_Reset
                0x0000000008002d1c       0x40 Hw_Si47xx.o
                0x0000000008002d1c                Hw_Si47xx_Reset
 .text.Hw_Si47xx_Init
                0x0000000008002d5c       0x34 Hw_Si47xx.o
                0x0000000008002d5c                Hw_Si47xx_Init
 .text.Hw_SPI_Ch2_Init
                0x0000000008002d90       0x74 Hw_SPI.o
                0x0000000008002d90                Hw_SPI_Ch2_Init
 .text.Hw_SPI_Init
                0x0000000008002e04       0x2c Hw_SPI.o
                0x0000000008002e04                Hw_SPI_Init
 .text.Hw_SPI_StartDMA
                0x0000000008002e30       0x20 Hw_SPI.o
                0x0000000008002e30                Hw_SPI_StartDMA
 .text.Hw_SPI_Write8Bit
                0x0000000008002e50       0x70 Hw_SPI.o
                0x0000000008002e50                Hw_SPI_Write8Bit
 .text.Hw_N5100G_FrameTick
                0x0000000008002ec0       0x50 Hw_N5110G.o
                0x0000000008002ec0                Hw_N5100G_FrameTick
 .text.Hw_N5110G_Reset
                0x0000000008002f10       0x28 Hw_N5110G.o
                0x0000000008002f10                Hw_N5110G_Reset
 .text.Hw_N5110G_WriteCmd
                0x0000000008002f38       0x2c Hw_N5110G.o
                0x0000000008002f38                Hw_N5110G_WriteCmd
 .text.Hw_N5110G_Goto
                0x0000000008002f64       0x20 Hw_N5110G.o
                0x0000000008002f64                Hw_N5110G_Goto
 .text.Hw_N5110G_Init
                0x0000000008002f84       0xe4 Hw_N5110G.o
                0x0000000008002f84                Hw_N5110G_Init
 .text.Hw_N5110G_Clear
                0x0000000008003068       0x28 Hw_N5110G.o
                0x0000000008003068                Hw_N5110G_Clear
 .text.Hw_N5110G_WriteStr
                0x0000000008003090      0x128 Hw_N5110G.o
                0x0000000008003090                Hw_N5110G_WriteStr
 .text.Hw_N5110G_Print
                0x00000000080031b8       0x60 Hw_N5110G.o
                0x00000000080031b8                Hw_N5110G_Print
 .text.Hw_N5110G_DrawRequest
                0x0000000008003218       0x10 Hw_N5110G.o
                0x0000000008003218                Hw_N5110G_DrawRequest
 .text.Hw_N5110G_DrawCircle
                0x0000000008003228      0x3a4 Hw_N5110G.o
                0x0000000008003228                Hw_N5110G_DrawCircle
 .text.Hw_DMA_Init
                0x00000000080035cc       0x24 Hw_DMA.o
                0x00000000080035cc                Hw_DMA_Init
 .text.Hw_DMA_SPI2_Setup
                0x00000000080035f0       0x78 Hw_DMA.o
                0x00000000080035f0                Hw_DMA_SPI2_Setup
 .text.Hw_DMA_SPI2_IsTransFinished
                0x0000000008003668       0x28 Hw_DMA.o
                0x0000000008003668                Hw_DMA_SPI2_IsTransFinished
 .text.Hw_I2C_IMU_IO_Setup
                0x0000000008003690       0x48 Hw_I2C_IMU.o
                0x0000000008003690                Hw_I2C_IMU_IO_Setup
 .text.Hw_I2C_IMU_Init
                0x00000000080036d8       0x84 Hw_I2C_IMU.o
                0x00000000080036d8                Hw_I2C_IMU_Init
 .text.Hw_I2C_IMU_GetErrStatus
                0x000000000800375c       0x74 Hw_I2C_IMU.o
                0x000000000800375c                Hw_I2C_IMU_GetErrStatus
 .text.Hw_I2C_IMU_ReadRegs
                0x00000000080037d0      0x2a4 Hw_I2C_IMU.o
                0x00000000080037d0                Hw_I2C_IMU_ReadRegs
 .text.Hw_I2C_IMU_HMC5883_ReadRegs
                0x0000000008003a74       0x1c Hw_I2C_IMU.o
                0x0000000008003a74                Hw_I2C_IMU_HMC5883_ReadRegs
 .text.Hw_I2C_IMU_HMC5883_ReadReg
                0x0000000008003a90       0x18 Hw_I2C_IMU.o
                0x0000000008003a90                Hw_I2C_IMU_HMC5883_ReadReg
 .text.Hw_I2C_IMU_MPU6050_ReadRegs
                0x0000000008003aa8       0x1c Hw_I2C_IMU.o
                0x0000000008003aa8                Hw_I2C_IMU_MPU6050_ReadRegs
 .text.Hw_I2C_IMU_MPU6050_ReadReg
                0x0000000008003ac4       0x18 Hw_I2C_IMU.o
                0x0000000008003ac4                Hw_I2C_IMU_MPU6050_ReadReg
 .text.Hw_I2C_IMU_WriteRegs
                0x0000000008003adc      0x1b4 Hw_I2C_IMU.o
                0x0000000008003adc                Hw_I2C_IMU_WriteRegs
 .text.Hw_I2C_IMU_HMC5883_WriteRegs
                0x0000000008003c90       0x1c Hw_I2C_IMU.o
                0x0000000008003c90                Hw_I2C_IMU_HMC5883_WriteRegs
 .text.Hw_I2C_IMU_HMC5883_WriteAddr
                0x0000000008003cac       0x1c Hw_I2C_IMU.o
                0x0000000008003cac                Hw_I2C_IMU_HMC5883_WriteAddr
 .text.Hw_I2C_IMU_MPU6050_WriteReg
                0x0000000008003cc8       0x20 Hw_I2C_IMU.o
                0x0000000008003cc8                Hw_I2C_IMU_MPU6050_WriteReg
 .text.Hw_MPU6050_GetData
                0x0000000008003ce8       0xac Hw_MPU6050.o
                0x0000000008003ce8                Hw_MPU6050_GetData
 .text.Hw_MPU6050_I2CAuxMasterDisable
                0x0000000008003d94       0x30 Hw_MPU6050.o
                0x0000000008003d94                Hw_MPU6050_I2CAuxMasterDisable
 .text.Hw_MPU6050_Init
                0x0000000008003dc4       0xc8 Hw_MPU6050.o
                0x0000000008003dc4                Hw_MPU6050_Init
 .text.Hw_Sonic_GetDistanceMM
                0x0000000008003e8c       0x14 Hw_Sonic.o
                0x0000000008003e8c                Hw_Sonic_GetDistanceMM
 .text.Hw_HMC5883_CheckID
                0x0000000008003ea0       0x3c Hw_HMC5883.o
                0x0000000008003ea0                Hw_HMC5883_CheckID
 .text.Hw_HMC5883_Init
                0x0000000008003edc       0xb0 Hw_HMC5883.o
                0x0000000008003edc                Hw_HMC5883_Init
 .text.Hw_HMC5883_GetData
                0x0000000008003f8c       0x50 Hw_HMC5883.o
                0x0000000008003f8c                Hw_HMC5883_GetData
 .text.Hw_HMC5883_GetEnable
                0x0000000008003fdc        0xc Hw_HMC5883.o
                0x0000000008003fdc                Hw_HMC5883_GetEnable
 .text.Hw_IMU_Init
                0x0000000008003fe8       0x44 Hw_IMU.o
                0x0000000008003fe8                Hw_IMU_Init
 *fill*         0x000000000800402c        0x4 00
 .text.Hw_IMU_GetData
                0x0000000008004030      0x138 Hw_IMU.o
                0x0000000008004030                Hw_IMU_GetData
 .text.Hw_IMU_Update
                0x0000000008004168      0x120 Hw_IMU.o
                0x0000000008004168                Hw_IMU_Update
 .text.EP1_IN_Callback
                0x0000000008004288       0x74 usb_endp.o
                0x0000000008004288                EP1_IN_Callback
 .text.EP3_OUT_Callback
                0x00000000080042fc       0x34 usb_endp.o
                0x00000000080042fc                EP3_OUT_Callback
 .text.SOF_Callback
                0x0000000008004330       0x30 usb_endp.o
                0x0000000008004330                SOF_Callback
 .text.USB_Istr
                0x0000000008004360      0x278 usb_istr.o
                0x0000000008004360                USB_Istr
 .text.Virtual_Com_Port_SetConfiguration
                0x00000000080045d8       0x18 usb_prop.o
                0x00000000080045d8                Virtual_Com_Port_SetConfiguration
 .text.Virtual_Com_Port_SetDeviceAddress
                0x00000000080045f0       0x10 usb_prop.o
                0x00000000080045f0                Virtual_Com_Port_SetDeviceAddress
 .text.Virtual_Com_Port_Status_In
                0x0000000008004600       0x14 usb_prop.o
                0x0000000008004600                Virtual_Com_Port_Status_In
 .text.Virtual_Com_Port_Status_Out
                0x0000000008004614        0x4 usb_prop.o
                0x0000000008004614                Virtual_Com_Port_Status_Out
 .text.Virtual_Com_Port_Data_Setup
                0x0000000008004618       0x60 usb_prop.o
                0x0000000008004618                Virtual_Com_Port_Data_Setup
 .text.Virtual_Com_Port_NoData_Setup
                0x0000000008004678       0x24 usb_prop.o
                0x0000000008004678                Virtual_Com_Port_NoData_Setup
 .text.Virtual_Com_Port_Get_Interface_Setting
                0x000000000800469c       0x10 usb_prop.o
                0x000000000800469c                Virtual_Com_Port_Get_Interface_Setting
 .text.Virtual_Com_Port_GetLineCoding
                0x00000000080046ac       0x18 usb_prop.o
                0x00000000080046ac                Virtual_Com_Port_GetLineCoding
 .text.Virtual_Com_Port_SetLineCoding
                0x00000000080046c4       0x18 usb_prop.o
                0x00000000080046c4                Virtual_Com_Port_SetLineCoding
 .text.Virtual_Com_Port_GetStringDescriptor
                0x00000000080046dc       0x28 usb_prop.o
                0x00000000080046dc                Virtual_Com_Port_GetStringDescriptor
 .text.Virtual_Com_Port_GetConfigDescriptor
                0x0000000008004704       0x18 usb_prop.o
                0x0000000008004704                Virtual_Com_Port_GetConfigDescriptor
 .text.Virtual_Com_Port_GetDeviceDescriptor
                0x000000000800471c       0x18 usb_prop.o
                0x000000000800471c                Virtual_Com_Port_GetDeviceDescriptor
 .text.Virtual_Com_Port_Reset
                0x0000000008004734      0x110 usb_prop.o
                0x0000000008004734                Virtual_Com_Port_Reset
 .text.Virtual_Com_Port_init
                0x0000000008004844       0x3c usb_prop.o
                0x0000000008004844                Virtual_Com_Port_init
 .text.PowerOn  0x0000000008004880       0x3c usb_pwr.o
                0x0000000008004880                PowerOn
 .text.Suspend  0x00000000080048bc      0x1a8 usb_pwr.o
                0x00000000080048bc                Suspend
 .text.Resume_Init
                0x0000000008004a64       0x28 usb_pwr.o
                0x0000000008004a64                Resume_Init
 .text.Resume   0x0000000008004a8c       0xbc usb_pwr.o
                0x0000000008004a8c                Resume
 .text.USBWakeUp_IRQHandler
                0x0000000008004b48       0x10 hw_config.o
                0x0000000008004b48                USBWakeUp_IRQHandler
 .text.IntToUnicode
                0x0000000008004b58       0x78 hw_config.o
 .text.USB_LP_IRQHandler
                0x0000000008004bd0       0x10 hw_config.o
                0x0000000008004bd0                USB_LP_IRQHandler
 .text.Set_System
                0x0000000008004be0       0x20 hw_config.o
                0x0000000008004be0                Set_System
 .text.Set_USBClock
                0x0000000008004c00       0x24 hw_config.o
                0x0000000008004c00                Set_USBClock
 .text.Leave_LowPowerMode
                0x0000000008004c24       0x20 hw_config.o
                0x0000000008004c24                Leave_LowPowerMode
 .text.USB_Interrupts_Config
                0x0000000008004c44       0xb0 hw_config.o
                0x0000000008004c44                USB_Interrupts_Config
 .text.USB_Cable_Config
                0x0000000008004cf4       0x1c hw_config.o
                0x0000000008004cf4                USB_Cable_Config
 .text.USB_To_USART_Send_Data
                0x0000000008004d10       0x70 hw_config.o
                0x0000000008004d10                USB_To_USART_Send_Data
 .text.Handle_USBAsynchXfer
                0x0000000008004d80       0xa4 hw_config.o
                0x0000000008004d80                Handle_USBAsynchXfer
 .text.Get_SerialNum
                0x0000000008004e24       0x44 hw_config.o
                0x0000000008004e24                Get_SerialNum
 .text.__WFI    0x0000000008004e68        0x4 hw_config.o
                0x0000000008004e68                __WFI
 .text.Standard_GetConfiguration
                0x0000000008004e6c       0x28 usb_core.o
                0x0000000008004e6c                Standard_GetConfiguration
 .text.Standard_GetInterface
                0x0000000008004e94       0x28 usb_core.o
                0x0000000008004e94                Standard_GetInterface
 .text.Standard_GetStatus
                0x0000000008004ebc       0xa0 usb_core.o
                0x0000000008004ebc                Standard_GetStatus
 .text.DataStageIn
                0x0000000008004f5c       0xc0 usb_core.o
 .text.Standard_SetConfiguration
                0x000000000800501c       0x3c usb_core.o
                0x000000000800501c                Standard_SetConfiguration
 .text.Standard_SetInterface
                0x0000000008005058       0x50 usb_core.o
                0x0000000008005058                Standard_SetInterface
 .text.Standard_ClearFeature
                0x00000000080050a8       0xf8 usb_core.o
                0x00000000080050a8                Standard_ClearFeature
 .text.Standard_SetEndPointFeature
                0x00000000080051a0       0x98 usb_core.o
                0x00000000080051a0                Standard_SetEndPointFeature
 .text.Standard_GetDescriptorData
                0x0000000008005238       0x1c usb_core.o
                0x0000000008005238                Standard_GetDescriptorData
 .text.Post0_Process
                0x0000000008005254       0x48 usb_core.o
                0x0000000008005254                Post0_Process
 .text.Out0_Process
                0x000000000800529c       0xf0 usb_core.o
                0x000000000800529c                Out0_Process
 .text.Setup0_Process
                0x000000000800538c      0x388 usb_core.o
                0x000000000800538c                Setup0_Process
 .text.SetDeviceAddress
                0x0000000008005714       0xa8 usb_core.o
                0x0000000008005714                SetDeviceAddress
 .text.In0_Process
                0x00000000080057bc       0x6c usb_core.o
                0x00000000080057bc                In0_Process
 .text.NOP_Process
                0x0000000008005828        0x4 usb_core.o
                0x0000000008005828                NOP_Process
 .text.USB_Init
                0x000000000800582c       0x44 usb_init.o
                0x000000000800582c                USB_Init
 .text.UserToPMABufferCopy
                0x0000000008005870       0x78 usb_mem.o
                0x0000000008005870                UserToPMABufferCopy
 .text.PMAToUserBufferCopy
                0x00000000080058e8       0x50 usb_mem.o
                0x00000000080058e8                PMAToUserBufferCopy
 .text.SetBTABLE
                0x0000000008005938       0x14 usb_regs.o
                0x0000000008005938                SetBTABLE
 .text.SetEPType
                0x000000000800594c       0x18 usb_regs.o
                0x000000000800594c                SetEPType
 .text.SetEPTxStatus
                0x0000000008005964       0x40 usb_regs.o
                0x0000000008005964                SetEPTxStatus
 .text.SetEPRxStatus
                0x00000000080059a4       0x40 usb_regs.o
                0x00000000080059a4                SetEPRxStatus
 .text.SetEPTxValid
                0x00000000080059e4       0x24 usb_regs.o
                0x00000000080059e4                SetEPTxValid
 .text.SetEPRxValid
                0x0000000008005a08       0x24 usb_regs.o
                0x0000000008005a08                SetEPRxValid
 .text.Clear_Status_Out
                0x0000000008005a2c       0x20 usb_regs.o
                0x0000000008005a2c                Clear_Status_Out
 .text.ClearDTOG_RX
                0x0000000008005a4c       0x24 usb_regs.o
                0x0000000008005a4c                ClearDTOG_RX
 .text.ClearDTOG_TX
                0x0000000008005a70       0x24 usb_regs.o
                0x0000000008005a70                ClearDTOG_TX
 .text.SetEPTxAddr
                0x0000000008005a94       0x24 usb_regs.o
                0x0000000008005a94                SetEPTxAddr
 .text.SetEPRxAddr
                0x0000000008005ab8       0x28 usb_regs.o
                0x0000000008005ab8                SetEPRxAddr
 .text.GetEPTxAddr
                0x0000000008005ae0       0x20 usb_regs.o
                0x0000000008005ae0                GetEPTxAddr
 .text.GetEPRxAddr
                0x0000000008005b00       0x20 usb_regs.o
                0x0000000008005b00                GetEPRxAddr
 .text.SetEPTxCount
                0x0000000008005b20       0x20 usb_regs.o
                0x0000000008005b20                SetEPTxCount
 .text.SetEPRxCount
                0x0000000008005b40       0x44 usb_regs.o
                0x0000000008005b40                SetEPRxCount
 .text.GetEPRxCount
                0x0000000008005b84       0x24 usb_regs.o
                0x0000000008005b84                GetEPRxCount
 .text.ByteSwap
                0x0000000008005ba8        0xc usb_regs.o
                0x0000000008005ba8                ByteSwap
 .text.USB_SIL_Init
                0x0000000008005bb4       0x2c usb_sil.o
                0x0000000008005bb4                USB_SIL_Init
 .text.USB_SIL_Read
                0x0000000008005be0       0x38 usb_sil.o
                0x0000000008005be0                USB_SIL_Read
 .text.CTR_LP   0x0000000008005c18      0x1bc usb_int.o
                0x0000000008005c18                CTR_LP
 .text.atan2    0x0000000008005dd4        0x4 /Users/imac/Develop/stm32f4/arm_gcc/gcc-arm-none-eabi-4_7-2013q3/bin/../lib/gcc/arm-none-eabi/4.7.4/../../../../arm-none-eabi/lib/armv7-m/libm.a(lib_a-w_atan2.o)
                0x0000000008005dd4                atan2
 .text.__ieee754_atan2
                0x0000000008005dd8      0x218 /Users/imac/Develop/stm32f4/arm_gcc/gcc-arm-none-eabi-4_7-2013q3/bin/../lib/gcc/arm-none-eabi/4.7.4/../../../../arm-none-eabi/lib/armv7-m/libm.a(lib_a-e_atan2.o)
                0x0000000008005dd8                __ieee754_atan2
 .text.atan     0x0000000008005ff0      0x368 /Users/imac/Develop/stm32f4/arm_gcc/gcc-arm-none-eabi-4_7-2013q3/bin/../lib/gcc/arm-none-eabi/4.7.4/../../../../arm-none-eabi/lib/armv7-m/libm.a(lib_a-s_atan.o)
                0x0000000008005ff0                atan
 .text.fabs     0x0000000008006358        0x8 /Users/imac/Develop/stm32f4/arm_gcc/gcc-arm-none-eabi-4_7-2013q3/bin/../lib/gcc/arm-none-eabi/4.7.4/../../../../arm-none-eabi/lib/armv7-m/libm.a(lib_a-s_fabs.o)
                0x0000000008006358                fabs
 *(.stub .gnu.linkonce.t.*)
 *(.rodata .rodata.* .gnu.linkonce.r.*)
 .rodata.str1.4
                0x0000000008006360      0x3c4 Ap_GLcdMenu.o
                                        0x3c8 (size before relaxing)
 .rodata.str1.4
                0x0000000008006724       0x3e Hw_MPU6050.o
                                         0x40 (size before relaxing)
 *fill*         0x0000000008006762        0x2 00
 .rodata.str1.4
                0x0000000008006764       0x1a Hw_HMC5883.o
                                         0x1c (size before relaxing)
 *fill*         0x000000000800677e        0x2 00
 .rodata.str1.4
                0x0000000008006780       0x38 Hw_IMU.o
 .rodata.Virtual_Com_Port_StringVendor
                0x00000000080067b8       0x28 usb_desc.o
                0x00000000080067b8                Virtual_Com_Port_StringVendor
 .rodata.Virtual_Com_Port_DeviceDescriptor
                0x00000000080067e0       0x14 usb_desc.o
                0x00000000080067e0                Virtual_Com_Port_DeviceDescriptor
 .rodata.Virtual_Com_Port_StringLangID
                0x00000000080067f4        0x4 usb_desc.o
                0x00000000080067f4                Virtual_Com_Port_StringLangID
 .rodata.Virtual_Com_Port_StringProduct
                0x00000000080067f8       0x34 usb_desc.o
                0x00000000080067f8                Virtual_Com_Port_StringProduct
 .rodata.Virtual_Com_Port_ConfigDescriptor
                0x000000000800682c       0x44 usb_desc.o
                0x000000000800682c                Virtual_Com_Port_ConfigDescriptor
 .rodata.atanlo
                0x0000000008006870       0x20 /Users/imac/Develop/stm32f4/arm_gcc/gcc-arm-none-eabi-4_7-2013q3/bin/../lib/gcc/arm-none-eabi/4.7.4/../../../../arm-none-eabi/lib/armv7-m/libm.a(lib_a-s_atan.o)
 .rodata.atanhi
                0x0000000008006890       0x20 /Users/imac/Develop/stm32f4/arm_gcc/gcc-arm-none-eabi-4_7-2013q3/bin/../lib/gcc/arm-none-eabi/4.7.4/../../../../arm-none-eabi/lib/armv7-m/libm.a(lib_a-s_atan.o)
 *(.glue_7 .glue_7t)
 .glue_7        0x0000000000000000        0x0 linker stubs
 .glue_7t       0x0000000000000000        0x0 linker stubs
                0x00000000080068b0                . = ALIGN (0x4)

.vfp11_veneer   0x00000000080068b0        0x0
 .vfp11_veneer  0x0000000000000000        0x0 linker stubs

.v4_bx          0x00000000080068b0        0x0
 .v4_bx         0x0000000000000000        0x0 linker stubs

.iplt           0x00000000080068b0        0x0
 .iplt          0x0000000000000000        0x0 main.o

.rel.dyn        0x00000000080068b0        0x0
 .rel.iplt      0x0000000000000000        0x0 main.o

.ARM.extab
 *(.ARM.extab* .gnu.linkonce.armextab.*)

.ARM            0x00000000080068b0        0x0
                0x00000000080068b0                __exidx_start = .
 *(.ARM.exidx*)
                0x00000000080068b0                __exidx_end = .
                0x00000000080068b0                _etext = .
                0x00000000080068b0                _sidata = _etext

.data           0x0000000020000000      0x30c load address 0x00000000080068b0
                0x0000000020000000                . = .
                0x0000000020000000                . = ALIGN (0x4)
                0x0000000020000000                _sdata = .
                0x0000000020000000                . = ALIGN (0x80)
                0x0000000000000000                _isr_vectorsram_offs = (. - 0x20000000)
 *(.isr_vectorsram)
                0x0000000020000000                . = ALIGN (0x4)
 *(.ramfunc*)
                0x0000000020000000                . = ALIGN (0x4)
 *(.data .data.* .gnu.linkonce.d.*)
 .data.Hw_N5110G_Font6_8
                0x0000000020000000      0x228 Hw_N5110G.o
                0x0000000020000000                Hw_N5110G_Font6_8
 .data.Virtual_Com_Port_StringSerial
                0x0000000020000228       0x1c usb_desc.o
                0x0000000020000228                Virtual_Com_Port_StringSerial
 .data.pEpInt_IN
                0x0000000020000244       0x1c usb_istr.o
                0x0000000020000244                pEpInt_IN
 .data.pEpInt_OUT
                0x0000000020000260       0x1c usb_istr.o
                0x0000000020000260                pEpInt_OUT
 .data.Config_Descriptor
                0x000000002000027c        0x8 usb_prop.o
                0x000000002000027c                Config_Descriptor
 .data.Device_Property
                0x0000000020000284       0x30 usb_prop.o
                0x0000000020000284                Device_Property
 .data.User_Standard_Requests
                0x00000000200002b4       0x24 usb_prop.o
                0x00000000200002b4                User_Standard_Requests
 .data.Device_Descriptor
                0x00000000200002d8        0x8 usb_prop.o
                0x00000000200002d8                Device_Descriptor
 .data.String_Descriptor
                0x00000000200002e0       0x20 usb_prop.o
                0x00000000200002e0                String_Descriptor
 .data.linecoding
                0x0000000020000300        0x8 usb_prop.o
                0x0000000020000300                linecoding
 .data.Device_Table
                0x0000000020000308        0x4 usb_prop.o
                0x0000000020000308                Device_Table
                0x000000002000030c                . = ALIGN (0x4)
                0x000000002000030c                _edata = .

.igot.plt       0x000000002000030c        0x0 load address 0x0000000008006bbc
 .igot.plt      0x0000000000000000        0x0 main.o

.bss            0x0000000020000400     0x1240 load address 0x0000000008006e00
                0x0000000020000400                . = ALIGN (0x4)
                0x0000000020000400                _sbss = .
 *(.bss .bss.*)
 .bss.StrPrintBufIndex
                0x0000000020000400        0x4 Lb_Printf.o
                0x0000000020000400                StrPrintBufIndex
 .bss.StrPrintMode
                0x0000000020000404        0x1 Lb_Printf.o
                0x0000000020000404                StrPrintMode
 *fill*         0x0000000020000405        0x3 00
 .bss.Timer_Tbl
                0x0000000020000408       0x70 Hw_Timer.o
 .bss.Excute.4438
                0x0000000020000478        0x1 Hw_Timer.o
 *fill*         0x0000000020000479        0x3 00
 .bss.Hw_Timer_Counter
                0x000000002000047c        0x4 Hw_Timer.o
 .bss.Tmr_Ctn   0x0000000020000480        0x2 Hw_Timer.o
 .bss.Called.4428
                0x0000000020000482        0x1 Hw_SPI.o
 .bss.Called.4424
                0x0000000020000483        0x1 Hw_DMA.o
 .bss.power_on.4440
                0x0000000020000484        0x1 Hw_I2C_IMU.o
 .bss.power_on.4478
                0x0000000020000485        0x1 Hw_MPU6050.o
 .bss.Hw_MPU6050_EnableFlag
                0x0000000020000486        0x1 Hw_MPU6050.o
                0x0000000020000486                Hw_MPU6050_EnableFlag
 .bss.power_on.4439
                0x0000000020000487        0x1 Hw_HMC5883.o
 .bss.Hw_HMC5883_EnableFlag
                0x0000000020000488        0x1 Hw_HMC5883.o
                0x0000000020000488                Hw_HMC5883_EnableFlag
 *fill*         0x0000000020000489        0x3 00
 .bss.FrameCount.4884
                0x000000002000048c        0x4 usb_endp.o
 .bss.wCNTR     0x0000000020000490        0x4 usb_istr.o
                0x0000000020000490                wCNTR
 .bss.bIntPackSOF
                0x0000000020000494        0x1 usb_istr.o
                0x0000000020000494                bIntPackSOF
 *fill*         0x0000000020000495        0x3 00
 .bss.esof_counter
                0x0000000020000498        0x4 usb_istr.o
                0x0000000020000498                esof_counter
 .bss.Request   0x000000002000049c        0x1 usb_prop.o
                0x000000002000049c                Request
 *fill*         0x000000002000049d        0x3 00
 .bss.bDeviceState
                0x00000000200004a0        0x4 usb_pwr.o
                0x00000000200004a0                bDeviceState
 .bss.fSuspendEnabled
                0x00000000200004a4        0x1 usb_pwr.o
                0x00000000200004a4                fSuspendEnabled
 *fill*         0x00000000200004a5        0x3 00
 .bss.remotewakeupon
                0x00000000200004a8        0x4 usb_pwr.o
                0x00000000200004a8                remotewakeupon
 .bss.USB_Tx_State
                0x00000000200004ac        0x1 hw_config.o
                0x00000000200004ac                USB_Tx_State
 *fill*         0x00000000200004ad        0x3 00
 .bss.USART_Rx_ptr_in
                0x00000000200004b0        0x4 hw_config.o
                0x00000000200004b0                USART_Rx_ptr_in
 .bss.USART_Rx_ptr_out
                0x00000000200004b4        0x4 hw_config.o
                0x00000000200004b4                USART_Rx_ptr_out
 .bss.USART_Rx_length
                0x00000000200004b8        0x4 hw_config.o
                0x00000000200004b8                USART_Rx_length
 .bss.Data_Mul_MaxPacketSize
                0x00000000200004bc        0x1 usb_core.o
                0x00000000200004bc                Data_Mul_MaxPacketSize
 *(COMMON)
 *fill*         0x00000000200004bd        0x3 00
 COMMON         0x00000000200004c0        0x4 Lb_Printf.o
                0x00000000200004c0                pStrPrintBuf
 COMMON         0x00000000200004c4       0x3c Hw_Uart.o
                0x00000000200004c4                Hw_Uart_Ch
 COMMON         0x0000000020000500      0x116 Hw_Uart_Q.o
                0x0000000020000500                Hw_Uart_Q_Buffer
                0x00000000200005e8                Hw_Uart_Q_Size
                0x00000000200005f8                Hw_Uart_Q_End
                0x0000000020000608                Hw_Uart_Q_Start
 *fill*         0x0000000020000616      0x1ea 00
 COMMON         0x0000000020000800      0x190 Hw_ISR.o
                0x0000000020000800                Hw_ISR_VectorTable
 COMMON         0x0000000020000990      0x3f8 Hw_N5110G.o
                0x0000000020000990                Hw_N5110G_TxFrameBuf
                0x0000000020000b88                Hw_N5110G_Frame_Index
                0x0000000020000b8c                Hw_N5110G_Frame_DrawReq
                0x0000000020000b90                Hw_N5110G_RxFrameBuf
 COMMON         0x0000000020000d88       0x14 Hw_Sonic.o
                0x0000000020000d88                Hw_Sonic_Log
 COMMON         0x0000000020000d9c       0x40 usb_endp.o
                0x0000000020000d9c                USB_Rx_Buffer
 COMMON         0x0000000020000ddc        0x2 usb_istr.o
                0x0000000020000ddc                wIstr
 *fill*         0x0000000020000dde        0x2 00
 COMMON         0x0000000020000de0       0x24 usb_pwr.o
                0x0000000020000de0                ResumeS
                0x0000000020000de4                EP
 COMMON         0x0000000020000e04      0x800 hw_config.o
                0x0000000020000e04                USART_Rx_Buffer
 COMMON         0x0000000020001604        0x2 usb_core.o
                0x0000000020001604                StatusInfo
 *fill*         0x0000000020001606        0x2 00
 COMMON         0x0000000020001608       0x32 usb_init.o
                0x0000000020001608                SaveState
                0x000000002000160c                pProperty
                0x0000000020001610                EPindex
                0x0000000020001614                Device_Info
                0x0000000020001630                pUser_Standard_Requests
                0x0000000020001634                pInformation
                0x0000000020001638                wInterrupt_Mask
 COMMON         0x000000002000163a        0x4 usb_int.o
                0x000000002000163a                SaveRState
                0x000000002000163c                SaveTState
                0x0000000020001640                . = ALIGN (0x4)
 *fill*         0x000000002000163e        0x2 00
                0x0000000020001640                _ebss = .
                0x0000000020001640                PROVIDE (end, _ebss)
                0x0000000020001640                PROVIDE (_end, _ebss)
                0x0000000020001640                . = ALIGN (0x4)
                0x0000000020001700                . = ALIGN (0x100)

._usrstack      0x0000000020001640      0x100 load address 0x0000000008008040
                0x0000000020001640                . = ALIGN (0x4)
                0x0000000020001640                _susrstack = .
                0x0000000020001740                . = (. + _Minimum_Stack_Size)
 *fill*         0x0000000020001640      0x100 00
                0x0000000020001740                . = ALIGN (0x4)
                0x0000000020001740                _eusrstack = .

.ARM.attributes
                0x0000000000000000       0x33
 *(.ARM.attributes)
 .ARM.attributes
                0x0000000000000000       0x33 main.o
 .ARM.attributes
                0x0000000000000033       0x33 Ap.o
 .ARM.attributes
                0x0000000000000066       0x33 Ap_GLcdMenu.o
 .ARM.attributes
                0x0000000000000099       0x33 Lb_Printf.o
 .ARM.attributes
                0x00000000000000cc       0x33 Hw_StartUp.o
 .ARM.attributes
                0x00000000000000ff       0x33 Hw.o
 .ARM.attributes
                0x0000000000000132       0x33 Hw_Uart.o
 .ARM.attributes
                0x0000000000000165       0x33 Hw_PLL.o
 .ARM.attributes
                0x0000000000000198       0x33 Hw_Led.o
 .ARM.attributes
                0x00000000000001cb       0x33 Hw_Uart_Q.o
 .ARM.attributes
                0x00000000000001fe       0x33 Hw_ISR.o
 .ARM.attributes
                0x0000000000000231       0x33 Hw_Timer.o
 .ARM.attributes
                0x0000000000000264       0x33 Hw_VCom.o
 .ARM.attributes
                0x0000000000000297       0x33 Hw_I2C.o
 .ARM.attributes
                0x00000000000002ca       0x33 Hw_I2C_HW.o
 .ARM.attributes
                0x00000000000002fd       0x33 Hw_Si47xx.o
 .ARM.attributes
                0x0000000000000330       0x33 Hw_SPI.o
 .ARM.attributes
                0x0000000000000363       0x33 Hw_N5110G.o
 .ARM.attributes
                0x0000000000000396       0x33 Hw_DMA.o
 .ARM.attributes
                0x00000000000003c9       0x33 Hw_I2C_IMU.o
 .ARM.attributes
                0x00000000000003fc       0x33 Hw_MPU6050.o
 .ARM.attributes
                0x000000000000042f       0x33 Hw_Sonic.o
 .ARM.attributes
                0x0000000000000462       0x33 Hw_HMC5883.o
 .ARM.attributes
                0x0000000000000495       0x33 Hw_IMU.o
 .ARM.attributes
                0x00000000000004c8       0x33 usb_desc.o
 .ARM.attributes
                0x00000000000004fb       0x33 usb_endp.o
 .ARM.attributes
                0x000000000000052e       0x33 usb_istr.o
 .ARM.attributes
                0x0000000000000561       0x33 usb_prop.o
 .ARM.attributes
                0x0000000000000594       0x33 usb_pwr.o
 .ARM.attributes
                0x00000000000005c7       0x33 hw_config.o
 .ARM.attributes
                0x00000000000005fa       0x33 usb_core.o
 .ARM.attributes
                0x000000000000062d       0x33 usb_init.o
 .ARM.attributes
                0x0000000000000660       0x33 usb_mem.o
 .ARM.attributes
                0x0000000000000693       0x33 usb_regs.o
 .ARM.attributes
                0x00000000000006c6       0x33 usb_sil.o
 .ARM.attributes
                0x00000000000006f9       0x33 usb_int.o
 .ARM.attributes
                0x000000000000072c       0x2d /Users/imac/Develop/stm32f4/arm_gcc/gcc-arm-none-eabi-4_7-2013q3/bin/../lib/gcc/arm-none-eabi/4.7.4/../../../../arm-none-eabi/lib/armv7-m/libm.a(lib_a-w_atan2.o)
 .ARM.attributes
                0x0000000000000759       0x2d /Users/imac/Develop/stm32f4/arm_gcc/gcc-arm-none-eabi-4_7-2013q3/bin/../lib/gcc/arm-none-eabi/4.7.4/../../../../arm-none-eabi/lib/armv7-m/libm.a(lib_a-e_atan2.o)
 .ARM.attributes
                0x0000000000000786       0x2d /Users/imac/Develop/stm32f4/arm_gcc/gcc-arm-none-eabi-4_7-2013q3/bin/../lib/gcc/arm-none-eabi/4.7.4/../../../../arm-none-eabi/lib/armv7-m/libm.a(lib_a-s_atan.o)
 .ARM.attributes
                0x00000000000007b3       0x2d /Users/imac/Develop/stm32f4/arm_gcc/gcc-arm-none-eabi-4_7-2013q3/bin/../lib/gcc/arm-none-eabi/4.7.4/../../../../arm-none-eabi/lib/armv7-m/libm.a(lib_a-s_fabs.o)
 .ARM.attributes
                0x00000000000007e0       0x1d /Users/imac/Develop/stm32f4/arm_gcc/gcc-arm-none-eabi-4_7-2013q3/bin/../lib/gcc/arm-none-eabi/4.7.4/armv7-m/libgcc.a(_arm_addsubdf3.o)
 .ARM.attributes
                0x00000000000007fd       0x1d /Users/imac/Develop/stm32f4/arm_gcc/gcc-arm-none-eabi-4_7-2013q3/bin/../lib/gcc/arm-none-eabi/4.7.4/armv7-m/libgcc.a(_arm_muldivdf3.o)
 .ARM.attributes
                0x000000000000081a       0x1d /Users/imac/Develop/stm32f4/arm_gcc/gcc-arm-none-eabi-4_7-2013q3/bin/../lib/gcc/arm-none-eabi/4.7.4/armv7-m/libgcc.a(_arm_cmpdf2.o)
 .ARM.attributes
                0x0000000000000837       0x1d /Users/imac/Develop/stm32f4/arm_gcc/gcc-arm-none-eabi-4_7-2013q3/bin/../lib/gcc/arm-none-eabi/4.7.4/armv7-m/libgcc.a(_arm_truncdfsf2.o)
 .ARM.attributes
                0x0000000000000854       0x1d /Users/imac/Develop/stm32f4/arm_gcc/gcc-arm-none-eabi-4_7-2013q3/bin/../lib/gcc/arm-none-eabi/4.7.4/armv7-m/libgcc.a(_arm_addsubsf3.o)
 .ARM.attributes
                0x0000000000000871       0x1d /Users/imac/Develop/stm32f4/arm_gcc/gcc-arm-none-eabi-4_7-2013q3/bin/../lib/gcc/arm-none-eabi/4.7.4/armv7-m/libgcc.a(_arm_muldivsf3.o)
 .ARM.attributes
                0x000000000000088e       0x1d /Users/imac/Develop/stm32f4/arm_gcc/gcc-arm-none-eabi-4_7-2013q3/bin/../lib/gcc/arm-none-eabi/4.7.4/armv7-m/libgcc.a(_arm_fixsfsi.o)
                0x0000000000000400                __Stack_Size = 0x400
                0x0000000000000400                PROVIDE (_Stack_Size, __Stack_Size)
                0x0000000020004c00                __Stack_Init = (_estack - __Stack_Size)
                0x0000000020004c00                PROVIDE (_Stack_Init, __Stack_Init)
OUTPUT(main.elf elf32-littlearm)

.debug_info     0x0000000000000000     0xbea4
 .debug_info    0x0000000000000000      0x13d main.o
 .debug_info    0x000000000000013d       0x7e Ap.o
 .debug_info    0x00000000000001bb      0xc1e Ap_GLcdMenu.o
 .debug_info    0x0000000000000dd9      0x9b8 Lb_Printf.o
 .debug_info    0x0000000000001791      0x14a Hw_StartUp.o
 .debug_info    0x00000000000018db      0x243 Hw.o
 .debug_info    0x0000000000001b1e      0x570 Hw_Uart.o
 .debug_info    0x000000000000208e       0x7e Hw_PLL.o
 .debug_info    0x000000000000210c      0x17c Hw_Led.o
 .debug_info    0x0000000000002288      0x282 Hw_Uart_Q.o
 .debug_info    0x000000000000250a      0x160 Hw_ISR.o
 .debug_info    0x000000000000266a      0x3fa Hw_Timer.o
 .debug_info    0x0000000000002a64      0x14a Hw_VCom.o
 .debug_info    0x0000000000002bae      0x175 Hw_I2C.o
 .debug_info    0x0000000000002d23      0x8f6 Hw_I2C_HW.o
 .debug_info    0x0000000000003619      0xf03 Hw_Si47xx.o
 .debug_info    0x000000000000451c      0x278 Hw_SPI.o
 .debug_info    0x0000000000004794     0x1257 Hw_N5110G.o
 .debug_info    0x00000000000059eb      0x11a Hw_DMA.o
 .debug_info    0x0000000000005b05      0xfe8 Hw_I2C_IMU.o
 .debug_info    0x0000000000006aed      0x4d1 Hw_MPU6050.o
 .debug_info    0x0000000000006fbe      0x5fd Hw_Sonic.o
 .debug_info    0x00000000000075bb      0x30b Hw_HMC5883.o
 .debug_info    0x00000000000078c6      0x5a2 Hw_IMU.o
 .debug_info    0x0000000000007e68      0x154 usb_desc.o
 .debug_info    0x0000000000007fbc      0x22f usb_endp.o
 .debug_info    0x00000000000081eb      0x372 usb_istr.o
 .debug_info    0x000000000000855d      0xad9 usb_prop.o
 .debug_info    0x0000000000009036      0x34a usb_pwr.o
 .debug_info    0x0000000000009380      0x664 hw_config.o
 .debug_info    0x00000000000099e4      0xddb usb_core.o
 .debug_info    0x000000000000a7bf      0x46d usb_init.o
 .debug_info    0x000000000000ac2c      0x194 usb_mem.o
 .debug_info    0x000000000000adc0      0xd92 usb_regs.o
 .debug_info    0x000000000000bb52      0x1b9 usb_sil.o
 .debug_info    0x000000000000bd0b      0x199 usb_int.o

.debug_abbrev   0x0000000000000000     0x3627
 .debug_abbrev  0x0000000000000000       0xd3 main.o
 .debug_abbrev  0x00000000000000d3       0x44 Ap.o
 .debug_abbrev  0x0000000000000117      0x193 Ap_GLcdMenu.o
 .debug_abbrev  0x00000000000002aa      0x32c Lb_Printf.o
 .debug_abbrev  0x00000000000005d6       0xd0 Hw_StartUp.o
 .debug_abbrev  0x00000000000006a6      0x109 Hw.o
 .debug_abbrev  0x00000000000007af      0x2b6 Hw_Uart.o
 .debug_abbrev  0x0000000000000a65       0x44 Hw_PLL.o
 .debug_abbrev  0x0000000000000aa9      0x103 Hw_Led.o
 .debug_abbrev  0x0000000000000bac      0x130 Hw_Uart_Q.o
 .debug_abbrev  0x0000000000000cdc       0xd1 Hw_ISR.o
 .debug_abbrev  0x0000000000000dad      0x1ef Hw_Timer.o
 .debug_abbrev  0x0000000000000f9c       0xe6 Hw_VCom.o
 .debug_abbrev  0x0000000000001082      0x10b Hw_I2C.o
 .debug_abbrev  0x000000000000118d      0x20c Hw_I2C_HW.o
 .debug_abbrev  0x0000000000001399      0x2a1 Hw_Si47xx.o
 .debug_abbrev  0x000000000000163a      0x1b3 Hw_SPI.o
 .debug_abbrev  0x00000000000017ed      0x3ae Hw_N5110G.o
 .debug_abbrev  0x0000000000001b9b       0xb4 Hw_DMA.o
 .debug_abbrev  0x0000000000001c4f      0x220 Hw_I2C_IMU.o
 .debug_abbrev  0x0000000000001e6f      0x152 Hw_MPU6050.o
 .debug_abbrev  0x0000000000001fc1      0x22a Hw_Sonic.o
 .debug_abbrev  0x00000000000021eb      0x133 Hw_HMC5883.o
 .debug_abbrev  0x000000000000231e      0x155 Hw_IMU.o
 .debug_abbrev  0x0000000000002473       0x5d usb_desc.o
 .debug_abbrev  0x00000000000024d0       0xf2 usb_endp.o
 .debug_abbrev  0x00000000000025c2      0x138 usb_istr.o
 .debug_abbrev  0x00000000000026fa      0x214 usb_prop.o
 .debug_abbrev  0x000000000000290e      0x18b usb_pwr.o
 .debug_abbrev  0x0000000000002a99      0x29f hw_config.o
 .debug_abbrev  0x0000000000002d38      0x383 usb_core.o
 .debug_abbrev  0x00000000000030bb      0x10a usb_init.o
 .debug_abbrev  0x00000000000031c5       0x96 usb_mem.o
 .debug_abbrev  0x000000000000325b      0x227 usb_regs.o
 .debug_abbrev  0x0000000000003482       0xc7 usb_sil.o
 .debug_abbrev  0x0000000000003549       0xde usb_int.o

.debug_loc      0x0000000000000000     0xc05f
 .debug_loc     0x0000000000000000       0x4c main.o
 .debug_loc     0x000000000000004c      0x3e6 Ap_GLcdMenu.o
 .debug_loc     0x0000000000000432     0x174a Lb_Printf.o
 .debug_loc     0x0000000000001b7c       0x6a Hw_StartUp.o
 .debug_loc     0x0000000000001be6      0x1aa Hw.o
 .debug_loc     0x0000000000001d90      0x3c7 Hw_Uart.o
 .debug_loc     0x0000000000002157       0xa2 Hw_Led.o
 .debug_loc     0x00000000000021f9      0x26e Hw_Uart_Q.o
 .debug_loc     0x0000000000002467       0x42 Hw_ISR.o
 .debug_loc     0x00000000000024a9      0x305 Hw_Timer.o
 .debug_loc     0x00000000000027ae       0x8d Hw_VCom.o
 .debug_loc     0x000000000000283b       0xe5 Hw_I2C.o
 .debug_loc     0x0000000000002920     0x11db Hw_I2C_HW.o
 .debug_loc     0x0000000000003afb      0x9c2 Hw_Si47xx.o
 .debug_loc     0x00000000000044bd      0x1f7 Hw_SPI.o
 .debug_loc     0x00000000000046b4     0x2aa4 Hw_N5110G.o
 .debug_loc     0x0000000000007158       0xb6 Hw_DMA.o
 .debug_loc     0x000000000000720e     0x1f9c Hw_I2C_IMU.o
 .debug_loc     0x00000000000091aa      0x16b Hw_MPU6050.o
 .debug_loc     0x0000000000009315      0x388 Hw_Sonic.o
 .debug_loc     0x000000000000969d      0x1aa Hw_HMC5883.o
 .debug_loc     0x0000000000009847      0x221 Hw_IMU.o
 .debug_loc     0x0000000000009a68       0xc7 usb_endp.o
 .debug_loc     0x0000000000009b2f      0x118 usb_istr.o
 .debug_loc     0x0000000000009c47      0x2ab usb_prop.o
 .debug_loc     0x0000000000009ef2      0x368 usb_pwr.o
 .debug_loc     0x000000000000a25a      0x278 hw_config.o
 .debug_loc     0x000000000000a4d2      0xa9f usb_core.o
 .debug_loc     0x000000000000af71       0x20 usb_init.o
 .debug_loc     0x000000000000af91      0x241 usb_mem.o
 .debug_loc     0x000000000000b1d2      0xc1f usb_regs.o
 .debug_loc     0x000000000000bdf1      0x135 usb_sil.o
 .debug_loc     0x000000000000bf26      0x139 usb_int.o

.debug_aranges  0x0000000000000000      0xc78
 .debug_aranges
                0x0000000000000000       0x28 main.o
 .debug_aranges
                0x0000000000000028       0x20 Ap.o
 .debug_aranges
                0x0000000000000048       0x30 Ap_GLcdMenu.o
 .debug_aranges
                0x0000000000000078       0x68 Lb_Printf.o
 .debug_aranges
                0x00000000000000e0       0x20 Hw_StartUp.o
 .debug_aranges
                0x0000000000000100       0x40 Hw.o
 .debug_aranges
                0x0000000000000140       0x78 Hw_Uart.o
 .debug_aranges
                0x00000000000001b8       0x20 Hw_PLL.o
 .debug_aranges
                0x00000000000001d8       0x40 Hw_Led.o
 .debug_aranges
                0x0000000000000218       0x48 Hw_Uart_Q.o
 .debug_aranges
                0x0000000000000260       0x30 Hw_ISR.o
 .debug_aranges
                0x0000000000000290       0x88 Hw_Timer.o
 .debug_aranges
                0x0000000000000318       0x30 Hw_VCom.o
 .debug_aranges
                0x0000000000000348       0x30 Hw_I2C.o
 .debug_aranges
                0x0000000000000378       0x48 Hw_I2C_HW.o
 .debug_aranges
                0x00000000000003c0       0xb8 Hw_Si47xx.o
 .debug_aranges
                0x0000000000000478       0x60 Hw_SPI.o
 .debug_aranges
                0x00000000000004d8       0xb0 Hw_N5110G.o
 .debug_aranges
                0x0000000000000588       0x30 Hw_DMA.o
 .debug_aranges
                0x00000000000005b8       0xa8 Hw_I2C_IMU.o
 .debug_aranges
                0x0000000000000660       0x40 Hw_MPU6050.o
 .debug_aranges
                0x00000000000006a0       0x80 Hw_Sonic.o
 .debug_aranges
                0x0000000000000720       0x38 Hw_HMC5883.o
 .debug_aranges
                0x0000000000000758       0x38 Hw_IMU.o
 .debug_aranges
                0x0000000000000790       0x18 usb_desc.o
 .debug_aranges
                0x00000000000007a8       0x30 usb_endp.o
 .debug_aranges
                0x00000000000007d8       0x20 usb_istr.o
 .debug_aranges
                0x00000000000007f8       0x88 usb_prop.o
 .debug_aranges
                0x0000000000000880       0x40 usb_pwr.o
 .debug_aranges
                0x00000000000008c0       0x90 hw_config.o
 .debug_aranges
                0x0000000000000950       0x98 usb_core.o
 .debug_aranges
                0x00000000000009e8       0x20 usb_init.o
 .debug_aranges
                0x0000000000000a08       0x28 usb_mem.o
 .debug_aranges
                0x0000000000000a30      0x1f0 usb_regs.o
 .debug_aranges
                0x0000000000000c20       0x30 usb_sil.o
 .debug_aranges
                0x0000000000000c50       0x28 usb_int.o

.debug_ranges   0x0000000000000000     0x26e8
 .debug_ranges  0x0000000000000000       0x30 main.o
 .debug_ranges  0x0000000000000030       0x10 Ap.o
 .debug_ranges  0x0000000000000040       0x68 Ap_GLcdMenu.o
 .debug_ranges  0x00000000000000a8      0x198 Lb_Printf.o
 .debug_ranges  0x0000000000000240       0x10 Hw_StartUp.o
 .debug_ranges  0x0000000000000250       0xf8 Hw.o
 .debug_ranges  0x0000000000000348       0xb0 Hw_Uart.o
 .debug_ranges  0x00000000000003f8       0x10 Hw_PLL.o
 .debug_ranges  0x0000000000000408       0x50 Hw_Led.o
 .debug_ranges  0x0000000000000458       0x90 Hw_Uart_Q.o
 .debug_ranges  0x00000000000004e8       0x20 Hw_ISR.o
 .debug_ranges  0x0000000000000508       0xc8 Hw_Timer.o
 .debug_ranges  0x00000000000005d0       0x20 Hw_VCom.o
 .debug_ranges  0x00000000000005f0       0x20 Hw_I2C.o
 .debug_ranges  0x0000000000000610      0x3a8 Hw_I2C_HW.o
 .debug_ranges  0x00000000000009b8       0xc0 Hw_Si47xx.o
 .debug_ranges  0x0000000000000a78       0x50 Hw_SPI.o
 .debug_ranges  0x0000000000000ac8      0xbb0 Hw_N5110G.o
 .debug_ranges  0x0000000000001678       0x20 Hw_DMA.o
 .debug_ranges  0x0000000000001698      0x7f8 Hw_I2C_IMU.o
 .debug_ranges  0x0000000000001e90       0x30 Hw_MPU6050.o
 .debug_ranges  0x0000000000001ec0       0xb8 Hw_Sonic.o
 .debug_ranges  0x0000000000001f78       0x28 Hw_HMC5883.o
 .debug_ranges  0x0000000000001fa0       0x28 Hw_IMU.o
 .debug_ranges  0x0000000000001fc8       0x20 usb_endp.o
 .debug_ranges  0x0000000000001fe8       0x10 usb_istr.o
 .debug_ranges  0x0000000000001ff8       0x78 usb_prop.o
 .debug_ranges  0x0000000000002070       0x30 usb_pwr.o
 .debug_ranges  0x00000000000020a0       0xc0 hw_config.o
 .debug_ranges  0x0000000000002160      0x270 usb_core.o
 .debug_ranges  0x00000000000023d0       0x10 usb_init.o
 .debug_ranges  0x00000000000023e0       0x18 usb_mem.o
 .debug_ranges  0x00000000000023f8      0x2a0 usb_regs.o
 .debug_ranges  0x0000000000002698       0x20 usb_sil.o
 .debug_ranges  0x00000000000026b8       0x30 usb_int.o

.debug_line     0x0000000000000000     0x3f64
 .debug_line    0x0000000000000000       0x73 main.o
 .debug_line    0x0000000000000073       0x3e Ap.o
 .debug_line    0x00000000000000b1      0x1ce Ap_GLcdMenu.o
 .debug_line    0x000000000000027f      0x664 Lb_Printf.o
 .debug_line    0x00000000000008e3       0x89 Hw_StartUp.o
 .debug_line    0x000000000000096c       0xe4 Hw.o
 .debug_line    0x0000000000000a50      0x1ac Hw_Uart.o
 .debug_line    0x0000000000000bfc       0x65 Hw_PLL.o
 .debug_line    0x0000000000000c61       0xb0 Hw_Led.o
 .debug_line    0x0000000000000d11      0x101 Hw_Uart_Q.o
 .debug_line    0x0000000000000e12       0x75 Hw_ISR.o
 .debug_line    0x0000000000000e87      0x22e Hw_Timer.o
 .debug_line    0x00000000000010b5       0x7d Hw_VCom.o
 .debug_line    0x0000000000001132       0x78 Hw_I2C.o
 .debug_line    0x00000000000011aa      0x2db Hw_I2C_HW.o
 .debug_line    0x0000000000001485      0x2f5 Hw_Si47xx.o
 .debug_line    0x000000000000177a      0x191 Hw_SPI.o
 .debug_line    0x000000000000190b      0x4e6 Hw_N5110G.o
 .debug_line    0x0000000000001df1       0xa2 Hw_DMA.o
 .debug_line    0x0000000000001e93      0x54e Hw_I2C_IMU.o
 .debug_line    0x00000000000023e1      0x115 Hw_MPU6050.o
 .debug_line    0x00000000000024f6      0x229 Hw_Sonic.o
 .debug_line    0x000000000000271f       0xe5 Hw_HMC5883.o
 .debug_line    0x0000000000002804      0x117 Hw_IMU.o
 .debug_line    0x000000000000291b       0x4f usb_desc.o
 .debug_line    0x000000000000296a       0xae usb_endp.o
 .debug_line    0x0000000000002a18       0xfc usb_istr.o
 .debug_line    0x0000000000002b14      0x20f usb_prop.o
 .debug_line    0x0000000000002d23      0x18d usb_pwr.o
 .debug_line    0x0000000000002eb0      0x29d hw_config.o
 .debug_line    0x000000000000314d      0x47f usb_core.o
 .debug_line    0x00000000000035cc       0x7a usb_init.o
 .debug_line    0x0000000000003646       0xc4 usb_mem.o
 .debug_line    0x000000000000370a      0x674 usb_regs.o
 .debug_line    0x0000000000003d7e       0xa6 usb_sil.o
 .debug_line    0x0000000000003e24      0x140 usb_int.o

.debug_str      0x0000000000000000     0x29fe
 .debug_str     0x0000000000000000       0xe3 main.o
                                        0x106 (size before relaxing)
 .debug_str     0x00000000000000e3       0x17 Ap.o
                                         0xe9 (size before relaxing)
 .debug_str     0x00000000000000fa      0x1ef Ap_GLcdMenu.o
                                        0x2b1 (size before relaxing)
 .debug_str     0x00000000000002e9      0x134 Lb_Printf.o
                                        0x220 (size before relaxing)
 .debug_str     0x000000000000041d       0x7e Hw_StartUp.o
                                        0x16b (size before relaxing)
 .debug_str     0x000000000000049b       0x52 Hw.o
                                        0x124 (size before relaxing)
 .debug_str     0x00000000000004ed      0x130 Hw_Uart.o
                                        0x217 (size before relaxing)
 .debug_str     0x000000000000061d       0x1f Hw_PLL.o
                                         0xf1 (size before relaxing)
 .debug_str     0x000000000000063c       0x55 Hw_Led.o
                                        0x12d (size before relaxing)
 .debug_str     0x0000000000000691       0xc2 Hw_Uart_Q.o
                                        0x19d (size before relaxing)
 .debug_str     0x0000000000000753       0x96 Hw_ISR.o
                                        0x171 (size before relaxing)
 .debug_str     0x00000000000007e9      0x19c Hw_Timer.o
                                        0x287 (size before relaxing)
 .debug_str     0x0000000000000985       0x3d Hw_VCom.o
                                        0x147 (size before relaxing)
 .debug_str     0x00000000000009c2       0x47 Hw_I2C.o
                                        0x119 (size before relaxing)
 .debug_str     0x0000000000000a09       0xb2 Hw_I2C_HW.o
                                        0x193 (size before relaxing)
 .debug_str     0x0000000000000abb      0x232 Hw_Si47xx.o
                                        0x353 (size before relaxing)
 .debug_str     0x0000000000000ced       0xb8 Hw_SPI.o
                                        0x192 (size before relaxing)
 .debug_str     0x0000000000000da5      0x225 Hw_N5110G.o
                                        0x341 (size before relaxing)
 .debug_str     0x0000000000000fca       0x6e Hw_DMA.o
                                        0x147 (size before relaxing)
 .debug_str     0x0000000000001038      0x1ef Hw_I2C_IMU.o
                                        0x2f6 (size before relaxing)
 .debug_str     0x0000000000001227      0x13f Hw_MPU6050.o
                                        0x26c (size before relaxing)
 .debug_str     0x0000000000001366      0x15d Hw_Sonic.o
                                        0x255 (size before relaxing)
 .debug_str     0x00000000000014c3       0xd8 Hw_HMC5883.o
                                        0x208 (size before relaxing)
 .debug_str     0x000000000000159b       0x80 Hw_IMU.o
                                        0x2ad (size before relaxing)
 .debug_str     0x000000000000161b       0xd3 usb_desc.o
                                        0x1b6 (size before relaxing)
 .debug_str     0x00000000000016ee      0x128 usb_endp.o
                                        0x20b (size before relaxing)
 .debug_str     0x0000000000001816      0x1b6 usb_istr.o
                                        0x323 (size before relaxing)
 .debug_str     0x00000000000019cc      0x4f1 usb_prop.o
                                        0x8c0 (size before relaxing)
 .debug_str     0x0000000000001ebd       0x81 usb_pwr.o
                                        0x2d5 (size before relaxing)
 .debug_str     0x0000000000001f3e      0x176 hw_config.o
                                        0x489 (size before relaxing)
 .debug_str     0x00000000000020b4      0x42a usb_core.o
                                        0x9c9 (size before relaxing)
 .debug_str     0x00000000000024de       0x35 usb_init.o
                                        0x4a8 (size before relaxing)
 .debug_str     0x0000000000002513       0x71 usb_mem.o
                                        0x15d (size before relaxing)
 .debug_str     0x0000000000002584      0x3dd usb_regs.o
                                        0x4e5 (size before relaxing)
 .debug_str     0x0000000000002961       0x6f usb_sil.o
                                        0x16b (size before relaxing)
 .debug_str     0x00000000000029d0       0x2e usb_int.o
                                        0x165 (size before relaxing)

.comment        0x0000000000000000       0x70
 .comment       0x0000000000000000       0x70 main.o
                                         0x71 (size before relaxing)
 .comment       0x0000000000000000       0x71 Ap.o
 .comment       0x0000000000000000       0x71 Ap_GLcdMenu.o
 .comment       0x0000000000000000       0x71 Lb_Printf.o
 .comment       0x0000000000000000       0x71 Hw_StartUp.o
 .comment       0x0000000000000000       0x71 Hw.o
 .comment       0x0000000000000000       0x71 Hw_Uart.o
 .comment       0x0000000000000000       0x71 Hw_PLL.o
 .comment       0x0000000000000000       0x71 Hw_Led.o
 .comment       0x0000000000000000       0x71 Hw_Uart_Q.o
 .comment       0x0000000000000000       0x71 Hw_ISR.o
 .comment       0x0000000000000000       0x71 Hw_Timer.o
 .comment       0x0000000000000000       0x71 Hw_VCom.o
 .comment       0x0000000000000000       0x71 Hw_I2C.o
 .comment       0x0000000000000000       0x71 Hw_I2C_HW.o
 .comment       0x0000000000000000       0x71 Hw_Si47xx.o
 .comment       0x0000000000000000       0x71 Hw_SPI.o
 .comment       0x0000000000000000       0x71 Hw_N5110G.o
 .comment       0x0000000000000000       0x71 Hw_DMA.o
 .comment       0x0000000000000000       0x71 Hw_I2C_IMU.o
 .comment       0x0000000000000000       0x71 Hw_MPU6050.o
 .comment       0x0000000000000000       0x71 Hw_Sonic.o
 .comment       0x0000000000000000       0x71 Hw_HMC5883.o
 .comment       0x0000000000000000       0x71 Hw_IMU.o
 .comment       0x0000000000000000       0x71 usb_desc.o
 .comment       0x0000000000000000       0x71 usb_endp.o
 .comment       0x0000000000000000       0x71 usb_istr.o
 .comment       0x0000000000000000       0x71 usb_prop.o
 .comment       0x0000000000000000       0x71 usb_pwr.o
 .comment       0x0000000000000000       0x71 hw_config.o
 .comment       0x0000000000000000       0x71 usb_core.o
 .comment       0x0000000000000000       0x71 usb_init.o
 .comment       0x0000000000000000       0x71 usb_mem.o
 .comment       0x0000000000000000       0x71 usb_regs.o
 .comment       0x0000000000000000       0x71 usb_sil.o
 .comment       0x0000000000000000       0x71 usb_int.o

.debug_frame    0x0000000000000000     0x1fe0
 .debug_frame   0x0000000000000000       0x48 main.o
 .debug_frame   0x0000000000000048       0x20 Ap.o
 .debug_frame   0x0000000000000068       0x84 Ap_GLcdMenu.o
 .debug_frame   0x00000000000000ec      0x19c Lb_Printf.o
 .debug_frame   0x0000000000000288       0x3c Hw_StartUp.o
 .debug_frame   0x00000000000002c4       0x88 Hw.o
 .debug_frame   0x000000000000034c      0x168 Hw_Uart.o
 .debug_frame   0x00000000000004b4       0x20 Hw_PLL.o
 .debug_frame   0x00000000000004d4       0x64 Hw_Led.o
 .debug_frame   0x0000000000000538       0x8c Hw_Uart_Q.o
 .debug_frame   0x00000000000005c4       0x40 Hw_ISR.o
 .debug_frame   0x0000000000000604      0x14c Hw_Timer.o
 .debug_frame   0x0000000000000750       0x64 Hw_VCom.o
 .debug_frame   0x00000000000007b4       0x58 Hw_I2C.o
 .debug_frame   0x000000000000080c       0xcc Hw_I2C_HW.o
 .debug_frame   0x00000000000008d8      0x2b4 Hw_Si47xx.o
 .debug_frame   0x0000000000000b8c       0xac Hw_SPI.o
 .debug_frame   0x0000000000000c38      0x24c Hw_N5110G.o
 .debug_frame   0x0000000000000e84       0x54 Hw_DMA.o
 .debug_frame   0x0000000000000ed8      0x234 Hw_I2C_IMU.o
 .debug_frame   0x000000000000110c       0xb0 Hw_MPU6050.o
 .debug_frame   0x00000000000011bc      0x130 Hw_Sonic.o
 .debug_frame   0x00000000000012ec       0x80 Hw_HMC5883.o
 .debug_frame   0x000000000000136c       0xb0 Hw_IMU.o
 .debug_frame   0x000000000000141c       0x68 usb_endp.o
 .debug_frame   0x0000000000001484       0x30 usb_istr.o
 .debug_frame   0x00000000000014b4      0x148 usb_prop.o
 .debug_frame   0x00000000000015fc       0xb0 usb_pwr.o
 .debug_frame   0x00000000000016ac      0x168 hw_config.o
 .debug_frame   0x0000000000001814      0x1ec usb_core.o
 .debug_frame   0x0000000000001a00       0x2c usb_init.o
 .debug_frame   0x0000000000001a2c       0x48 usb_mem.o
 .debug_frame   0x0000000000001a74      0x3e4 usb_regs.o
 .debug_frame   0x0000000000001e58       0x68 usb_sil.o
 .debug_frame   0x0000000000001ec0       0x70 usb_int.o
 .debug_frame   0x0000000000001f30       0x20 /Users/imac/Develop/stm32f4/arm_gcc/gcc-arm-none-eabi-4_7-2013q3/bin/../lib/gcc/arm-none-eabi/4.7.4/../../../../arm-none-eabi/lib/armv7-m/libm.a(lib_a-w_atan2.o)
 .debug_frame   0x0000000000001f50       0x38 /Users/imac/Develop/stm32f4/arm_gcc/gcc-arm-none-eabi-4_7-2013q3/bin/../lib/gcc/arm-none-eabi/4.7.4/../../../../arm-none-eabi/lib/armv7-m/libm.a(lib_a-e_atan2.o)
 .debug_frame   0x0000000000001f88       0x38 /Users/imac/Develop/stm32f4/arm_gcc/gcc-arm-none-eabi-4_7-2013q3/bin/../lib/gcc/arm-none-eabi/4.7.4/../../../../arm-none-eabi/lib/armv7-m/libm.a(lib_a-s_atan.o)
 .debug_frame   0x0000000000001fc0       0x20 /Users/imac/Develop/stm32f4/arm_gcc/gcc-arm-none-eabi-4_7-2013q3/bin/../lib/gcc/arm-none-eabi/4.7.4/../../../../arm-none-eabi/lib/armv7-m/libm.a(lib_a-s_fabs.o)

Cross Reference Table

Symbol                                            File
Ap_GLcdMenu_ExeCmd                                Ap_GLcdMenu.o
                                                  main.o
Ap_GLcdMenu_GetCmd                                Ap_GLcdMenu.o
Ap_GLcdMenu_ShowMenu                              Ap_GLcdMenu.o
Ap_Init                                           Ap.o
                                                  main.o
Ap_RadioMenu_ExeCmd                               Ap_RadioMenu.o
Ap_RadioMenu_GetCmd                               Ap_RadioMenu.o
Ap_RadioMenu_ShowMenu                             Ap_RadioMenu.o
Ap_Radio_AM_ChannelGet                            Ap_Radio.o
Ap_Radio_AM_ChannelSet                            Ap_Radio.o
Ap_Radio_ApiStart                                 Ap_Radio.o
Ap_Radio_BandGet                                  Ap_Radio.o
                                                  Ap_RadioMenu.o
Ap_Radio_BandSetAM                                Ap_Radio.o
                                                  Ap_RadioMenu.o
Ap_Radio_BandSetFM                                Ap_Radio.o
                                                  Ap_RadioMenu.o
Ap_Radio_ChannelGet                               Ap_Radio.o
                                                  Ap_RadioMenu.o
Ap_Radio_ChannelSet                               Ap_Radio.o
                                                  Ap_RadioMenu.o
Ap_Radio_ChannelSetFirst                          Ap_Radio.o
                                                  Ap_RadioMenu.o
Ap_Radio_ChannelSetLast                           Ap_Radio.o
Ap_Radio_ChannelSetNext                           Ap_Radio.o
                                                  Ap_RadioMenu.o
Ap_Radio_ChannelSetPrev                           Ap_Radio.o
                                                  Ap_RadioMenu.o
Ap_Radio_FM_ChannelGet                            Ap_Radio.o
Ap_Radio_FM_ChannelSet                            Ap_Radio.o
Ap_Radio_Init                                     Ap_Radio.o
Ap_Radio_Log                                      Ap_Radio.o
Ap_Radio_MuteSetOff                               Ap_Radio.o
Ap_Radio_MuteSetOn                                Ap_Radio.o
Ap_Radio_SeekFromFirst                            Ap_Radio.o
Ap_Radio_SeekFromLast                             Ap_Radio.o
Ap_Radio_SeekToFirst                              Ap_Radio.o
                                                  Ap_RadioMenu.o
Ap_Radio_SeekToLast                               Ap_Radio.o
                                                  Ap_RadioMenu.o
Ap_Radio_VolumeGet                                Ap_Radio.o
                                                  Ap_RadioMenu.o
Ap_Radio_VolumeSet                                Ap_Radio.o
Ap_Radio_VolumeSetDown                            Ap_Radio.o
                                                  Ap_RadioMenu.o
Ap_Radio_VolumeSetUp                              Ap_Radio.o
                                                  Ap_RadioMenu.o
ByteSwap                                          usb_regs.o
                                                  usb_core.o
CTR_HP                                            usb_int.o
CTR_LP                                            usb_int.o
                                                  usb_istr.o
ClearDTOG_RX                                      usb_regs.o
                                                  usb_core.o
ClearDTOG_TX                                      usb_regs.o
                                                  usb_core.o
ClearEPDoubleBuff                                 usb_regs.o
ClearEP_CTR_RX                                    usb_regs.o
ClearEP_CTR_TX                                    usb_regs.o
ClearEP_KIND                                      usb_regs.o
Clear_Status_Out                                  usb_regs.o
                                                  usb_prop.o
Config_Descriptor                                 usb_prop.o
Data_Mul_MaxPacketSize                            usb_core.o
DecToLong                                         Lb_Printf.o
Device_Descriptor                                 usb_prop.o
Device_Info                                       usb_init.o
                                                  hw_config.o
                                                  usb_prop.o
Device_Property                                   usb_prop.o
                                                  usb_init.o
                                                  usb_core.o
                                                  usb_istr.o
Device_Table                                      usb_prop.o
                                                  usb_core.o
EP                                                usb_pwr.o
EP1_IN_Callback                                   usb_endp.o
                                                  usb_istr.o
EP3_OUT_Callback                                  usb_endp.o
                                                  usb_istr.o
EPindex                                           usb_int.o
                                                  usb_init.o
Enter_LowPowerMode                                hw_config.o
FreeUserBuffer                                    usb_regs.o
GetBTABLE                                         usb_regs.o
GetCNTR                                           usb_regs.o
GetDADDR                                          usb_regs.o
GetENDPOINT                                       usb_regs.o
GetEPAddress                                      usb_regs.o
GetEPDblBuf0Addr                                  usb_regs.o
GetEPDblBuf0Count                                 usb_regs.o
GetEPDblBuf1Addr                                  usb_regs.o
GetEPDblBuf1Count                                 usb_regs.o
GetEPDblBufDir                                    usb_regs.o
GetEPRxAddr                                       usb_regs.o
                                                  usb_sil.o
                                                  usb_core.o
GetEPRxCount                                      usb_regs.o
                                                  usb_sil.o
GetEPRxStatus                                     usb_regs.o
GetEPTxAddr                                       usb_regs.o
                                                  usb_sil.o
                                                  usb_core.o
GetEPTxCount                                      usb_regs.o
GetEPTxStatus                                     usb_regs.o
GetEPType                                         usb_regs.o
GetFNR                                            usb_regs.o
GetISTR                                           usb_regs.o
GetRxStallStatus                                  usb_regs.o
GetTxStallStatus                                  usb_regs.o
Get_SerialNum                                     hw_config.o
                                                  usb_prop.o
HW_UART_Q_SIZE                                    Hw_Uart_Q.o
HW_UART_Q_VAILD                                   Hw_Uart_Q.o
                                                  Hw_VCom.o
                                                  Hw_Uart.o
Handle_USBAsynchXfer                              hw_config.o
                                                  usb_endp.o
Hw_DMA_Init                                       Hw_DMA.o
                                                  Hw.o
Hw_DMA_SPI2_IsTransFinished                       Hw_DMA.o
                                                  Hw_N5110G.o
Hw_DMA_SPI2_Setup                                 Hw_DMA.o
                                                  Hw_N5110G.o
Hw_HMC5883_CheckID                                Hw_HMC5883.o
Hw_HMC5883_EnableFlag                             Hw_HMC5883.o
Hw_HMC5883_GetData                                Hw_HMC5883.o
                                                  Hw_IMU.o
                                                  Ap_GLcdMenu.o
Hw_HMC5883_GetEnable                              Hw_HMC5883.o
                                                  Hw_IMU.o
Hw_HMC5883_Init                                   Hw_HMC5883.o
                                                  Hw_IMU.o
Hw_I2C_HW_GetErrStatus                            Hw_I2C_HW.o
Hw_I2C_HW_IO_Setup                                Hw_I2C_HW.o
Hw_I2C_HW_Init                                    Hw_I2C_HW.o
                                                  Hw_I2C.o
Hw_I2C_HW_Read                                    Hw_I2C_HW.o
Hw_I2C_HW_WaitForBitSet                           Hw_I2C_HW.o
Hw_I2C_HW_Write                                   Hw_I2C_HW.o
                                                  Hw_I2C.o
Hw_I2C_IMU_GetErrStatus                           Hw_I2C_IMU.o
Hw_I2C_IMU_HMC5883_ReadReg                        Hw_I2C_IMU.o
                                                  Ap_GLcdMenu.o
Hw_I2C_IMU_HMC5883_ReadRegs                       Hw_I2C_IMU.o
                                                  Hw_HMC5883.o
Hw_I2C_IMU_HMC5883_WriteAddr                      Hw_I2C_IMU.o
                                                  Hw_HMC5883.o
Hw_I2C_IMU_HMC5883_WriteReg                       Hw_I2C_IMU.o
Hw_I2C_IMU_HMC5883_WriteRegs                      Hw_I2C_IMU.o
                                                  Hw_HMC5883.o
Hw_I2C_IMU_IO_Setup                               Hw_I2C_IMU.o
Hw_I2C_IMU_Init                                   Hw_I2C_IMU.o
                                                  Hw_HMC5883.o
                                                  Hw_MPU6050.o
Hw_I2C_IMU_MPU6050_ReadReg                        Hw_I2C_IMU.o
                                                  Hw_MPU6050.o
                                                  Ap_GLcdMenu.o
Hw_I2C_IMU_MPU6050_ReadRegs                       Hw_I2C_IMU.o
                                                  Hw_MPU6050.o
Hw_I2C_IMU_MPU6050_WriteReg                       Hw_I2C_IMU.o
                                                  Hw_MPU6050.o
Hw_I2C_IMU_MPU6050_WriteRegs                      Hw_I2C_IMU.o
Hw_I2C_IMU_Read                                   Hw_I2C_IMU.o
Hw_I2C_IMU_ReadRegs                               Hw_I2C_IMU.o
Hw_I2C_IMU_WaitForBitClr                          Hw_I2C_IMU.o
Hw_I2C_IMU_WaitForBitSet                          Hw_I2C_IMU.o
Hw_I2C_IMU_Write                                  Hw_I2C_IMU.o
Hw_I2C_IMU_WriteRegs                              Hw_I2C_IMU.o
Hw_I2C_Init                                       Hw_I2C.o
                                                  Hw_Si47xx.o
                                                  Hw.o
Hw_I2C_Read                                       Hw_I2C.o
                                                  Hw_Si47xx.o
Hw_I2C_SW_EndTransmit                             Hw_I2C_SW.o
Hw_I2C_SW_IO_Setup                                Hw_I2C_SW.o
Hw_I2C_SW_Init                                    Hw_I2C_SW.o
Hw_I2C_SW_Read                                    Hw_I2C_SW.o
Hw_I2C_SW_ReadByte_Ack                            Hw_I2C_SW.o
Hw_I2C_SW_ReadByte_NoAck                          Hw_I2C_SW.o
Hw_I2C_SW_SCL_HIGH                                Hw_I2C_SW.o
Hw_I2C_SW_SCL_LOW                                 Hw_I2C_SW.o
Hw_I2C_SW_SDA                                     Hw_I2C_SW.o
Hw_I2C_SW_SDA_HIGH                                Hw_I2C_SW.o
Hw_I2C_SW_SDA_LOW                                 Hw_I2C_SW.o
Hw_I2C_SW_SetDir_SDA_Input                        Hw_I2C_SW.o
Hw_I2C_SW_SetDir_SDA_Output                       Hw_I2C_SW.o
Hw_I2C_SW_StartTransmit                           Hw_I2C_SW.o
Hw_I2C_SW_Write                                   Hw_I2C_SW.o
Hw_I2C_SW_WriteByte_Ack                           Hw_I2C_SW.o
Hw_I2C_SW_WriteByte_NoAck                         Hw_I2C_SW.o
Hw_I2C_Write                                      Hw_I2C.o
                                                  Hw_Si47xx.o
Hw_IMU_GetData                                    Hw_IMU.o
                                                  Ap_GLcdMenu.o
Hw_IMU_Init                                       Hw_IMU.o
                                                  Hw.o
Hw_IMU_Reset                                      Hw_IMU.o
Hw_IMU_Update                                     Hw_IMU.o
                                                  Ap_GLcdMenu.o
Hw_ISR_Init                                       Hw_ISR.o
                                                  Hw.o
Hw_ISR_SetIRQFunc                                 Hw_ISR.o
                                                  Hw_Sonic.o
                                                  Hw_Uart.o
Hw_ISR_SetIRQFuncByAddr                           Hw_ISR.o
                                                  hw_config.o
                                                  Hw_Timer.o
Hw_ISR_UART1_Handler                              Hw_Uart.o
Hw_ISR_VectorTable                                Hw_ISR.o
Hw_Init                                           Hw.o
                                                  main.o
Hw_Led_Init                                       Hw_Led.o
                                                  Hw.o
Hw_Led_Off                                        Hw_Led.o
Hw_Led_On                                         Hw_Led.o
Hw_Led_Toggle                                     Hw_Led.o
                                                  main.o
Hw_Led_Wait                                       Hw_Led.o
Hw_MPU6050_EnableFlag                             Hw_MPU6050.o
Hw_MPU6050_GetData                                Hw_MPU6050.o
                                                  Hw_IMU.o
                                                  Ap_GLcdMenu.o
Hw_MPU6050_GetEnable                              Hw_MPU6050.o
Hw_MPU6050_I2CAuxMasterDisable                    Hw_MPU6050.o
Hw_MPU6050_I2CAuxMasterEnable                     Hw_MPU6050.o
Hw_MPU6050_Init                                   Hw_MPU6050.o
                                                  Hw_IMU.o
Hw_N5100G_FrameTick                               Hw_N5110G.o
Hw_N5110G_Clear                                   Hw_N5110G.o
                                                  Ap_GLcdMenu.o
Hw_N5110G_ClrPixel                                Hw_N5110G.o
Hw_N5110G_DrawCircle                              Hw_N5110G.o
                                                  Ap_GLcdMenu.o
Hw_N5110G_DrawClear                               Hw_N5110G.o
Hw_N5110G_DrawClearRect                           Hw_N5110G.o
Hw_N5110G_DrawPrint                               Hw_N5110G.o
Hw_N5110G_DrawRequest                             Hw_N5110G.o
                                                  Ap_GLcdMenu.o
Hw_N5110G_Font6_8                                 Hw_N5110G.o
Hw_N5110G_Frame_DrawReq                           Hw_N5110G.o
Hw_N5110G_Frame_Index                             Hw_N5110G.o
Hw_N5110G_GetPixel                                Hw_N5110G.o
Hw_N5110G_Goto                                    Hw_N5110G.o
Hw_N5110G_Init                                    Hw_N5110G.o
                                                  Hw.o
Hw_N5110G_Print                                   Hw_N5110G.o
                                                  Ap_GLcdMenu.o
Hw_N5110G_Reset                                   Hw_N5110G.o
Hw_N5110G_RxFrameBuf                              Hw_N5110G.o
Hw_N5110G_SetPixel                                Hw_N5110G.o
Hw_N5110G_TxFrameBuf                              Hw_N5110G.o
Hw_N5110G_WriteByte                               Hw_N5110G.o
Hw_N5110G_WriteChar                               Hw_N5110G.o
Hw_N5110G_WriteCmd                                Hw_N5110G.o
Hw_N5110G_WriteStr                                Hw_N5110G.o
Hw_N5110G_XorPixel                                Hw_N5110G.o
Hw_PLL_Init                                       Hw_PLL.o
                                                  Hw.o
Hw_SPI_Ch1_Init                                   Hw_SPI.o
Hw_SPI_Ch2_Init                                   Hw_SPI.o
Hw_SPI_Disable                                    Hw_SPI.o
Hw_SPI_Enable                                     Hw_SPI.o
Hw_SPI_Init                                       Hw_SPI.o
                                                  Hw_N5110G.o
Hw_SPI_StartDMA                                   Hw_SPI.o
                                                  Hw_N5110G.o
Hw_SPI_StopDMA                                    Hw_SPI.o
Hw_SPI_Write16Bit                                 Hw_SPI.o
Hw_SPI_Write8Bit                                  Hw_SPI.o
                                                  Hw_N5110G.o
Hw_Si47xx_AM_Config                               Hw_Si47xx.o
                                                  Ap_Radio.o
Hw_Si47xx_AM_SEEK_START                           Hw_Si47xx.o
                                                  Ap_Radio.o
Hw_Si47xx_AM_TUNE_FREQ                            Hw_Si47xx.o
                                                  Ap_Radio.o
Hw_Si47xx_AM_TUNE_STATUS                          Hw_Si47xx.o
                                                  Ap_Radio.o
Hw_Si47xx_CommandResp                             Hw_Si47xx.o
Hw_Si47xx_FM_Config                               Hw_Si47xx.o
                                                  Ap_Radio.o
Hw_Si47xx_FM_SEEK_START                           Hw_Si47xx.o
                                                  Ap_Radio.o
Hw_Si47xx_FM_TUNE_FREQ                            Hw_Si47xx.o
                                                  Ap_Radio.o
Hw_Si47xx_FM_TUNE_STATUS                          Hw_Si47xx.o
                                                  Ap_Radio.o
Hw_Si47xx_GET_INT_STATUS                          Hw_Si47xx.o
Hw_Si47xx_GET_PROPERTY                            Hw_Si47xx.o
                                                  Ap_Radio.o
Hw_Si47xx_Init                                    Hw_Si47xx.o
                                                  Hw.o
                                                  Ap_Radio.o
Hw_Si47xx_LastResp                                Hw_Si47xx.o
Hw_Si47xx_POWER_UP                                Hw_Si47xx.o
Hw_Si47xx_ReadResp                                Hw_Si47xx.o
                                                  Ap_Radio.o
Hw_Si47xx_ReceiveResponse                         Hw_Si47xx.o
Hw_Si47xx_Reset                                   Hw_Si47xx.o
Hw_Si47xx_SET_PROPERTY                            Hw_Si47xx.o
                                                  Ap_Radio.o
Hw_Si47xx_SendCommand                             Hw_Si47xx.o
Hw_Si47xx_WaitForCTS                              Hw_Si47xx.o
Hw_Si47xx_WaitForSTC                              Hw_Si47xx.o
                                                  Ap_Radio.o
Hw_Sonic_ExIntDisable                             Hw_Sonic.o
Hw_Sonic_ExIntEnable                              Hw_Sonic.o
Hw_Sonic_GetDistanceMM                            Hw_Sonic.o
                                                  Ap_GLcdMenu.o
Hw_Sonic_GetDistanceTime                          Hw_Sonic.o
Hw_Sonic_GetPort                                  Hw_Sonic.o
Hw_Sonic_ISR                                      Hw_Sonic.o
Hw_Sonic_Init                                     Hw_Sonic.o
Hw_Sonic_Log                                      Hw_Sonic.o
Hw_Sonic_SetPortDirIN                             Hw_Sonic.o
Hw_Sonic_SetPortDirOUT                            Hw_Sonic.o
Hw_Sonic_SetPortHIGH                              Hw_Sonic.o
Hw_Sonic_SetPortLOW                               Hw_Sonic.o
Hw_Sonic_Tick                                     Hw_Sonic.o
Hw_StartUp_Init                                   Hw_StartUp.o
Hw_Timer_Delay_ms                                 Hw_Timer.o
                                                  Hw_N5110G.o
                                                  Hw_Si47xx.o
Hw_Timer_Get_CountValue                           Hw_Timer.o
                                                  Hw_Si47xx.o
Hw_Timer_Get_Handle                               Hw_Timer.o
Hw_Timer_Get_u16Count_Usec                        Hw_Timer.o
                                                  Hw_Sonic.o
                                                  Ap_GLcdMenu.o
Hw_Timer_ISR                                      Hw_Timer.o
Hw_Timer_Init                                     Hw_Timer.o
                                                  Hw.o
Hw_Timer_MeasureSetup                             Hw_Timer.o
Hw_Timer_Reset                                    Hw_Timer.o
Hw_Timer_Set                                      Hw_Timer.o
                                                  Hw_Sonic.o
                                                  Hw_N5110G.o
                                                  main.o
Hw_Timer_Setup                                    Hw_Timer.o
Hw_Timer_SetupISR                                 Hw_Timer.o
Hw_Timer_Start                                    Hw_Timer.o
                                                  Hw_Sonic.o
                                                  Hw_N5110G.o
                                                  main.o
Hw_Timer_Stop                                     Hw_Timer.o
Hw_Timer_Tick                                     Hw_Timer.o
Hw_Uart_Ch                                        Hw_Uart.o
Hw_Uart_Getch                                     Hw_Uart.o
Hw_Uart_GetchNoWait                               Hw_Uart.o
Hw_Uart_Init                                      Hw_Uart.o
                                                  Hw.o
Hw_Uart_Open                                      Hw_Uart.o
Hw_Uart_Open_COM1                                 Hw_Uart.o
Hw_Uart_Print                                     Hw_Uart.o
Hw_Uart_PrintEx                                   Hw_Uart.o
Hw_Uart_Putch                                     Hw_Uart.o
Hw_Uart_Q_Buffer                                  Hw_Uart_Q.o
Hw_Uart_Q_End                                     Hw_Uart_Q.o
Hw_Uart_Q_Init                                    Hw_Uart_Q.o
                                                  Hw_Uart.o
Hw_Uart_Q_Pop                                     Hw_Uart_Q.o
                                                  Hw_VCom.o
                                                  Hw_Uart.o
Hw_Uart_Q_Push                                    Hw_Uart_Q.o
                                                  hw_config.o
                                                  Hw_Uart.o
Hw_Uart_Q_PushReady                               Hw_Uart_Q.o
Hw_Uart_Q_Size                                    Hw_Uart_Q.o
Hw_Uart_Q_Start                                   Hw_Uart_Q.o