Archive member included because of file (symbol)

/Users/imac/Develop/stm32f4/arm_gcc/gcc-arm-none-eabi-4_7-2013q3/bin/../lib/gcc/arm-none-eabi/4.7.4/../../../../arm-none-eabi/lib/armv7-m/libc.a(lib_a-errno.o)
                              Lb_Util.o (__errno)
/Users/imac/Develop/stm32f4/arm_gcc/gcc-arm-none-eabi-4_7-2013q3/bin/../lib/gcc/arm-none-eabi/4.7.4/../../../../arm-none-eabi/lib/armv7-m/libc.a(lib_a-impure.o)
                              /Users/imac/Develop/stm32f4/arm_gcc/gcc-arm-none-eabi-4_7-2013q3/bin/../lib/gcc/arm-none-eabi/4.7.4/../../../../arm-none-eabi/lib/armv7-m/libc.a(lib_a-errno.o) (_impure_ptr)
/Users/imac/Develop/stm32f4/arm_gcc/gcc-arm-none-eabi-4_7-2013q3/bin/../lib/gcc/arm-none-eabi/4.7.4/../../../../arm-none-eabi/lib/armv7-m/libc.a(lib_a-strtok.o)
                              Lb_Util.o (strtok)
/Users/imac/Develop/stm32f4/arm_gcc/gcc-arm-none-eabi-4_7-2013q3/bin/../lib/gcc/arm-none-eabi/4.7.4/../../../../arm-none-eabi/lib/armv7-m/libc.a(lib_a-strtok_r.o)
                              /Users/imac/Develop/stm32f4/arm_gcc/gcc-arm-none-eabi-4_7-2013q3/bin/../lib/gcc/arm-none-eabi/4.7.4/../../../../arm-none-eabi/lib/armv7-m/libc.a(lib_a-strtok.o) (__strtok_r)

Allocating common symbols
Common symbol       size              file

SaveRState          0x2               usb_int.o
Hw_Si47xx_LastResp  0x10              Hw_Si47xx.o
Hw_N5110G_TxFrameBuf
                    0x1f8             Hw_N5110G.o
SaveState           0x2               usb_init.o
Hw_ISR_VectorTable  0x190             Hw_ISR.o
Hw_Uart_Q_Buffer    0xe7              Hw_Uart_Q.o
Hw_N5110G_Frame_Index
                    0x2               Hw_N5110G.o
wIstr               0x2               usb_istr.o
pProperty           0x4               usb_init.o
EPindex             0x1               usb_init.o
Hw_Uart_Ch          0x3c              Hw_Uart.o
SaveTState          0x2               usb_int.o
Device_Info         0x1c              usb_init.o
pUser_Standard_Requests
                    0x4               usb_init.o
USB_Rx_Buffer       0x40              usb_endp.o
USART_Rx_Buffer     0x800             hw_config.o
StatusInfo          0x2               usb_core.o
pInformation        0x4               usb_init.o
ResumeS             0x2               usb_pwr.o
Hw_Uart_Q_Size      0xe               Hw_Uart_Q.o
Ap_Radio_Log        0x16              Ap_Radio.o
Hw_N5110G_Frame_DrawReq
                    0x4               Hw_N5110G.o
pStrPrintBuf        0x4               Lb_Printf.o
Hw_Uart_Q_End       0xe               Hw_Uart_Q.o
EP                  0x20              usb_pwr.o
Hw_N5110G_RxFrameBuf
                    0x1f8             Hw_N5110G.o
wInterrupt_Mask     0x2               usb_init.o
Hw_Uart_Q_Start     0xe               Hw_Uart_Q.o

Discarded input sections

 .text          0x0000000000000000        0x0 main.o
 .data          0x0000000000000000        0x0 main.o
 .bss           0x0000000000000000        0x0 main.o
 .text          0x0000000000000000        0x0 Ap.o
 .data          0x0000000000000000        0x0 Ap.o
 .bss           0x0000000000000000        0x0 Ap.o
 .text          0x0000000000000000        0x0 Ap_RadioMenu.o
 .data          0x0000000000000000        0x0 Ap_RadioMenu.o
 .bss           0x0000000000000000        0x0 Ap_RadioMenu.o
 .text.TimerDebug_Tick
                0x0000000000000000       0x18 Ap_RadioMenu.o
 .text.Ap_RadioMenu_ShowMenu
                0x0000000000000000       0xa4 Ap_RadioMenu.o
 .text.Ap_RadioMenu_GetCmd
                0x0000000000000000       0xb4 Ap_RadioMenu.o
 .text.Ap_RadioMenu_ExeCmd
                0x0000000000000000      0x394 Ap_RadioMenu.o
 .bss.AM_Freq_Index.4387
                0x0000000000000000        0x2 Ap_RadioMenu.o
 .rodata.str1.4
                0x0000000000000000      0x400 Ap_RadioMenu.o
 .bss.FM_Freq_Index.4385
                0x0000000000000000        0x2 Ap_RadioMenu.o
 .bss.Band_Mode.4384
                0x0000000000000000        0x1 Ap_RadioMenu.o
 .rodata.AM_Freq.4388
                0x0000000000000000       0x14 Ap_RadioMenu.o
 .rodata.FM_Freq.4386
                0x0000000000000000       0x38 Ap_RadioMenu.o
 .debug_info    0x0000000000000000      0x5e2 Ap_RadioMenu.o
 .debug_abbrev  0x0000000000000000      0x158 Ap_RadioMenu.o
 .debug_loc     0x0000000000000000      0x25e Ap_RadioMenu.o
 .debug_aranges
                0x0000000000000000       0x38 Ap_RadioMenu.o
 .debug_ranges  0x0000000000000000       0x28 Ap_RadioMenu.o
 .debug_line    0x0000000000000000      0x150 Ap_RadioMenu.o
 .debug_str     0x0000000000000000      0x1a8 Ap_RadioMenu.o
 .comment       0x0000000000000000       0x71 Ap_RadioMenu.o
 .ARM.attributes
                0x0000000000000000       0x33 Ap_RadioMenu.o
 .debug_frame   0x0000000000000000       0xa0 Ap_RadioMenu.o
 .text          0x0000000000000000        0x0 Ap_Radio.o
 .data          0x0000000000000000        0x0 Ap_Radio.o
 .bss           0x0000000000000000        0x0 Ap_Radio.o
 .text.Ap_Radio_ApiStart
[...]
Memory Configuration

Name             Origin             Length             Attributes
RAM              0x0000000020000000 0x0000000000005000 xrw
EXTSRAM          0x0000000068000000 0x0000000000000000 xrw
FLASH            0x0000000008000000 0x000000000001f800 xr
EEMUL            0x000000000801f800 0x0000000000000800 xrw
*default*        0x0000000000000000 0xffffffffffffffff

Linker script and memory map

LOAD main.o
LOAD Ap.o
LOAD Ap_RadioMenu.o
LOAD Ap_Radio.o
LOAD Ap_GLcdMenu.o
LOAD Lb_Util.o
LOAD Lb_Printf.o
LOAD Hw_StartUp.o
LOAD Hw.o
LOAD Hw_Uart.o
LOAD Hw_PLL.o
LOAD Hw_Led.o
LOAD Hw_Uart_Q.o
LOAD Hw_ISR.o
LOAD Hw_Timer.o
LOAD Hw_VCom.o
LOAD Hw_I2C.o
LOAD Hw_I2C_SW.o
LOAD Hw_I2C_HW.o
LOAD Hw_Si47xx.o
LOAD Hw_SPI.o
LOAD Hw_N5110G.o
LOAD Hw_DMA.o
LOAD usb_desc.o
LOAD usb_endp.o
LOAD usb_istr.o
LOAD usb_prop.o
LOAD usb_pwr.o
LOAD hw_config.o
LOAD usb_core.o
LOAD usb_init.o
LOAD usb_mem.o
LOAD usb_regs.o
LOAD usb_sil.o
LOAD usb_int.o
LOAD /Users/imac/Develop/stm32f4/arm_gcc/gcc-arm-none-eabi-4_7-2013q3/bin/../lib/gcc/arm-none-eabi/4.7.4/../../../../arm-none-eabi/lib/armv7-m/libc.a
LOAD /Users/imac/Develop/stm32f4/arm_gcc/gcc-arm-none-eabi-4_7-2013q3/bin/../lib/gcc/arm-none-eabi/4.7.4/../../../../arm-none-eabi/lib/armv7-m/libm.a
LOAD /Users/imac/Develop/stm32f4/arm_gcc/gcc-arm-none-eabi-4_7-2013q3/bin/../lib/gcc/arm-none-eabi/4.7.4/../../../../arm-none-eabi/lib/armv7-m/libc.a
LOAD /Users/imac/Develop/stm32f4/arm_gcc/gcc-arm-none-eabi-4_7-2013q3/bin/../lib/gcc/arm-none-eabi/4.7.4/armv7-m/libgcc.a
                0x0000000020005000                _estack = (ORIGIN (RAM) + 0x5000)
                0x000000000801f800                _seemul = ORIGIN (EEMUL)
                0x0000000000000100                _Minimum_Stack_Size = 0x100
                0x0000000000000001                ASSERT ((ORIGIN (FLASH) == ALIGN (ORIGIN (FLASH), 0x80)), Start of memory region flash not aligned for startup vector table)

.text           0x0000000008000000     0x4538
                0x0000000008000000                . = ALIGN (0x80)
                0x0000000000000000                _isr_vectorsflash_offs = (. - 0x8000000)
 *(.isr_vectorsflash)
 .isr_vectorsflash
                0x0000000008000000        0x8 Hw_StartUp.o
                0x0000000008000000                g_pfnVectors
                0x0000000008000008                . = ALIGN (0x4)
 *(.text)
 *(.text.*)
 .text.LED_Tick
                0x0000000008000008       0x10 main.o
                0x0000000008000008                LED_Tick
 .text.startup.main
                0x0000000008000018       0x44 main.o
                0x0000000008000018                main
 .text.Ap_Init  0x000000000800005c        0x4 Ap.o
                0x000000000800005c                Ap_Init
 .text.Ap_GCldMenu_MoveCircleTick_2nd
                0x0000000008000060       0x74 Ap_GLcdMenu.o
                0x0000000008000060                Ap_GCldMenu_MoveCircleTick_2nd
 .text.Ap_GCldMenu_MoveCircleTick_1st
                0x00000000080000d4       0x74 Ap_GLcdMenu.o
                0x00000000080000d4                Ap_GCldMenu_MoveCircleTick_1st
 .text.Ap_GLcdMenu_ShowMenu
                0x0000000008000148       0xa4 Ap_GLcdMenu.o
                0x0000000008000148                Ap_GLcdMenu_ShowMenu
 .text.Ap_GLcdMenu_GetCmd
                0x00000000080001ec       0x30 Ap_GLcdMenu.o
                0x00000000080001ec                Ap_GLcdMenu_GetCmd
 .text.Ap_GLcdMenu_ExeCmd
                0x000000000800021c      0x21c Ap_GLcdMenu.o
                0x000000000800021c                Ap_GLcdMenu_ExeCmd
 .text.print_byte_out
                0x0000000008000438       0x38 Lb_Printf.o
                0x0000000008000438                print_byte_out
 .text.PrintString
                0x0000000008000470       0x20 Lb_Printf.o
 .text.DecToLong
                0x0000000008000490       0x44 Lb_Printf.o
                0x0000000008000490                DecToLong
 .text.PrintDec
                0x00000000080004d4      0x3c4 Lb_Printf.o
 .text.PrintHex
                0x0000000008000898      0x3b4 Lb_Printf.o
 .text.Lb_printf
                0x0000000008000c4c      0x2d4 Lb_Printf.o
                0x0000000008000c4c                Lb_printf
 .text.Lb_vsprintf
                0x0000000008000f20      0x2d0 Lb_Printf.o
                0x0000000008000f20                Lb_vsprintf
 .text.Hw_StartUp_Init
                0x00000000080011f0       0xcc Hw_StartUp.o
                0x00000000080011f0                Hw_StartUp_Init
 .text.Hw_Init  0x00000000080012bc       0xb0 Hw.o
                0x00000000080012bc                Hw_Init
 .text.Hw_Wait  0x000000000800136c       0x1c Hw.o
                0x000000000800136c                Hw_Wait
 .text.Hw_ISR_UART1_Handler
                0x0000000008001388       0x24 Hw_Uart.o
                0x0000000008001388                Hw_ISR_UART1_Handler
 .text.Hw_Uart_Open_COM1
                0x00000000080013ac       0x90 Hw_Uart.o
                0x00000000080013ac                Hw_Uart_Open_COM1
 .text.Hw_Uart_Init
                0x000000000800143c       0x3c Hw_Uart.o
                0x000000000800143c                Hw_Uart_Init
 .text.Hw_Uart_Getch
                0x0000000008001478       0x30 Hw_Uart.o
                0x0000000008001478                Hw_Uart_Getch
 .text.print_byte
                0x00000000080014a8       0x3c Hw_Uart.o
                0x00000000080014a8                print_byte
 .text.get_byte
                0x00000000080014e4       0x10 Hw_Uart.o
                0x00000000080014e4                get_byte
 .text.Hw_PLL_Init
                0x00000000080014f4       0x94 Hw_PLL.o
                0x00000000080014f4                Hw_PLL_Init
 .text.Hw_Led_Init
                0x0000000008001588       0x44 Hw_Led.o
                0x0000000008001588                Hw_Led_Init
 .text.Hw_Led_Toggle
                0x00000000080015cc       0x14 Hw_Led.o
                0x00000000080015cc                Hw_Led_Toggle
 .text.Hw_Uart_Q_Init
                0x00000000080015e0       0x30 Hw_Uart_Q.o
                0x00000000080015e0                Hw_Uart_Q_Init
 .text.HW_UART_Q_VAILD
                0x0000000008001610       0x30 Hw_Uart_Q.o
                0x0000000008001610                HW_UART_Q_VAILD
 .text.Hw_Uart_Q_Push
                0x0000000008001640       0x78 Hw_Uart_Q.o
                0x0000000008001640                Hw_Uart_Q_Push
 .text.Hw_Uart_Q_Pop
                0x00000000080016b8       0x78 Hw_Uart_Q.o
                0x00000000080016b8                Hw_Uart_Q_Pop
 .text.Hw_ISR_Init
                0x0000000008001730       0x14 Hw_ISR.o
                0x0000000008001730                Hw_ISR_Init
 .text.Hw_ISR_SetIRQFunc
                0x0000000008001744       0x10 Hw_ISR.o
                0x0000000008001744                Hw_ISR_SetIRQFunc
 .text.Hw_ISR_SetIRQFuncByAddr
                0x0000000008001754       0x10 Hw_ISR.o
                0x0000000008001754                Hw_ISR_SetIRQFuncByAddr
 .text.Hw_Timer_SetupISR
                0x0000000008001764       0x1c Hw_Timer.o
                0x0000000008001764                Hw_Timer_SetupISR
 .text.Hw_Timer_Init
                0x0000000008001780       0xb0 Hw_Timer.o
                0x0000000008001780                Hw_Timer_Init
 .text.Hw_Timer_Tick
                0x0000000008001830      0x1a8 Hw_Timer.o
                0x0000000008001830                Hw_Timer_Tick
 .text.Hw_Timer_ISR
                0x00000000080019d8       0x10 Hw_Timer.o
                0x00000000080019d8                Hw_Timer_ISR
 .text.Hw_Timer_Set
                0x00000000080019e8       0x20 Hw_Timer.o
                0x00000000080019e8                Hw_Timer_Set
 .text.Hw_Timer_Start
                0x0000000008001a08       0x14 Hw_Timer.o
                0x0000000008001a08                Hw_Timer_Start
 .text.Hw_Timer_Stop
                0x0000000008001a1c       0x14 Hw_Timer.o
                0x0000000008001a1c                Hw_Timer_Stop
 .text.Hw_Timer_Delay_ms
                0x0000000008001a30       0x14 Hw_Timer.o
                0x0000000008001a30                Hw_Timer_Delay_ms
 .text.Hw_VCom_Init
                0x0000000008001a44       0x2c Hw_VCom.o
                0x0000000008001a44                Hw_VCom_Init
 .text.Hw_I2C_Init
                0x0000000008001a70       0x10 Hw_I2C.o
                0x0000000008001a70                Hw_I2C_Init
 .text.Hw_I2C_Write
                0x0000000008001a80       0x10 Hw_I2C.o
                0x0000000008001a80                Hw_I2C_Write
 .text.Hw_I2C_HW_IO_Setup
                0x0000000008001a90       0x48 Hw_I2C_HW.o
                0x0000000008001a90                Hw_I2C_HW_IO_Setup
 .text.Hw_I2C_HW_Init
                0x0000000008001ad8       0x74 Hw_I2C_HW.o
                0x0000000008001ad8                Hw_I2C_HW_Init
 .text.Hw_I2C_HW_Write
                0x0000000008001b4c       0x9c Hw_I2C_HW.o
                0x0000000008001b4c                Hw_I2C_HW_Write
 .text.Hw_Si47xx_Reset
                0x0000000008001be8       0x40 Hw_Si47xx.o
                0x0000000008001be8                Hw_Si47xx_Reset
 .text.Hw_Si47xx_Init
                0x0000000008001c28       0x34 Hw_Si47xx.o
                0x0000000008001c28                Hw_Si47xx_Init
 .text.Hw_SPI_Ch2_Init
                0x0000000008001c5c       0x74 Hw_SPI.o
                0x0000000008001c5c                Hw_SPI_Ch2_Init
 .text.Hw_SPI_Init
                0x0000000008001cd0       0x2c Hw_SPI.o
                0x0000000008001cd0                Hw_SPI_Init
 .text.Hw_SPI_StartDMA
                0x0000000008001cfc       0x20 Hw_SPI.o
                0x0000000008001cfc                Hw_SPI_StartDMA
 .text.Hw_SPI_Write8Bit
                0x0000000008001d1c       0x70 Hw_SPI.o
                0x0000000008001d1c                Hw_SPI_Write8Bit
 .text.Hw_N5100G_FrameTick
                0x0000000008001d8c       0x50 Hw_N5110G.o
                0x0000000008001d8c                Hw_N5100G_FrameTick
 .text.Hw_N5110G_Reset
                0x0000000008001ddc       0x28 Hw_N5110G.o
                0x0000000008001ddc                Hw_N5110G_Reset
 .text.Hw_N5110G_WriteCmd
                0x0000000008001e04       0x2c Hw_N5110G.o
                0x0000000008001e04                Hw_N5110G_WriteCmd
 .text.Hw_N5110G_Goto
                0x0000000008001e30       0x20 Hw_N5110G.o
                0x0000000008001e30                Hw_N5110G_Goto
 .text.Hw_N5110G_Init
                0x0000000008001e50       0xe4 Hw_N5110G.o
                0x0000000008001e50                Hw_N5110G_Init
 .text.Hw_N5110G_Clear
                0x0000000008001f34       0x28 Hw_N5110G.o
                0x0000000008001f34                Hw_N5110G_Clear
 .text.Hw_N5110G_WriteStr
                0x0000000008001f5c      0x128 Hw_N5110G.o
                0x0000000008001f5c                Hw_N5110G_WriteStr
 .text.Hw_N5110G_DrawRequest
                0x0000000008002084       0x10 Hw_N5110G.o
                0x0000000008002084                Hw_N5110G_DrawRequest
 .text.Hw_N5110G_DrawClearRect
                0x0000000008002094       0xb4 Hw_N5110G.o
                0x0000000008002094                Hw_N5110G_DrawClearRect
 .text.Hw_N5110G_DrawPrint
                0x0000000008002148       0x50 Hw_N5110G.o
                0x0000000008002148                Hw_N5110G_DrawPrint
 .text.Hw_N5110G_DrawCircle
                0x0000000008002198      0x3a4 Hw_N5110G.o
                0x0000000008002198                Hw_N5110G_DrawCircle
 .text.Hw_DMA_Init
                0x000000000800253c       0x24 Hw_DMA.o
                0x000000000800253c                Hw_DMA_Init
 .text.Hw_DMA_SPI2_Setup
                0x0000000008002560       0x78 Hw_DMA.o
                0x0000000008002560                Hw_DMA_SPI2_Setup
 .text.Hw_DMA_SPI2_IsTransFinished
                0x00000000080025d8       0x28 Hw_DMA.o
                0x00000000080025d8                Hw_DMA_SPI2_IsTransFinished
 .text.EP1_IN_Callback
                0x0000000008002600       0x74 usb_endp.o
                0x0000000008002600                EP1_IN_Callback
 .text.EP3_OUT_Callback
                0x0000000008002674       0x34 usb_endp.o
                0x0000000008002674                EP3_OUT_Callback
 .text.SOF_Callback
                0x00000000080026a8       0x30 usb_endp.o
                0x00000000080026a8                SOF_Callback
 .text.USB_Istr
                0x00000000080026d8      0x278 usb_istr.o
                0x00000000080026d8                USB_Istr
 .text.Virtual_Com_Port_SetConfiguration
                0x0000000008002950       0x18 usb_prop.o
                0x0000000008002950                Virtual_Com_Port_SetConfiguration
 .text.Virtual_Com_Port_SetDeviceAddress
                0x0000000008002968       0x10 usb_prop.o
                0x0000000008002968                Virtual_Com_Port_SetDeviceAddress
 .text.Virtual_Com_Port_Status_In
                0x0000000008002978       0x14 usb_prop.o
                0x0000000008002978                Virtual_Com_Port_Status_In
 .text.Virtual_Com_Port_Status_Out
                0x000000000800298c        0x4 usb_prop.o
                0x000000000800298c                Virtual_Com_Port_Status_Out
 .text.Virtual_Com_Port_Data_Setup
                0x0000000008002990       0x60 usb_prop.o
                0x0000000008002990                Virtual_Com_Port_Data_Setup
 .text.Virtual_Com_Port_NoData_Setup
                0x00000000080029f0       0x24 usb_prop.o
                0x00000000080029f0                Virtual_Com_Port_NoData_Setup
 .text.Virtual_Com_Port_Get_Interface_Setting
                0x0000000008002a14       0x10 usb_prop.o
                0x0000000008002a14                Virtual_Com_Port_Get_Interface_Setting
 .text.Virtual_Com_Port_GetLineCoding
                0x0000000008002a24       0x18 usb_prop.o
                0x0000000008002a24                Virtual_Com_Port_GetLineCoding
 .text.Virtual_Com_Port_SetLineCoding
                0x0000000008002a3c       0x18 usb_prop.o
                0x0000000008002a3c                Virtual_Com_Port_SetLineCoding
 .text.Virtual_Com_Port_GetStringDescriptor
                0x0000000008002a54       0x28 usb_prop.o
                0x0000000008002a54                Virtual_Com_Port_GetStringDescriptor
 .text.Virtual_Com_Port_GetConfigDescriptor
                0x0000000008002a7c       0x18 usb_prop.o
                0x0000000008002a7c                Virtual_Com_Port_GetConfigDescriptor
 .text.Virtual_Com_Port_GetDeviceDescriptor
                0x0000000008002a94       0x18 usb_prop.o
                0x0000000008002a94                Virtual_Com_Port_GetDeviceDescriptor
 .text.Virtual_Com_Port_Reset
                0x0000000008002aac      0x110 usb_prop.o
                0x0000000008002aac                Virtual_Com_Port_Reset
 .text.Virtual_Com_Port_init
                0x0000000008002bbc       0x3c usb_prop.o
                0x0000000008002bbc                Virtual_Com_Port_init
 .text.PowerOn  0x0000000008002bf8       0x3c usb_pwr.o
                0x0000000008002bf8                PowerOn
 .text.Suspend  0x0000000008002c34      0x1a8 usb_pwr.o
                0x0000000008002c34                Suspend
 .text.Resume_Init
                0x0000000008002ddc       0x28 usb_pwr.o
                0x0000000008002ddc                Resume_Init
 .text.Resume   0x0000000008002e04       0xbc usb_pwr.o
                0x0000000008002e04                Resume
 .text.USBWakeUp_IRQHandler
                0x0000000008002ec0       0x10 hw_config.o
                0x0000000008002ec0                USBWakeUp_IRQHandler
 .text.IntToUnicode
                0x0000000008002ed0       0x78 hw_config.o
 .text.USB_LP_IRQHandler
                0x0000000008002f48       0x10 hw_config.o
                0x0000000008002f48                USB_LP_IRQHandler
 .text.Set_System
                0x0000000008002f58       0x20 hw_config.o
                0x0000000008002f58                Set_System
 .text.Set_USBClock
                0x0000000008002f78       0x24 hw_config.o
                0x0000000008002f78                Set_USBClock
 .text.Leave_LowPowerMode
                0x0000000008002f9c       0x20 hw_config.o
                0x0000000008002f9c                Leave_LowPowerMode
 .text.USB_Interrupts_Config
                0x0000000008002fbc       0xb0 hw_config.o
                0x0000000008002fbc                USB_Interrupts_Config
 .text.USB_Cable_Config
                0x000000000800306c       0x1c hw_config.o
                0x000000000800306c                USB_Cable_Config
 .text.USB_To_USART_Send_Data
                0x0000000008003088       0x70 hw_config.o
                0x0000000008003088                USB_To_USART_Send_Data
 .text.Handle_USBAsynchXfer
                0x00000000080030f8       0xa4 hw_config.o
                0x00000000080030f8                Handle_USBAsynchXfer
 .text.Get_SerialNum
                0x000000000800319c       0x44 hw_config.o
                0x000000000800319c                Get_SerialNum
 .text.__WFI    0x00000000080031e0        0x4 hw_config.o
                0x00000000080031e0                __WFI
 .text.Standard_GetConfiguration
                0x00000000080031e4       0x28 usb_core.o
                0x00000000080031e4                Standard_GetConfiguration
 .text.Standard_GetInterface
                0x000000000800320c       0x28 usb_core.o
                0x000000000800320c                Standard_GetInterface
 .text.Standard_GetStatus
                0x0000000008003234       0xa0 usb_core.o
                0x0000000008003234                Standard_GetStatus
 .text.DataStageIn
                0x00000000080032d4       0xc0 usb_core.o
 .text.Standard_SetConfiguration
                0x0000000008003394       0x3c usb_core.o
                0x0000000008003394                Standard_SetConfiguration
 .text.Standard_SetInterface
                0x00000000080033d0       0x50 usb_core.o
                0x00000000080033d0                Standard_SetInterface
 .text.Standard_ClearFeature
                0x0000000008003420       0xf8 usb_core.o
                0x0000000008003420                Standard_ClearFeature
 .text.Standard_SetEndPointFeature
                0x0000000008003518       0x98 usb_core.o
                0x0000000008003518                Standard_SetEndPointFeature
 .text.Standard_GetDescriptorData
                0x00000000080035b0       0x1c usb_core.o
                0x00000000080035b0                Standard_GetDescriptorData
 .text.Post0_Process
                0x00000000080035cc       0x48 usb_core.o
                0x00000000080035cc                Post0_Process
 .text.Out0_Process
                0x0000000008003614       0xf0 usb_core.o
                0x0000000008003614                Out0_Process
 .text.Setup0_Process
                0x0000000008003704      0x388 usb_core.o
                0x0000000008003704                Setup0_Process
 .text.SetDeviceAddress
                0x0000000008003a8c       0xa8 usb_core.o
                0x0000000008003a8c                SetDeviceAddress
 .text.In0_Process
                0x0000000008003b34       0x6c usb_core.o
                0x0000000008003b34                In0_Process
 .text.NOP_Process
                0x0000000008003ba0        0x4 usb_core.o
                0x0000000008003ba0                NOP_Process
 .text.USB_Init
                0x0000000008003ba4       0x44 usb_init.o
                0x0000000008003ba4                USB_Init
 .text.UserToPMABufferCopy
                0x0000000008003be8       0x78 usb_mem.o
                0x0000000008003be8                UserToPMABufferCopy
 .text.PMAToUserBufferCopy
                0x0000000008003c60       0x50 usb_mem.o
                0x0000000008003c60                PMAToUserBufferCopy
 .text.SetBTABLE
                0x0000000008003cb0       0x14 usb_regs.o
                0x0000000008003cb0                SetBTABLE
 .text.SetEPType
                0x0000000008003cc4       0x18 usb_regs.o
                0x0000000008003cc4                SetEPType
 .text.SetEPTxStatus
                0x0000000008003cdc       0x40 usb_regs.o
                0x0000000008003cdc                SetEPTxStatus
 .text.SetEPRxStatus
                0x0000000008003d1c       0x40 usb_regs.o
                0x0000000008003d1c                SetEPRxStatus
 .text.SetEPTxValid
                0x0000000008003d5c       0x24 usb_regs.o
                0x0000000008003d5c                SetEPTxValid
 .text.SetEPRxValid
                0x0000000008003d80       0x24 usb_regs.o
                0x0000000008003d80                SetEPRxValid
 .text.Clear_Status_Out
                0x0000000008003da4       0x20 usb_regs.o
                0x0000000008003da4                Clear_Status_Out
 .text.ClearDTOG_RX
                0x0000000008003dc4       0x24 usb_regs.o
                0x0000000008003dc4                ClearDTOG_RX
 .text.ClearDTOG_TX
                0x0000000008003de8       0x24 usb_regs.o
                0x0000000008003de8                ClearDTOG_TX
 .text.SetEPTxAddr
                0x0000000008003e0c       0x24 usb_regs.o
                0x0000000008003e0c                SetEPTxAddr
 .text.SetEPRxAddr
                0x0000000008003e30       0x28 usb_regs.o
                0x0000000008003e30                SetEPRxAddr
 .text.GetEPTxAddr
                0x0000000008003e58       0x20 usb_regs.o
                0x0000000008003e58                GetEPTxAddr
 .text.GetEPRxAddr
                0x0000000008003e78       0x20 usb_regs.o
                0x0000000008003e78                GetEPRxAddr
 .text.SetEPTxCount
                0x0000000008003e98       0x20 usb_regs.o
                0x0000000008003e98                SetEPTxCount
 .text.SetEPRxCount
                0x0000000008003eb8       0x44 usb_regs.o
                0x0000000008003eb8                SetEPRxCount
 .text.GetEPRxCount
                0x0000000008003efc       0x24 usb_regs.o
                0x0000000008003efc                GetEPRxCount
 .text.ByteSwap
                0x0000000008003f20        0xc usb_regs.o
                0x0000000008003f20                ByteSwap
 .text.USB_SIL_Init
                0x0000000008003f2c       0x2c usb_sil.o
                0x0000000008003f2c                USB_SIL_Init
 .text.USB_SIL_Read
                0x0000000008003f58       0x38 usb_sil.o
                0x0000000008003f58                USB_SIL_Read
 .text.CTR_LP   0x0000000008003f90      0x1bc usb_int.o
                0x0000000008003f90                CTR_LP
 *(.stub .gnu.linkonce.t.*)
 *(.rodata .rodata.* .gnu.linkonce.r.*)
 .rodata.str1.4
                0x000000000800414c      0x317 Ap_GLcdMenu.o
                                        0x318 (size before relaxing)
 *fill*         0x0000000008004463        0x1 00
 .rodata.str1.4
                0x0000000008004464       0x1c Hw_I2C_HW.o
 .rodata.Virtual_Com_Port_StringVendor
                0x0000000008004480       0x28 usb_desc.o
                0x0000000008004480                Virtual_Com_Port_StringVendor
 .rodata.Virtual_Com_Port_DeviceDescriptor
                0x00000000080044a8       0x14 usb_desc.o
                0x00000000080044a8                Virtual_Com_Port_DeviceDescriptor
 .rodata.Virtual_Com_Port_StringLangID
                0x00000000080044bc        0x4 usb_desc.o
                0x00000000080044bc                Virtual_Com_Port_StringLangID
 .rodata.Virtual_Com_Port_StringProduct
                0x00000000080044c0       0x34 usb_desc.o
                0x00000000080044c0                Virtual_Com_Port_StringProduct
 .rodata.Virtual_Com_Port_ConfigDescriptor
                0x00000000080044f4       0x44 usb_desc.o
                0x00000000080044f4                Virtual_Com_Port_ConfigDescriptor
 *(.glue_7 .glue_7t)
 .glue_7        0x0000000000000000        0x0 linker stubs
 .glue_7t       0x0000000000000000        0x0 linker stubs
                0x0000000008004538                . = ALIGN (0x4)

.vfp11_veneer   0x0000000008004538        0x0
 .vfp11_veneer  0x0000000000000000        0x0 linker stubs

.v4_bx          0x0000000008004538        0x0
 .v4_bx         0x0000000000000000        0x0 linker stubs

.iplt           0x0000000008004538        0x0
 .iplt          0x0000000000000000        0x0 main.o

.rel.dyn        0x0000000008004538        0x0
 .rel.iplt      0x0000000000000000        0x0 main.o

.ARM.extab
 *(.ARM.extab* .gnu.linkonce.armextab.*)

.ARM            0x0000000008004538        0x0
                0x0000000008004538                __exidx_start = .
 *(.ARM.exidx*)
                0x0000000008004538                __exidx_end = .
                0x0000000008004538                _etext = .
                0x0000000008004538                _sidata = _etext

.data           0x0000000020000000      0x310 load address 0x0000000008004538
                0x0000000020000000                . = .
                0x0000000020000000                . = ALIGN (0x4)
                0x0000000020000000                _sdata = .
                0x0000000020000000                . = ALIGN (0x80)
                0x0000000000000000                _isr_vectorsram_offs = (. - 0x20000000)
 *(.isr_vectorsram)
                0x0000000020000000                . = ALIGN (0x4)
 *(.ramfunc*)
                0x0000000020000000                . = ALIGN (0x4)
 *(.data .data.* .gnu.linkonce.d.*)
 .data.dir.4364
                0x0000000020000000        0x1 Ap_GLcdMenu.o
 .data.dir.4372
                0x0000000020000001        0x1 Ap_GLcdMenu.o
 *fill*         0x0000000020000002        0x2 00
 .data.Hw_N5110G_Font6_8
                0x0000000020000004      0x228 Hw_N5110G.o
                0x0000000020000004                Hw_N5110G_Font6_8
 .data.Virtual_Com_Port_StringSerial
                0x000000002000022c       0x1c usb_desc.o
                0x000000002000022c                Virtual_Com_Port_StringSerial
 .data.pEpInt_IN
                0x0000000020000248       0x1c usb_istr.o
                0x0000000020000248                pEpInt_IN
 .data.pEpInt_OUT
                0x0000000020000264       0x1c usb_istr.o
                0x0000000020000264                pEpInt_OUT
 .data.Config_Descriptor
                0x0000000020000280        0x8 usb_prop.o
                0x0000000020000280                Config_Descriptor
 .data.Device_Property
                0x0000000020000288       0x30 usb_prop.o
                0x0000000020000288                Device_Property
 .data.User_Standard_Requests
                0x00000000200002b8       0x24 usb_prop.o
                0x00000000200002b8                User_Standard_Requests
 .data.Device_Descriptor
                0x00000000200002dc        0x8 usb_prop.o
                0x00000000200002dc                Device_Descriptor
 .data.String_Descriptor
                0x00000000200002e4       0x20 usb_prop.o
                0x00000000200002e4                String_Descriptor
 .data.linecoding
                0x0000000020000304        0x8 usb_prop.o
                0x0000000020000304                linecoding
 .data.Device_Table
                0x000000002000030c        0x4 usb_prop.o
                0x000000002000030c                Device_Table
                0x0000000020000310                . = ALIGN (0x4)
                0x0000000020000310                _edata = .

.igot.plt       0x0000000020000310        0x0 load address 0x0000000008004848
 .igot.plt      0x0000000000000000        0x0 main.o

.bss            0x0000000020000400     0x122c load address 0x0000000008004a00
                0x0000000020000400                . = ALIGN (0x4)
                0x0000000020000400                _sbss = .
 *(.bss .bss.*)
 .bss.Count.4390
                0x0000000020000400        0x1 Ap_GLcdMenu.o
 .bss.cnt.4365  0x0000000020000401        0x1 Ap_GLcdMenu.o
 .bss.x.4363    0x0000000020000402        0x1 Ap_GLcdMenu.o
 .bss.x.4371    0x0000000020000403        0x1 Ap_GLcdMenu.o
 .bss.cnt.4373  0x0000000020000404        0x1 Ap_GLcdMenu.o
 *fill*         0x0000000020000405        0x3 00
 .bss.StrPrintBufIndex
                0x0000000020000408        0x4 Lb_Printf.o
                0x0000000020000408                StrPrintBufIndex
 .bss.StrPrintMode
                0x000000002000040c        0x1 Lb_Printf.o
                0x000000002000040c                StrPrintMode
 *fill*         0x000000002000040d        0x3 00
 .bss.Timer_Tbl
                0x0000000020000410       0x70 Hw_Timer.o
 .bss.Excute.4323
                0x0000000020000480        0x1 Hw_Timer.o
 *fill*         0x0000000020000481        0x3 00
 .bss.Hw_Timer_Counter
                0x0000000020000484        0x4 Hw_Timer.o
 .bss.Tmr_Ctn   0x0000000020000488        0x2 Hw_Timer.o
 .bss.Called.4315
                0x000000002000048a        0x1 Hw_SPI.o
 .bss.Called.4311
                0x000000002000048b        0x1 Hw_DMA.o
 .bss.FrameCount.4771
                0x000000002000048c        0x4 usb_endp.o
 .bss.wCNTR     0x0000000020000490        0x4 usb_istr.o
                0x0000000020000490                wCNTR
 .bss.bIntPackSOF
                0x0000000020000494        0x1 usb_istr.o
                0x0000000020000494                bIntPackSOF
 *fill*         0x0000000020000495        0x3 00
 .bss.esof_counter
                0x0000000020000498        0x4 usb_istr.o
                0x0000000020000498                esof_counter
 .bss.Request   0x000000002000049c        0x1 usb_prop.o
                0x000000002000049c                Request
 *fill*         0x000000002000049d        0x3 00
 .bss.bDeviceState
                0x00000000200004a0        0x4 usb_pwr.o
                0x00000000200004a0                bDeviceState
 .bss.fSuspendEnabled
                0x00000000200004a4        0x1 usb_pwr.o
                0x00000000200004a4                fSuspendEnabled
 *fill*         0x00000000200004a5        0x3 00
 .bss.remotewakeupon
                0x00000000200004a8        0x4 usb_pwr.o
                0x00000000200004a8                remotewakeupon
 .bss.USB_Tx_State
                0x00000000200004ac        0x1 hw_config.o
                0x00000000200004ac                USB_Tx_State
 *fill*         0x00000000200004ad        0x3 00
 .bss.USART_Rx_ptr_in
                0x00000000200004b0        0x4 hw_config.o
                0x00000000200004b0                USART_Rx_ptr_in
 .bss.USART_Rx_ptr_out
                0x00000000200004b4        0x4 hw_config.o
                0x00000000200004b4                USART_Rx_ptr_out
 .bss.USART_Rx_length
                0x00000000200004b8        0x4 hw_config.o
                0x00000000200004b8                USART_Rx_length
 .bss.Data_Mul_MaxPacketSize
                0x00000000200004bc        0x1 usb_core.o
                0x00000000200004bc                Data_Mul_MaxPacketSize
 *(COMMON)
 *fill*         0x00000000200004bd        0x3 00
 COMMON         0x00000000200004c0        0x4 Lb_Printf.o
                0x00000000200004c0                pStrPrintBuf
 COMMON         0x00000000200004c4       0x3c Hw_Uart.o
                0x00000000200004c4                Hw_Uart_Ch
 COMMON         0x0000000020000500      0x116 Hw_Uart_Q.o
                0x0000000020000500                Hw_Uart_Q_Buffer
                0x00000000200005e8                Hw_Uart_Q_Size
                0x00000000200005f8                Hw_Uart_Q_End
                0x0000000020000608                Hw_Uart_Q_Start
 *fill*         0x0000000020000616      0x1ea 00
 COMMON         0x0000000020000800      0x190 Hw_ISR.o
                0x0000000020000800                Hw_ISR_VectorTable
 COMMON         0x0000000020000990      0x3f8 Hw_N5110G.o
                0x0000000020000990                Hw_N5110G_TxFrameBuf
                0x0000000020000b88                Hw_N5110G_Frame_Index
                0x0000000020000b8c                Hw_N5110G_Frame_DrawReq
                0x0000000020000b90                Hw_N5110G_RxFrameBuf
 COMMON         0x0000000020000d88       0x40 usb_endp.o
                0x0000000020000d88                USB_Rx_Buffer
 COMMON         0x0000000020000dc8        0x2 usb_istr.o
                0x0000000020000dc8                wIstr
 *fill*         0x0000000020000dca        0x2 00
 COMMON         0x0000000020000dcc       0x24 usb_pwr.o
                0x0000000020000dcc                ResumeS
                0x0000000020000dd0                EP
 COMMON         0x0000000020000df0      0x800 hw_config.o
                0x0000000020000df0                USART_Rx_Buffer
 COMMON         0x00000000200015f0        0x2 usb_core.o
                0x00000000200015f0                StatusInfo
 *fill*         0x00000000200015f2        0x2 00
 COMMON         0x00000000200015f4       0x32 usb_init.o
                0x00000000200015f4                SaveState
                0x00000000200015f8                pProperty
                0x00000000200015fc                EPindex
                0x0000000020001600                Device_Info
                0x000000002000161c                pUser_Standard_Requests
                0x0000000020001620                pInformation
                0x0000000020001624                wInterrupt_Mask
 COMMON         0x0000000020001626        0x4 usb_int.o
                0x0000000020001626                SaveRState
                0x0000000020001628                SaveTState
                0x000000002000162c                . = ALIGN (0x4)
 *fill*         0x000000002000162a        0x2 00
                0x000000002000162c                _ebss = .
                0x000000002000162c                PROVIDE (end, _ebss)
                0x000000002000162c                PROVIDE (_end, _ebss)
                0x000000002000162c                . = ALIGN (0x4)
                0x0000000020001700                . = ALIGN (0x100)

._usrstack      0x000000002000162c      0x100 load address 0x0000000008005c2c
                0x000000002000162c                . = ALIGN (0x4)
                0x000000002000162c                _susrstack = .
                0x000000002000172c                . = (. + _Minimum_Stack_Size)
 *fill*         0x000000002000162c      0x100 00
                0x000000002000172c                . = ALIGN (0x4)
                0x000000002000172c                _eusrstack = .

.ARM.attributes
                0x0000000000000000       0x33
 *(.ARM.attributes)
 .ARM.attributes
                0x0000000000000000       0x33 main.o
 .ARM.attributes
                0x0000000000000033       0x33 Ap.o
 .ARM.attributes
                0x0000000000000066       0x33 Ap_GLcdMenu.o
 .ARM.attributes
                0x0000000000000099       0x33 Lb_Printf.o
 .ARM.attributes
                0x00000000000000cc       0x33 Hw_StartUp.o
 .ARM.attributes
                0x00000000000000ff       0x33 Hw.o
 .ARM.attributes
                0x0000000000000132       0x33 Hw_Uart.o
 .ARM.attributes
                0x0000000000000165       0x33 Hw_PLL.o
 .ARM.attributes
                0x0000000000000198       0x33 Hw_Led.o
 .ARM.attributes
                0x00000000000001cb       0x33 Hw_Uart_Q.o
 .ARM.attributes
                0x00000000000001fe       0x33 Hw_ISR.o
 .ARM.attributes
                0x0000000000000231       0x33 Hw_Timer.o
 .ARM.attributes
                0x0000000000000264       0x33 Hw_VCom.o
 .ARM.attributes
                0x0000000000000297       0x33 Hw_I2C.o
 .ARM.attributes
                0x00000000000002ca       0x33 Hw_I2C_HW.o
 .ARM.attributes
                0x00000000000002fd       0x33 Hw_Si47xx.o
 .ARM.attributes
                0x0000000000000330       0x33 Hw_SPI.o
 .ARM.attributes
                0x0000000000000363       0x33 Hw_N5110G.o
 .ARM.attributes
                0x0000000000000396       0x33 Hw_DMA.o
 .ARM.attributes
                0x00000000000003c9       0x33 usb_desc.o
 .ARM.attributes
                0x00000000000003fc       0x33 usb_endp.o
 .ARM.attributes
                0x000000000000042f       0x33 usb_istr.o
 .ARM.attributes
                0x0000000000000462       0x33 usb_prop.o
 .ARM.attributes
                0x0000000000000495       0x33 usb_pwr.o
 .ARM.attributes
                0x00000000000004c8       0x33 hw_config.o
 .ARM.attributes
                0x00000000000004fb       0x33 usb_core.o
 .ARM.attributes
                0x000000000000052e       0x33 usb_init.o
 .ARM.attributes
                0x0000000000000561       0x33 usb_mem.o
 .ARM.attributes
                0x0000000000000594       0x33 usb_regs.o
 .ARM.attributes
                0x00000000000005c7       0x33 usb_sil.o
 .ARM.attributes
                0x00000000000005fa       0x33 usb_int.o
                0x0000000000000400                __Stack_Size = 0x400
                0x0000000000000400                PROVIDE (_Stack_Size, __Stack_Size)
                0x0000000020004c00                __Stack_Init = (_estack - __Stack_Size)
                0x0000000020004c00                PROVIDE (_Stack_Init, __Stack_Init)
OUTPUT(main.elf elf32-littlearm)

.debug_info     0x0000000000000000     0x8d81
 .debug_info    0x0000000000000000      0x13d main.o
 .debug_info    0x000000000000013d       0x7e Ap.o
 .debug_info    0x00000000000001bb      0x5a4 Ap_GLcdMenu.o
 .debug_info    0x000000000000075f      0x9a2 Lb_Printf.o
 .debug_info    0x0000000000001101      0x14a Hw_StartUp.o
 .debug_info    0x000000000000124b      0x15c Hw.o
 .debug_info    0x00000000000013a7      0x536 Hw_Uart.o
 .debug_info    0x00000000000018dd       0x7e Hw_PLL.o
 .debug_info    0x000000000000195b      0x17c Hw_Led.o
 .debug_info    0x0000000000001ad7      0x282 Hw_Uart_Q.o
 .debug_info    0x0000000000001d59      0x160 Hw_ISR.o
 .debug_info    0x0000000000001eb9      0x3b1 Hw_Timer.o
 .debug_info    0x000000000000226a      0x14a Hw_VCom.o
 .debug_info    0x00000000000023b4      0x175 Hw_I2C.o
 .debug_info    0x0000000000002529      0x330 Hw_I2C_HW.o
 .debug_info    0x0000000000002859      0xf03 Hw_Si47xx.o
 .debug_info    0x000000000000375c      0x278 Hw_SPI.o
 .debug_info    0x00000000000039d4     0x1257 Hw_N5110G.o
 .debug_info    0x0000000000004c2b      0x11a Hw_DMA.o
 .debug_info    0x0000000000004d45      0x154 usb_desc.o
 .debug_info    0x0000000000004e99      0x22f usb_endp.o
 .debug_info    0x00000000000050c8      0x372 usb_istr.o
 .debug_info    0x000000000000543a      0xad9 usb_prop.o
 .debug_info    0x0000000000005f13      0x34a usb_pwr.o
 .debug_info    0x000000000000625d      0x664 hw_config.o
 .debug_info    0x00000000000068c1      0xddb usb_core.o
 .debug_info    0x000000000000769c      0x46d usb_init.o
 .debug_info    0x0000000000007b09      0x194 usb_mem.o
 .debug_info    0x0000000000007c9d      0xd92 usb_regs.o
 .debug_info    0x0000000000008a2f      0x1b9 usb_sil.o
 .debug_info    0x0000000000008be8      0x199 usb_int.o

.debug_abbrev   0x0000000000000000     0x2d70
 .debug_abbrev  0x0000000000000000       0xd3 main.o
 .debug_abbrev  0x00000000000000d3       0x44 Ap.o
 .debug_abbrev  0x0000000000000117      0x161 Ap_GLcdMenu.o
 .debug_abbrev  0x0000000000000278      0x32c Lb_Printf.o
 .debug_abbrev  0x00000000000005a4       0xd0 Hw_StartUp.o
 .debug_abbrev  0x0000000000000674       0xf1 Hw.o
 .debug_abbrev  0x0000000000000765      0x2a7 Hw_Uart.o
 .debug_abbrev  0x0000000000000a0c       0x44 Hw_PLL.o
 .debug_abbrev  0x0000000000000a50      0x103 Hw_Led.o
 .debug_abbrev  0x0000000000000b53      0x130 Hw_Uart_Q.o
 .debug_abbrev  0x0000000000000c83       0xd1 Hw_ISR.o
 .debug_abbrev  0x0000000000000d54      0x1f9 Hw_Timer.o
 .debug_abbrev  0x0000000000000f4d       0xe6 Hw_VCom.o
 .debug_abbrev  0x0000000000001033      0x10b Hw_I2C.o
 .debug_abbrev  0x000000000000113e      0x1c8 Hw_I2C_HW.o
 .debug_abbrev  0x0000000000001306      0x2a1 Hw_Si47xx.o
 .debug_abbrev  0x00000000000015a7      0x1b3 Hw_SPI.o
 .debug_abbrev  0x000000000000175a      0x3ae Hw_N5110G.o
 .debug_abbrev  0x0000000000001b08       0xb4 Hw_DMA.o
 .debug_abbrev  0x0000000000001bbc       0x5d usb_desc.o
 .debug_abbrev  0x0000000000001c19       0xf2 usb_endp.o
 .debug_abbrev  0x0000000000001d0b      0x138 usb_istr.o
 .debug_abbrev  0x0000000000001e43      0x214 usb_prop.o
 .debug_abbrev  0x0000000000002057      0x18b usb_pwr.o
 .debug_abbrev  0x00000000000021e2      0x29f hw_config.o
 .debug_abbrev  0x0000000000002481      0x383 usb_core.o
 .debug_abbrev  0x0000000000002804      0x10a usb_init.o
 .debug_abbrev  0x000000000000290e       0x96 usb_mem.o
 .debug_abbrev  0x00000000000029a4      0x227 usb_regs.o
 .debug_abbrev  0x0000000000002bcb       0xc7 usb_sil.o
 .debug_abbrev  0x0000000000002c92       0xde usb_int.o

.debug_loc      0x0000000000000000     0x82de
 .debug_loc     0x0000000000000000       0x4c main.o
 .debug_loc     0x000000000000004c      0x11f Ap_GLcdMenu.o
 .debug_loc     0x000000000000016b     0x161c Lb_Printf.o
 .debug_loc     0x0000000000001787       0x6a Hw_StartUp.o
 .debug_loc     0x00000000000017f1       0xbf Hw.o
 .debug_loc     0x00000000000018b0      0x384 Hw_Uart.o
 .debug_loc     0x0000000000001c34       0xa2 Hw_Led.o
 .debug_loc     0x0000000000001cd6      0x26e Hw_Uart_Q.o
 .debug_loc     0x0000000000001f44       0x42 Hw_ISR.o
 .debug_loc     0x0000000000001f86      0x2e5 Hw_Timer.o
 .debug_loc     0x000000000000226b       0x8d Hw_VCom.o
 .debug_loc     0x00000000000022f8       0xe5 Hw_I2C.o
 .debug_loc     0x00000000000023dd      0x1f7 Hw_I2C_HW.o
 .debug_loc     0x00000000000025d4      0x9c2 Hw_Si47xx.o
 .debug_loc     0x0000000000002f96      0x1f7 Hw_SPI.o
 .debug_loc     0x000000000000318d     0x2aa4 Hw_N5110G.o
 .debug_loc     0x0000000000005c31       0xb6 Hw_DMA.o
 .debug_loc     0x0000000000005ce7       0xc7 usb_endp.o
 .debug_loc     0x0000000000005dae      0x118 usb_istr.o
 .debug_loc     0x0000000000005ec6      0x2ab usb_prop.o
 .debug_loc     0x0000000000006171      0x368 usb_pwr.o
 .debug_loc     0x00000000000064d9      0x278 hw_config.o
 .debug_loc     0x0000000000006751      0xa9f usb_core.o
 .debug_loc     0x00000000000071f0       0x20 usb_init.o
 .debug_loc     0x0000000000007210      0x241 usb_mem.o
 .debug_loc     0x0000000000007451      0xc1f usb_regs.o
 .debug_loc     0x0000000000008070      0x135 usb_sil.o
 .debug_loc     0x00000000000081a5      0x139 usb_int.o

.debug_aranges  0x0000000000000000      0xa80
 .debug_aranges
                0x0000000000000000       0x28 main.o
 .debug_aranges
                0x0000000000000028       0x20 Ap.o
 .debug_aranges
                0x0000000000000048       0x40 Ap_GLcdMenu.o
 .debug_aranges
                0x0000000000000088       0x68 Lb_Printf.o
 .debug_aranges
                0x00000000000000f0       0x20 Hw_StartUp.o
 .debug_aranges
                0x0000000000000110       0x30 Hw.o
 .debug_aranges
                0x0000000000000140       0x70 Hw_Uart.o
 .debug_aranges
                0x00000000000001b0       0x20 Hw_PLL.o
 .debug_aranges
                0x00000000000001d0       0x40 Hw_Led.o
 .debug_aranges
                0x0000000000000210       0x48 Hw_Uart_Q.o
 .debug_aranges
                0x0000000000000258       0x30 Hw_ISR.o
 .debug_aranges
                0x0000000000000288       0x78 Hw_Timer.o
 .debug_aranges
                0x0000000000000300       0x30 Hw_VCom.o
 .debug_aranges
                0x0000000000000330       0x30 Hw_I2C.o
 .debug_aranges
                0x0000000000000360       0x40 Hw_I2C_HW.o
 .debug_aranges
                0x00000000000003a0       0xb8 Hw_Si47xx.o
 .debug_aranges
                0x0000000000000458       0x60 Hw_SPI.o
 .debug_aranges
                0x00000000000004b8       0xb0 Hw_N5110G.o
 .debug_aranges
                0x0000000000000568       0x30 Hw_DMA.o
 .debug_aranges
                0x0000000000000598       0x18 usb_desc.o
 .debug_aranges
                0x00000000000005b0       0x30 usb_endp.o
 .debug_aranges
                0x00000000000005e0       0x20 usb_istr.o
 .debug_aranges
                0x0000000000000600       0x88 usb_prop.o
 .debug_aranges
                0x0000000000000688       0x40 usb_pwr.o
 .debug_aranges
                0x00000000000006c8       0x90 hw_config.o
 .debug_aranges
                0x0000000000000758       0x98 usb_core.o
 .debug_aranges
                0x00000000000007f0       0x20 usb_init.o
 .debug_aranges
                0x0000000000000810       0x28 usb_mem.o
 .debug_aranges
                0x0000000000000838      0x1f0 usb_regs.o
 .debug_aranges
                0x0000000000000a28       0x30 usb_sil.o
 .debug_aranges
                0x0000000000000a58       0x28 usb_int.o

.debug_ranges   0x0000000000000000     0x1928
 .debug_ranges  0x0000000000000000       0x30 main.o
 .debug_ranges  0x0000000000000030       0x10 Ap.o
 .debug_ranges  0x0000000000000040       0x50 Ap_GLcdMenu.o
 .debug_ranges  0x0000000000000090      0x198 Lb_Printf.o
 .debug_ranges  0x0000000000000228       0x10 Hw_StartUp.o
 .debug_ranges  0x0000000000000238       0x60 Hw.o
 .debug_ranges  0x0000000000000298       0xa8 Hw_Uart.o
 .debug_ranges  0x0000000000000340       0x10 Hw_PLL.o
 .debug_ranges  0x0000000000000350       0x50 Hw_Led.o
 .debug_ranges  0x00000000000003a0       0x90 Hw_Uart_Q.o
 .debug_ranges  0x0000000000000430       0x20 Hw_ISR.o
 .debug_ranges  0x0000000000000450       0x68 Hw_Timer.o
 .debug_ranges  0x00000000000004b8       0x20 Hw_VCom.o
 .debug_ranges  0x00000000000004d8       0x20 Hw_I2C.o
 .debug_ranges  0x00000000000004f8       0x30 Hw_I2C_HW.o
 .debug_ranges  0x0000000000000528       0xc0 Hw_Si47xx.o
 .debug_ranges  0x00000000000005e8       0x50 Hw_SPI.o
 .debug_ranges  0x0000000000000638      0xbb0 Hw_N5110G.o
 .debug_ranges  0x00000000000011e8       0x20 Hw_DMA.o
 .debug_ranges  0x0000000000001208       0x20 usb_endp.o
 .debug_ranges  0x0000000000001228       0x10 usb_istr.o
 .debug_ranges  0x0000000000001238       0x78 usb_prop.o
 .debug_ranges  0x00000000000012b0       0x30 usb_pwr.o
 .debug_ranges  0x00000000000012e0       0xc0 hw_config.o
 .debug_ranges  0x00000000000013a0      0x270 usb_core.o
 .debug_ranges  0x0000000000001610       0x10 usb_init.o
 .debug_ranges  0x0000000000001620       0x18 usb_mem.o
 .debug_ranges  0x0000000000001638      0x2a0 usb_regs.o
 .debug_ranges  0x00000000000018d8       0x20 usb_sil.o
 .debug_ranges  0x00000000000018f8       0x30 usb_int.o

.debug_line     0x0000000000000000     0x3172
 .debug_line    0x0000000000000000       0x73 main.o
 .debug_line    0x0000000000000073       0x3e Ap.o
 .debug_line    0x00000000000000b1      0x129 Ap_GLcdMenu.o
 .debug_line    0x00000000000001da      0x647 Lb_Printf.o
 .debug_line    0x0000000000000821       0x89 Hw_StartUp.o
 .debug_line    0x00000000000008aa       0x9f Hw.o
 .debug_line    0x0000000000000949      0x19a Hw_Uart.o
 .debug_line    0x0000000000000ae3       0x65 Hw_PLL.o
 .debug_line    0x0000000000000b48       0xb0 Hw_Led.o
 .debug_line    0x0000000000000bf8      0x101 Hw_Uart_Q.o
 .debug_line    0x0000000000000cf9       0x75 Hw_ISR.o
 .debug_line    0x0000000000000d6e      0x1c7 Hw_Timer.o
 .debug_line    0x0000000000000f35       0x7d Hw_VCom.o
 .debug_line    0x0000000000000fb2       0x78 Hw_I2C.o
 .debug_line    0x000000000000102a       0xf1 Hw_I2C_HW.o
 .debug_line    0x000000000000111b      0x2f5 Hw_Si47xx.o
 .debug_line    0x0000000000001410      0x191 Hw_SPI.o
 .debug_line    0x00000000000015a1      0x4e6 Hw_N5110G.o
 .debug_line    0x0000000000001a87       0xa2 Hw_DMA.o
 .debug_line    0x0000000000001b29       0x4f usb_desc.o
 .debug_line    0x0000000000001b78       0xae usb_endp.o
 .debug_line    0x0000000000001c26       0xfc usb_istr.o
 .debug_line    0x0000000000001d22      0x20f usb_prop.o
 .debug_line    0x0000000000001f31      0x18d usb_pwr.o
 .debug_line    0x00000000000020be      0x29d hw_config.o
 .debug_line    0x000000000000235b      0x47f usb_core.o
 .debug_line    0x00000000000027da       0x7a usb_init.o
 .debug_line    0x0000000000002854       0xc4 usb_mem.o
 .debug_line    0x0000000000002918      0x674 usb_regs.o
 .debug_line    0x0000000000002f8c       0xa6 usb_sil.o
 .debug_line    0x0000000000003032      0x140 usb_int.o

.debug_str      0x0000000000000000     0x2292
 .debug_str     0x0000000000000000       0xdf main.o
                                        0x102 (size before relaxing)
 .debug_str     0x00000000000000df       0x17 Ap.o
                                         0xe5 (size before relaxing)
 .debug_str     0x00000000000000f6       0xca Ap_GLcdMenu.o
                                        0x1a5 (size before relaxing)
 .debug_str     0x00000000000001c0      0x12f Lb_Printf.o
                                        0x217 (size before relaxing)
 .debug_str     0x00000000000002ef       0x90 Hw_StartUp.o
                                        0x167 (size before relaxing)
 .debug_str     0x000000000000037f       0x37 Hw.o
                                        0x105 (size before relaxing)
 .debug_str     0x00000000000003b6      0x126 Hw_Uart.o
                                        0x204 (size before relaxing)
 .debug_str     0x00000000000004dc       0x1f Hw_PLL.o
                                         0xed (size before relaxing)
 .debug_str     0x00000000000004fb       0x55 Hw_Led.o
                                        0x129 (size before relaxing)
 .debug_str     0x0000000000000550       0xc2 Hw_Uart_Q.o
                                        0x199 (size before relaxing)
 .debug_str     0x0000000000000612       0x96 Hw_ISR.o
                                        0x16d (size before relaxing)
 .debug_str     0x00000000000006a8      0x16b Hw_Timer.o
                                        0x252 (size before relaxing)
 .debug_str     0x0000000000000813       0x3d Hw_VCom.o
                                        0x143 (size before relaxing)
 .debug_str     0x0000000000000850       0x47 Hw_I2C.o
                                        0x115 (size before relaxing)
 .debug_str     0x0000000000000897       0x9b Hw_I2C_HW.o
                                        0x178 (size before relaxing)
 .debug_str     0x0000000000000932      0x232 Hw_Si47xx.o
                                        0x34f (size before relaxing)
 .debug_str     0x0000000000000b64       0xb8 Hw_SPI.o
                                        0x18e (size before relaxing)
 .debug_str     0x0000000000000c1c      0x225 Hw_N5110G.o
                                        0x33d (size before relaxing)
 .debug_str     0x0000000000000e41       0x6e Hw_DMA.o
                                        0x143 (size before relaxing)
 .debug_str     0x0000000000000eaf       0xd3 usb_desc.o
                                        0x1b2 (size before relaxing)
 .debug_str     0x0000000000000f82      0x128 usb_endp.o
                                        0x207 (size before relaxing)
 .debug_str     0x00000000000010aa      0x1b6 usb_istr.o
                                        0x31f (size before relaxing)
 .debug_str     0x0000000000001260      0x4f1 usb_prop.o
                                        0x8bc (size before relaxing)
 .debug_str     0x0000000000001751       0x81 usb_pwr.o
                                        0x2d1 (size before relaxing)
 .debug_str     0x00000000000017d2      0x176 hw_config.o
                                        0x485 (size before relaxing)
 .debug_str     0x0000000000001948      0x42a usb_core.o
                                        0x9c5 (size before relaxing)
 .debug_str     0x0000000000001d72       0x35 usb_init.o
                                        0x4a4 (size before relaxing)
 .debug_str     0x0000000000001da7       0x71 usb_mem.o
                                        0x159 (size before relaxing)
 .debug_str     0x0000000000001e18      0x3dd usb_regs.o
                                        0x4e1 (size before relaxing)
 .debug_str     0x00000000000021f5       0x6f usb_sil.o
                                        0x167 (size before relaxing)
 .debug_str     0x0000000000002264       0x2e usb_int.o
                                        0x161 (size before relaxing)

.comment        0x0000000000000000       0x70
 .comment       0x0000000000000000       0x70 main.o
                                         0x71 (size before relaxing)
 .comment       0x0000000000000000       0x71 Ap.o
 .comment       0x0000000000000000       0x71 Ap_GLcdMenu.o
 .comment       0x0000000000000000       0x71 Lb_Printf.o
 .comment       0x0000000000000000       0x71 Hw_StartUp.o
 .comment       0x0000000000000000       0x71 Hw.o
 .comment       0x0000000000000000       0x71 Hw_Uart.o
 .comment       0x0000000000000000       0x71 Hw_PLL.o
 .comment       0x0000000000000000       0x71 Hw_Led.o
 .comment       0x0000000000000000       0x71 Hw_Uart_Q.o
 .comment       0x0000000000000000       0x71 Hw_ISR.o
 .comment       0x0000000000000000       0x71 Hw_Timer.o
 .comment       0x0000000000000000       0x71 Hw_VCom.o
 .comment       0x0000000000000000       0x71 Hw_I2C.o
 .comment       0x0000000000000000       0x71 Hw_I2C_HW.o
 .comment       0x0000000000000000       0x71 Hw_Si47xx.o
 .comment       0x0000000000000000       0x71 Hw_SPI.o
 .comment       0x0000000000000000       0x71 Hw_N5110G.o
 .comment       0x0000000000000000       0x71 Hw_DMA.o
 .comment       0x0000000000000000       0x71 usb_desc.o
 .comment       0x0000000000000000       0x71 usb_endp.o
 .comment       0x0000000000000000       0x71 usb_istr.o
 .comment       0x0000000000000000       0x71 usb_prop.o
 .comment       0x0000000000000000       0x71 usb_pwr.o
 .comment       0x0000000000000000       0x71 hw_config.o
 .comment       0x0000000000000000       0x71 usb_core.o
 .comment       0x0000000000000000       0x71 usb_init.o
 .comment       0x0000000000000000       0x71 usb_mem.o
 .comment       0x0000000000000000       0x71 usb_regs.o
 .comment       0x0000000000000000       0x71 usb_sil.o
 .comment       0x0000000000000000       0x71 usb_int.o

.debug_frame    0x0000000000000000     0x1974
 .debug_frame   0x0000000000000000       0x48 main.o
 .debug_frame   0x0000000000000048       0x20 Ap.o
 .debug_frame   0x0000000000000068       0xc0 Ap_GLcdMenu.o
 .debug_frame   0x0000000000000128      0x19c Lb_Printf.o
 .debug_frame   0x00000000000002c4       0x3c Hw_StartUp.o
 .debug_frame   0x0000000000000300       0x60 Hw.o
 .debug_frame   0x0000000000000360      0x14c Hw_Uart.o
 .debug_frame   0x00000000000004ac       0x20 Hw_PLL.o
 .debug_frame   0x00000000000004cc       0x64 Hw_Led.o
 .debug_frame   0x0000000000000530       0x8c Hw_Uart_Q.o
 .debug_frame   0x00000000000005bc       0x40 Hw_ISR.o
 .debug_frame   0x00000000000005fc      0x114 Hw_Timer.o
 .debug_frame   0x0000000000000710       0x64 Hw_VCom.o
 .debug_frame   0x0000000000000774       0x58 Hw_I2C.o
 .debug_frame   0x00000000000007cc       0x94 Hw_I2C_HW.o
 .debug_frame   0x0000000000000860      0x2b4 Hw_Si47xx.o
 .debug_frame   0x0000000000000b14       0xac Hw_SPI.o
 .debug_frame   0x0000000000000bc0      0x24c Hw_N5110G.o
 .debug_frame   0x0000000000000e0c       0x54 Hw_DMA.o
 .debug_frame   0x0000000000000e60       0x68 usb_endp.o
 .debug_frame   0x0000000000000ec8       0x30 usb_istr.o
 .debug_frame   0x0000000000000ef8      0x148 usb_prop.o
 .debug_frame   0x0000000000001040       0xb0 usb_pwr.o
 .debug_frame   0x00000000000010f0      0x168 hw_config.o
 .debug_frame   0x0000000000001258      0x1ec usb_core.o
 .debug_frame   0x0000000000001444       0x2c usb_init.o
 .debug_frame   0x0000000000001470       0x48 usb_mem.o
 .debug_frame   0x00000000000014b8      0x3e4 usb_regs.o
 .debug_frame   0x000000000000189c       0x68 usb_sil.o
 .debug_frame   0x0000000000001904       0x70 usb_int.o

Cross Reference Table

Symbol                                            File
Ap_GCldMenu_MoveCircleTick_1st                    Ap_GLcdMenu.o
Ap_GCldMenu_MoveCircleTick_2nd                    Ap_GLcdMenu.o
Ap_GLcdMenu_ExeCmd                                Ap_GLcdMenu.o
                                                  main.o
Ap_GLcdMenu_GetCmd                                Ap_GLcdMenu.o
Ap_GLcdMenu_ShowMenu                              Ap_GLcdMenu.o
Ap_Init                                           Ap.o
                                                  main.o
Ap_RadioMenu_ExeCmd                               Ap_RadioMenu.o
Ap_RadioMenu_GetCmd                               Ap_RadioMenu.o
Ap_RadioMenu_ShowMenu                             Ap_RadioMenu.o
Ap_Radio_AM_ChannelGet                            Ap_Radio.o
Ap_Radio_AM_ChannelSet                            Ap_Radio.o
Ap_Radio_ApiStart                                 Ap_Radio.o
Ap_Radio_BandGet                                  Ap_Radio.o
                                                  Ap_RadioMenu.o
Ap_Radio_BandSetAM                                Ap_Radio.o
                                                  Ap_RadioMenu.o
Ap_Radio_BandSetFM                                Ap_Radio.o
                                                  Ap_RadioMenu.o
Ap_Radio_ChannelGet                               Ap_Radio.o
                                                  Ap_RadioMenu.o
Ap_Radio_ChannelSet                               Ap_Radio.o
                                                  Ap_RadioMenu.o
Ap_Radio_ChannelSetFirst                          Ap_Radio.o
                                                  Ap_RadioMenu.o
Ap_Radio_ChannelSetLast                           Ap_Radio.o
Ap_Radio_ChannelSetNext                           Ap_Radio.o
                                                  Ap_RadioMenu.o
Ap_Radio_ChannelSetPrev                           Ap_Radio.o
                                                  Ap_RadioMenu.o
Ap_Radio_FM_ChannelGet                            Ap_Radio.o
Ap_Radio_FM_ChannelSet                            Ap_Radio.o
Ap_Radio_Init                                     Ap_Radio.o
Ap_Radio_Log                                      Ap_Radio.o
Ap_Radio_MuteSetOff                               Ap_Radio.o
Ap_Radio_MuteSetOn                                Ap_Radio.o
Ap_Radio_SeekFromFirst                            Ap_Radio.o
Ap_Radio_SeekFromLast                             Ap_Radio.o
Ap_Radio_SeekToFirst                              Ap_Radio.o
                                                  Ap_RadioMenu.o
Ap_Radio_SeekToLast                               Ap_Radio.o
                                                  Ap_RadioMenu.o
Ap_Radio_VolumeGet                                Ap_Radio.o
                                                  Ap_RadioMenu.o
Ap_Radio_VolumeSet                                Ap_Radio.o
Ap_Radio_VolumeSetDown                            Ap_Radio.o
                                                  Ap_RadioMenu.o
Ap_Radio_VolumeSetUp                              Ap_Radio.o
                                                  Ap_RadioMenu.o
ByteSwap                                          usb_regs.o
                                                  usb_core.o
CTR_HP                                            usb_int.o
CTR_LP                                            usb_int.o
                                                  usb_istr.o
ClearDTOG_RX                                      usb_regs.o
                                                  usb_core.o
ClearDTOG_TX                                      usb_regs.o
                                                  usb_core.o
ClearEPDoubleBuff                                 usb_regs.o
ClearEP_CTR_RX                                    usb_regs.o
ClearEP_CTR_TX                                    usb_regs.o
ClearEP_KIND                                      usb_regs.o
Clear_Status_Out                                  usb_regs.o
                                                  usb_prop.o
Config_Descriptor                                 usb_prop.o
Data_Mul_MaxPacketSize                            usb_core.o
DecToLong                                         Lb_Printf.o
Device_Descriptor                                 usb_prop.o
Device_Info                                       usb_init.o
                                                  hw_config.o
                                                  usb_prop.o
Device_Property                                   usb_prop.o
                                                  usb_init.o
                                                  usb_core.o
                                                  usb_istr.o
Device_Table                                      usb_prop.o
                                                  usb_core.o
EP                                                usb_pwr.o
EP1_IN_Callback                                   usb_endp.o
                                                  usb_istr.o
EP3_OUT_Callback                                  usb_endp.o
                                                  usb_istr.o
EPindex                                           usb_int.o
                                                  usb_init.o
Enter_LowPowerMode                                hw_config.o
FreeUserBuffer                                    usb_regs.o
GetBTABLE                                         usb_regs.o
GetCNTR                                           usb_regs.o
GetDADDR                                          usb_regs.o
GetENDPOINT                                       usb_regs.o
GetEPAddress                                      usb_regs.o
GetEPDblBuf0Addr                                  usb_regs.o
GetEPDblBuf0Count                                 usb_regs.o
GetEPDblBuf1Addr                                  usb_regs.o
GetEPDblBuf1Count                                 usb_regs.o
GetEPDblBufDir                                    usb_regs.o
GetEPRxAddr                                       usb_regs.o
                                                  usb_sil.o
                                                  usb_core.o
GetEPRxCount                                      usb_regs.o
                                                  usb_sil.o
GetEPRxStatus                                     usb_regs.o
GetEPTxAddr                                       usb_regs.o
                                                  usb_sil.o
                                                  usb_core.o
GetEPTxCount                                      usb_regs.o
GetEPTxStatus                                     usb_regs.o
GetEPType                                         usb_regs.o
GetFNR                                            usb_regs.o
GetISTR                                           usb_regs.o
GetRxStallStatus                                  usb_regs.o
GetTxStallStatus                                  usb_regs.o
Get_SerialNum                                     hw_config.o
                                                  usb_prop.o
HW_UART_Q_SIZE                                    Hw_Uart_Q.o
HW_UART_Q_VAILD                                   Hw_Uart_Q.o
                                                  Hw_VCom.o
                                                  Hw_Uart.o
Handle_USBAsynchXfer                              hw_config.o
                                                  usb_endp.o
Hw_DMA_Init                                       Hw_DMA.o
                                                  Hw.o
Hw_DMA_SPI2_IsTransFinished                       Hw_DMA.o
                                                  Hw_N5110G.o
Hw_DMA_SPI2_Setup                                 Hw_DMA.o
                                                  Hw_N5110G.o
Hw_I2C_HW_IO_Setup                                Hw_I2C_HW.o
Hw_I2C_HW_Init                                    Hw_I2C_HW.o
                                                  Hw_I2C.o
Hw_I2C_HW_Read                                    Hw_I2C_HW.o
Hw_I2C_HW_WaitForBitSet                           Hw_I2C_HW.o
Hw_I2C_HW_Write                                   Hw_I2C_HW.o
                                                  Hw_I2C.o
Hw_I2C_Init                                       Hw_I2C.o
                                                  Hw_Si47xx.o
                                                  Hw.o
Hw_I2C_Read                                       Hw_I2C.o
                                                  Hw_Si47xx.o
Hw_I2C_SW_EndTransmit                             Hw_I2C_SW.o
Hw_I2C_SW_IO_Setup                                Hw_I2C_SW.o
Hw_I2C_SW_Init                                    Hw_I2C_SW.o
Hw_I2C_SW_Read                                    Hw_I2C_SW.o
Hw_I2C_SW_ReadByte_Ack                            Hw_I2C_SW.o
Hw_I2C_SW_ReadByte_NoAck                          Hw_I2C_SW.o
Hw_I2C_SW_SCL_HIGH                                Hw_I2C_SW.o
Hw_I2C_SW_SCL_LOW                                 Hw_I2C_SW.o
Hw_I2C_SW_SDA                                     Hw_I2C_SW.o
Hw_I2C_SW_SDA_HIGH                                Hw_I2C_SW.o
Hw_I2C_SW_SDA_LOW                                 Hw_I2C_SW.o
Hw_I2C_SW_SetDir_SDA_Input                        Hw_I2C_SW.o
Hw_I2C_SW_SetDir_SDA_Output                       Hw_I2C_SW.o
Hw_I2C_SW_StartTransmit                           Hw_I2C_SW.o
Hw_I2C_SW_Write                                   Hw_I2C_SW.o
Hw_I2C_SW_WriteByte_Ack                           Hw_I2C_SW.o
Hw_I2C_SW_WriteByte_NoAck                         Hw_I2C_SW.o
Hw_I2C_Write                                      Hw_I2C.o
                                                  Hw_Si47xx.o
                                                  Ap_GLcdMenu.o
Hw_ISR_Init                                       Hw_ISR.o
                                                  Hw.o
Hw_ISR_SetIRQFunc                                 Hw_ISR.o
                                                  Hw_Uart.o
Hw_ISR_SetIRQFuncByAddr                           Hw_ISR.o
                                                  hw_config.o
                                                  Hw_Timer.o
Hw_ISR_UART1_Handler                              Hw_Uart.o
Hw_ISR_VectorTable                                Hw_ISR.o
Hw_Init                                           Hw.o
                                                  main.o
Hw_Led_Init                                       Hw_Led.o
                                                  Hw.o
Hw_Led_Off                                        Hw_Led.o
Hw_Led_On                                         Hw_Led.o
Hw_Led_Toggle                                     Hw_Led.o
                                                  main.o
Hw_Led_Wait                                       Hw_Led.o
Hw_N5100G_FrameTick                               Hw_N5110G.o
Hw_N5110G_Clear                                   Hw_N5110G.o
                                                  Ap_GLcdMenu.o
Hw_N5110G_ClrPixel                                Hw_N5110G.o
Hw_N5110G_DrawCircle                              Hw_N5110G.o
                                                  Ap_GLcdMenu.o
Hw_N5110G_DrawClear                               Hw_N5110G.o
Hw_N5110G_DrawClearRect                           Hw_N5110G.o
                                                  Ap_GLcdMenu.o
Hw_N5110G_DrawPrint                               Hw_N5110G.o
                                                  Ap_GLcdMenu.o
Hw_N5110G_DrawRequest                             Hw_N5110G.o
                                                  Ap_GLcdMenu.o
Hw_N5110G_Font6_8                                 Hw_N5110G.o
Hw_N5110G_Frame_DrawReq                           Hw_N5110G.o
Hw_N5110G_Frame_Index                             Hw_N5110G.o
Hw_N5110G_GetPixel                                Hw_N5110G.o
Hw_N5110G_Goto                                    Hw_N5110G.o
Hw_N5110G_Init                                    Hw_N5110G.o
                                                  Hw.o
Hw_N5110G_Print                                   Hw_N5110G.o
Hw_N5110G_Reset                                   Hw_N5110G.o
Hw_N5110G_RxFrameBuf                              Hw_N5110G.o
Hw_N5110G_SetPixel                                Hw_N5110G.o
Hw_N5110G_TxFrameBuf                              Hw_N5110G.o
Hw_N5110G_WriteByte                               Hw_N5110G.o
Hw_N5110G_WriteChar                               Hw_N5110G.o
Hw_N5110G_WriteCmd                                Hw_N5110G.o
Hw_N5110G_WriteStr                                Hw_N5110G.o
Hw_N5110G_XorPixel                                Hw_N5110G.o
Hw_PLL_Init                                       Hw_PLL.o
                                                  Hw.o
Hw_SPI_Ch1_Init                                   Hw_SPI.o
Hw_SPI_Ch2_Init                                   Hw_SPI.o
Hw_SPI_Disable                                    Hw_SPI.o
Hw_SPI_Enable                                     Hw_SPI.o
Hw_SPI_Init                                       Hw_SPI.o
                                                  Hw_N5110G.o
Hw_SPI_StartDMA                                   Hw_SPI.o
                                                  Hw_N5110G.o
Hw_SPI_StopDMA                                    Hw_SPI.o
Hw_SPI_Write16Bit                                 Hw_SPI.o
Hw_SPI_Write8Bit                                  Hw_SPI.o
                                                  Hw_N5110G.o
Hw_Si47xx_AM_Config                               Hw_Si47xx.o
                                                  Ap_Radio.o
Hw_Si47xx_AM_SEEK_START                           Hw_Si47xx.o
                                                  Ap_Radio.o
Hw_Si47xx_AM_TUNE_FREQ                            Hw_Si47xx.o
                                                  Ap_Radio.o
Hw_Si47xx_AM_TUNE_STATUS                          Hw_Si47xx.o
                                                  Ap_Radio.o
Hw_Si47xx_CommandResp                             Hw_Si47xx.o
Hw_Si47xx_FM_Config                               Hw_Si47xx.o
                                                  Ap_Radio.o
Hw_Si47xx_FM_SEEK_START                           Hw_Si47xx.o
                                                  Ap_Radio.o
Hw_Si47xx_FM_TUNE_FREQ                            Hw_Si47xx.o
                                                  Ap_Radio.o
Hw_Si47xx_FM_TUNE_STATUS                          Hw_Si47xx.o
                                                  Ap_Radio.o
Hw_Si47xx_GET_INT_STATUS                          Hw_Si47xx.o
Hw_Si47xx_GET_PROPERTY                            Hw_Si47xx.o
                                                  Ap_Radio.o
Hw_Si47xx_Init                                    Hw_Si47xx.o
                                                  Hw.o
                                                  Ap_Radio.o
Hw_Si47xx_LastResp                                Hw_Si47xx.o
Hw_Si47xx_POWER_UP                                Hw_Si47xx.o
Hw_Si47xx_ReadResp                                Hw_Si47xx.o
                                                  Ap_Radio.o
Hw_Si47xx_ReceiveResponse                         Hw_Si47xx.o
Hw_Si47xx_Reset                                   Hw_Si47xx.o
Hw_Si47xx_SET_PROPERTY                            Hw_Si47xx.o
                                                  Ap_Radio.o
Hw_Si47xx_SendCommand                             Hw_Si47xx.o
Hw_Si47xx_WaitForCTS                              Hw_Si47xx.o
Hw_Si47xx_WaitForSTC                              Hw_Si47xx.o
                                                  Ap_Radio.o
Hw_StartUp_Init                                   Hw_StartUp.o
Hw_Timer_Delay_ms                                 Hw_Timer.o
                                                  Hw_N5110G.o
                                                  Hw_Si47xx.o
Hw_Timer_Get_CountValue                           Hw_Timer.o
                                                  Hw_Si47xx.o
Hw_Timer_Get_Handle                               Hw_Timer.o
Hw_Timer_ISR                                      Hw_Timer.o
Hw_Timer_Init                                     Hw_Timer.o
                                                  Hw.o
Hw_Timer_Reset                                    Hw_Timer.o
Hw_Timer_Set                                      Hw_Timer.o
                                                  Hw_N5110G.o
                                                  Ap_GLcdMenu.o
                                                  main.o
Hw_Timer_Setup                                    Hw_Timer.o
Hw_Timer_SetupISR                                 Hw_Timer.o
Hw_Timer_Start                                    Hw_Timer.o
                                                  Hw_N5110G.o
                                                  Ap_GLcdMenu.o
                                                  main.o
Hw_Timer_Stop                                     Hw_Timer.o
                                                  Ap_GLcdMenu.o
Hw_Timer_Tick                                     Hw_Timer.o
Hw_Uart_Ch                                        Hw_Uart.o
Hw_Uart_Getch                                     Hw_Uart.o
Hw_Uart_GetchNoWait                               Hw_Uart.o
Hw_Uart_Init                                      Hw_Uart.o
                                                  Hw.o
Hw_Uart_Open                                      Hw_Uart.o
Hw_Uart_Open_COM1                                 Hw_Uart.o
Hw_Uart_Print                                     Hw_Uart.o
Hw_Uart_PrintEx                                   Hw_Uart.o
Hw_Uart_Putch                                     Hw_Uart.o
Hw_Uart_Q_Buffer                                  Hw_Uart_Q.o
Hw_Uart_Q_End                                     Hw_Uart_Q.o
Hw_Uart_Q_Init                                    Hw_Uart_Q.o
                                                  Hw_Uart.o
Hw_Uart_Q_Pop                                     Hw_Uart_Q.o
                                                  Hw_VCom.o
                                                  Hw_Uart.o
Hw_Uart_Q_Push                                    Hw_Uart_Q.o
                                                  hw_config.o
                                                  Hw_Uart.o
Hw_Uart_Q_PushReady                               Hw_Uart_Q.o
Hw_Uart_Q_Size                                    Hw_Uart_Q.o
Hw_Uart_Q_Start                                   Hw_Uart_Q.o
Hw_VCom_Getch                                     Hw_VCom.o
Hw_VCom_Init                                      Hw_VCom.o
                                                  Hw.o
Hw_VCom_Putch                                     Hw_VCom.o
Hw_Wait                                           Hw.o
                                                  Hw_Si47xx.o
Hw_Wait_Usec                                      Hw.o
                                                  Hw_I2C_SW.o
In0_Process                                       usb_core.o
                                                  usb_int.o
LED_Tick                                          main.o
Lb_Util_PaseArgs                                  Lb_Util.o
Lb_Util_atoi                                      Lb_Util.o
Lb_printf                                         Lb_Printf.o
                                                  Hw_I2C_HW.o
                                                  Ap_GLcdMenu.o
                                                  Ap_RadioMenu.o
Lb_sprintf                                        Lb_Printf.o
                                                  Hw_Uart.o
Lb_vsprintf                                       Lb_Printf.o
                                                  Hw_N5110G.o
Leave_LowPowerMode                                hw_config.o
                                                  usb_pwr.o
NOP_Process                                       usb_core.o
                                                  usb_prop.o
                                                  usb_istr.o
Out0_Process                                      usb_core.o
                                                  usb_int.o
PMAToUserBufferCopy                               usb_mem.o
                                                  usb_sil.o
                                                  usb_core.o
Post0_Process                                     usb_core.o
PowerOff                                          usb_pwr.o
PowerOn                                           usb_pwr.o
                                                  usb_prop.o
Request                                           usb_prop.o
Resume                                            usb_pwr.o
                                                  usb_istr.o
ResumeS                                           usb_pwr.o
Resume_Init                                       usb_pwr.o
SOF_Callback                                      usb_endp.o
                                                  usb_istr.o
SaveRState                                        usb_int.o
                                                  usb_core.o
SaveState                                         usb_init.o
SaveTState                                        usb_int.o
                                                  usb_core.o
SetBTABLE                                         usb_regs.o
                                                  usb_prop.o
SetCNTR                                           usb_regs.o
SetDADDR                                          usb_regs.o
SetDeviceAddress                                  usb_core.o
                                                  usb_prop.o
SetDouBleBuffEPStall                              usb_regs.o
SetENDPOINT                                       usb_regs.o
SetEPAddress                                      usb_regs.o
SetEPCountRxReg                                   usb_regs.o
SetEPDblBuf0Addr                                  usb_regs.o
SetEPDblBuf0Count                                 usb_regs.o
SetEPDblBuf1Addr                                  usb_regs.o
SetEPDblBuf1Count                                 usb_regs.o
SetEPDblBuffAddr                                  usb_regs.o
SetEPDblBuffCount                                 usb_regs.o
SetEPDoubleBuff                                   usb_regs.o
SetEPRxAddr                                       usb_regs.o
                                                  usb_prop.o
SetEPRxCount                                      usb_regs.o
                                                  usb_core.o
                                                  usb_prop.o
SetEPRxStatus                                     usb_regs.o
                                                  usb_prop.o
SetEPRxValid                                      usb_regs.o
                                                  usb_prop.o
                                                  usb_endp.o
SetEPTxAddr                                       usb_regs.o
                                                  usb_prop.o
SetEPTxCount                                      usb_regs.o
                                                  usb_sil.o
                                                  usb_core.o
                                                  hw_config.o
                                                  usb_endp.o
SetEPTxStatus                                     usb_regs.o
                                                  usb_core.o
                                                  usb_prop.o
SetEPTxValid                                      usb_regs.o
                                                  hw_config.o
                                                  usb_endp.o
SetEPType                                         usb_regs.o
                                                  usb_prop.o
SetEP_KIND                                        usb_regs.o
SetISTR                                           usb_regs.o
Set_Status_Out                                    usb_regs.o
Set_System                                        hw_config.o
                                                  Hw_VCom.o
Set_USBClock                                      hw_config.o
                                                  Hw_VCom.o
Setup0_Process                                    usb_core.o
                                                  usb_int.o
Standard_ClearFeature                             usb_core.o
Standard_GetConfiguration                         usb_core.o
Standard_GetDescriptorData                        usb_core.o
                                                  usb_prop.o
Standard_GetInterface                             usb_core.o
Standard_GetStatus                                usb_core.o
Standard_SetConfiguration                         usb_core.o
Standard_SetDeviceFeature                         usb_core.o
Standard_SetEndPointFeature                       usb_core.o
Standard_SetInterface                             usb_core.o
StatusInfo                                        usb_core.o
StrCmp                                            Lb_Printf.o
StrNCmp                                           Lb_Printf.o
StrPrintBufIndex                                  Lb_Printf.o
StrPrintMode                                      Lb_Printf.o
String_Descriptor                                 usb_prop.o
Suspend                                           usb_pwr.o
                                                  usb_istr.o
TimerDebug_Tick                                   Ap_RadioMenu.o
ToWord                                            usb_regs.o
ToggleDTOG_RX                                     usb_regs.o
ToggleDTOG_TX                                     usb_regs.o
USART_Rx_Buffer                                   hw_config.o
                                                  usb_endp.o
USART_Rx_length                                   hw_config.o
                                                  usb_endp.o
USART_Rx_ptr_in                                   hw_config.o
USART_Rx_ptr_out                                  hw_config.o
                                                  usb_endp.o
USART_To_USB_Send_Data                            hw_config.o
USBWakeUp_IRQHandler                              hw_config.o
USB_Cable_Config                                  hw_config.o
                                                  usb_pwr.o
USB_Init                                          usb_init.o
                                                  Hw_VCom.o
USB_Interrupts_Config                             hw_config.o
                                                  Hw_VCom.o
USB_Istr                                          usb_istr.o
                                                  hw_config.o
USB_LP_IRQHandler                                 hw_config.o
USB_Rx_Buffer                                     usb_endp.o
USB_SIL_Init                                      usb_sil.o
                                                  usb_prop.o
USB_SIL_Read                                      usb_sil.o
                                                  usb_endp.o
USB_SIL_Write                                     usb_sil.o
USB_Send_Data                                     hw_config.o
                                                  Hw_VCom.o
USB_To_USART_Send_Data                            hw_config.o
                                                  usb_endp.o
USB_Tx_State                                      hw_config.o
                                                  usb_endp.o
UserToPMABufferCopy                               usb_mem.o
                                                  usb_sil.o
                                                  usb_core.o
                                                  hw_config.o
                                                  usb_endp.o
User_Standard_Requests                            usb_prop.o
                                                  usb_init.o
Virtual_Com_Port_ConfigDescriptor                 usb_desc.o
                                                  usb_prop.o
Virtual_Com_Port_Data_Setup                       usb_prop.o
Virtual_Com_Port_DeviceDescriptor                 usb_desc.o
                                                  usb_prop.o
Virtual_Com_Port_GetConfigDescriptor              usb_prop.o
Virtual_Com_Port_GetDeviceDescriptor              usb_prop.o
Virtual_Com_Port_GetLineCoding                    usb_prop.o
Virtual_Com_Port_GetStringDescriptor              usb_prop.o
Virtual_Com_Port_Get_Interface_Setting            usb_prop.o
Virtual_Com_Port_NoData_Setup                     usb_prop.o
Virtual_Com_Port_Reset                            usb_prop.o
Virtual_Com_Port_SetConfiguration                 usb_prop.o
Virtual_Com_Port_SetDeviceAddress                 usb_prop.o
Virtual_Com_Port_SetLineCoding                    usb_prop.o
Virtual_Com_Port_Status_In                        usb_prop.o
Virtual_Com_Port_Status_Out                       usb_prop.o
Virtual_Com_Port_StringLangID                     usb_desc.o
                                                  usb_prop.o
Virtual_Com_Port_StringProduct                    usb_desc.o
                                                  usb_prop.o
Virtual_Com_Port_StringSerial                     usb_desc.o
                                                  hw_config.o
                                                  usb_prop.o
Virtual_Com_Port_StringVendor                     usb_desc.o
                                                  usb_prop.o
Virtual_Com_Port_init                             usb_prop.o
__WFI                                             hw_config.o
                                                  usb_pwr.o
__errno                                           /Users/imac/Develop/stm32f4/arm_gcc/gcc-arm-none-eabi-4_7-2013q3/bin/../lib/gcc/arm-none-eabi/4.7.4/../../../../arm-none-eabi/lib/armv7-m/libc.a(lib_a-errno.o)
                                                  Lb_Util.o
__get_MSP                                         Lb_Util.o
__strtok_r                                        /Users/imac/Develop/stm32f4/arm_gcc/gcc-arm-none-eabi-4_7-2013q3/bin/../lib/gcc/arm-none-eabi/4.7.4/../../../../arm-none-eabi/lib/armv7-m/libc.a(lib_a-strtok_r.o)
                                                  /Users/imac/Develop/stm32f4/arm_gcc/gcc-arm-none-eabi-4_7-2013q3/bin/../lib/gcc/arm-none-eabi/4.7.4/../../../../arm-none-eabi/lib/armv7-m/libc.a(lib_a-strtok.o)
_ebss                                             Hw_StartUp.o
                                                  Lb_Util.o
_edata                                            Hw_StartUp.o
_estack                                           Hw_StartUp.o
_global_impure_ptr                                /Users/imac/Develop/stm32f4/arm_gcc/gcc-arm-none-eabi-4_7-2013q3/bin/../lib/gcc/arm-none-eabi/4.7.4/../../../../arm-none-eabi/lib/armv7-m/libc.a(lib_a-impure.o)
_impure_ptr                                       /Users/imac/Develop/stm32f4/arm_gcc/gcc-arm-none-eabi-4_7-2013q3/bin/../lib/gcc/arm-none-eabi/4.7.4/../../../../arm-none-eabi/lib/armv7-m/libc.a(lib_a-impure.o)
                                                  /Users/imac/Develop/stm32f4/arm_gcc/gcc-arm-none-eabi-4_7-2013q3/bin/../lib/gcc/arm-none-eabi/4.7.4/../../../../arm-none-eabi/lib/armv7-m/libc.a(lib_a-strtok.o)
                                                  /Users/imac/Develop/stm32f4/arm_gcc/gcc-arm-none-eabi-4_7-2013q3/bin/../lib/gcc/arm-none-eabi/4.7.4/../../../../arm-none-eabi/lib/armv7-m/libc.a(lib_a-errno.o)
_sbrk                                             Lb_Util.o
_sbss                                             Hw_StartUp.o
_sdata                                            Hw_StartUp.o
_sidata                                           Hw_StartUp.o
bDeviceState                                      usb_pwr.o
                                                  hw_config.o
                                                  usb_prop.o
                                                  usb_endp.o
bIntPackSOF                                       usb_istr.o
delay                                             Lb_Util.o
delay_second                                      Lb_Util.o
esof_counter                                      usb_istr.o
fSuspendEnabled                                   usb_pwr.o
                                                  usb_istr.o
g_pfnVectors                                      Hw_StartUp.o
get_byte                                          Hw_Uart.o
                                                  Ap_GLcdMenu.o
                                                  Ap_RadioMenu.o
linecoding                                        usb_prop.o
main                                              main.o
                                                  Hw_StartUp.o
pEpInt_IN                                         usb_istr.o
                                                  usb_int.o
pEpInt_OUT                                        usb_istr.o
                                                  usb_int.o
pInformation                                      usb_init.o
                                                  usb_core.o
                                                  usb_prop.o
pProperty                                         usb_init.o
                                                  usb_core.o
pStrPrintBuf                                      Lb_Printf.o
pUser_Standard_Requests                           usb_init.o
                                                  usb_core.o
print_byte                                        Hw_Uart.o
                                                  Lb_Printf.o
print_byte_out                                    Lb_Printf.o
remotewakeupon                                    usb_pwr.o
strtok                                            /Users/imac/Develop/stm32f4/arm_gcc/gcc-arm-none-eabi-4_7-2013q3/bin/../lib/gcc/arm-none-eabi/4.7.4/../../../../arm-none-eabi/lib/armv7-m/libc.a(lib_a-strtok.o)
                                                  Lb_Util.o
strtok_r                                          /Users/imac/Develop/stm32f4/arm_gcc/gcc-arm-none-eabi-4_7-2013q3/bin/../lib/gcc/arm-none-eabi/4.7.4/../../../../arm-none-eabi/lib/armv7-m/libc.a(lib_a-strtok_r.o)
wCNTR                                             usb_istr.o
wInterrupt_Mask                                   usb_sil.o
                                                  usb_init.o
                                                  usb_pwr.o
                                                  usb_istr.o
wIstr                                             usb_int.o
                                                  usb_istr.o
